Restormer model not found. Restormer preprocessing will be disabled.
##DEBUG: Found FRNet
##DEBUG: Found RoiNet
##DEBUG: Found RoiNet
##DEBUG: Found RoiNet
##DEBUG: Found RoiNet
##DEBUG: Found RoiNet
##DEBUG: Found RoiNet
##DEBUG: Found RoiNet
##DEBUG: Found RoiNet_1bottleneck
##DEBUG: Found RoiNet_3bottleneck
##DEBUG: Found RoiNetTest1bottleneck
##DEBUG: Found RoiNetTest3bottleneck
##DEBUG: Found RoiNetTest2bottleneck
##DEBUG: Found RoiNetTest1bottleneck
##DEBUG: Found RoiNetTest3bottleneck
##DEBUG: Found RoiNetTest2bottleneck
##DEBUG: Found RoiNetNoSkip
##DEBUG: Found RoiNetSumFusion
##DEBUG: Found RoiNetAttnSkip
##DEBUG: Found RoiNetResSkip
##DEBUG: Found RoiNetConcatPlus
##DEBUG: Found RoiNetMultiSkip
Available Models: ['FRNet', 'RoiNet11', 'RoiNet9', 'RoiNet9_plusk', 'RoiNet7', 'RoiNet5', 'RoiNet3', 'RoiNetR', 'RoiNet_1bottleneck_residual', 'RoiNet_3bottleneck_residual', 'RoiNetTest1bottleneck_residual', 'RoiNetTest3bottleneck_residual', 'RoiNetTest2bottleneck_residual', 'RoiNetTest1bottleneck_simple', 'RoiNetTest3bottleneck_simple', 'RoiNetTest2bottleneck_simple', 'RoiNetNoSkip', 'RoiNetSumFusion', 'RoiNetAttnSkip', 'RoiNetResSkip', 'RoiNetConcatPlus', 'RoiNetMultiSkip']
Datasets_library: {'FIVES512': {'paths': {'train': 'dataset/FIVES512/train', 'val': 'dataset/FIVES512/val', 'test': 'dataset/FIVES512/test'}, 'preprocessing': {'start': 0, 'end': 1}}, 'FIVES': {'paths': {'train': 'dataset/FIVES/train', 'val': 'dataset/FIVES/val', 'test': 'dataset/FIVES/test'}, 'preprocessing': {'start': 0, 'end': 1}}}
USING CHANNELS = 3
Available Datasets: ['FIVES512', 'FIVES']

All datasets: {'FIVES512': {'train': <ds.dataset.SegmentationDataset object at 0x146688a81fd0>, 'val': <ds.dataset.SegmentationDataset object at 0x146688a8d990>, 'test': <ds.dataset.SegmentationDataset object at 0x146688a90250>}, 'FIVES': {'train': <ds.dataset.SegmentationDataset object at 0x146688a91cd0>, 'val': <ds.dataset.SegmentationDataset object at 0x146688a6f710>, 'test': <ds.dataset.SegmentationDataset object at 0x146688a715d0>}}
Dataset a usar: {'train': <ds.dataset.SegmentationDataset object at 0x146688a91cd0>, 'val': <ds.dataset.SegmentationDataset object at 0x146688a6f710>, 'test': <ds.dataset.SegmentationDataset object at 0x146688a715d0>}
Configuración de Entrenamiento:
  Model: RoiNetMultiSkip
  Dataset: FIVES
  Config File: code/config/config.json
  Epochs: 300
  Thresh Value: 100
  Batch Size: 1
  Num Workers: 32
  Learning Rate: 0.0001
  Weight Decay: 0.001
  Loss Function: Dice
  Loss Alpha: 0.2
  Loss Beta: 0.8
  Loss Gamma: 0.5
  Logging Enabled: True
  Output Prefix: OwnClass_RoiNetMultiSkip_
  Augmentation Config: {'enabled': True, 'geometric': False, 'elastic': False, 'intensity_and_color': False, 'gamma': False, 'noise': False, 'otrosfives': True}
  Restormer Enabled: False
  Output Directory: run_benchmark_runs/OwnClass_RoiNetMultiSkip_result_2025-03-19_19-03-07
Parameters logged to: run_benchmark_runs/OwnClass_RoiNetMultiSkip_result_2025-03-19_19-03-07/parameters_FIVES_RoiNetMultiSkip_Dice_True_False.log

Modelo cargado en GPU: RoiNetMultiSkip(
  (dict_module): ModuleDict(
    (conv0): ResidualBlock(
      (conv1): Conv2d(3, 32, kernel_size=(9, 9), stride=(1, 1), padding=(4, 4), bias=False)
      (bn1): BatchNorm2d(32, eps=1e-05, momentum=0.1, affine=True, track_running_stats=True)
      (the_bn1): BatchNorm2d(3, eps=1e-05, momentum=0.1, affine=True, track_running_stats=True)
      (conv2): Conv2d(32, 32, kernel_size=(9, 9), stride=(1, 1), padding=(4, 4), bias=False)
      (bn2): BatchNorm2d(32, eps=1e-05, momentum=0.1, affine=True, track_running_stats=True)
      (shortcut): Sequential(
        (0): Conv2d(3, 32, kernel_size=(1, 1), stride=(1, 1), bias=False)
        (1): BatchNorm2d(32, eps=1e-05, momentum=0.1, affine=True, track_running_stats=True)
      )
    )
    (conv1): ResidualBlock(
      (conv1): Conv2d(32, 64, kernel_size=(9, 9), stride=(1, 1), padding=(4, 4), bias=False)
      (bn1): BatchNorm2d(64, eps=1e-05, momentum=0.1, affine=True, track_running_stats=True)
      (the_bn1): BatchNorm2d(32, eps=1e-05, momentum=0.1, affine=True, track_running_stats=True)
      (conv2): Conv2d(64, 64, kernel_size=(9, 9), stride=(1, 1), padding=(4, 4), bias=False)
      (bn2): BatchNorm2d(64, eps=1e-05, momentum=0.1, affine=True, track_running_stats=True)
      (shortcut): Sequential(
        (0): Conv2d(32, 64, kernel_size=(1, 1), stride=(1, 1), bias=False)
        (1): BatchNorm2d(64, eps=1e-05, momentum=0.1, affine=True, track_running_stats=True)
      )
    )
    (pool1): Sequential(
      (0): MaxPool2d(kernel_size=2, stride=2, padding=0, dilation=1, ceil_mode=False)
      (1): Conv2d(64, 128, kernel_size=(1, 1), stride=(1, 1))
    )
    (conv2): ResidualBlock(
      (conv1): Conv2d(128, 128, kernel_size=(9, 9), stride=(1, 1), padding=(4, 4), bias=False)
      (bn1): BatchNorm2d(128, eps=1e-05, momentum=0.1, affine=True, track_running_stats=True)
      (the_bn1): BatchNorm2d(128, eps=1e-05, momentum=0.1, affine=True, track_running_stats=True)
      (conv2): Conv2d(128, 128, kernel_size=(9, 9), stride=(1, 1), padding=(4, 4), bias=False)
      (bn2): BatchNorm2d(128, eps=1e-05, momentum=0.1, affine=True, track_running_stats=True)
      (shortcut): Sequential()
    )
    (pool2): Sequential(
      (0): MaxPool2d(kernel_size=2, stride=2, padding=0, dilation=1, ceil_mode=False)
      (1): Conv2d(128, 256, kernel_size=(1, 1), stride=(1, 1))
    )
    (bottle1): ResidualBlock(
      (conv1): Conv2d(256, 256, kernel_size=(9, 9), stride=(1, 1), padding=(4, 4), bias=False)
      (bn1): BatchNorm2d(256, eps=1e-05, momentum=0.1, affine=True, track_running_stats=True)
      (the_bn1): BatchNorm2d(256, eps=1e-05, momentum=0.1, affine=True, track_running_stats=True)
      (conv2): Conv2d(256, 256, kernel_size=(9, 9), stride=(1, 1), padding=(4, 4), bias=False)
      (bn2): BatchNorm2d(256, eps=1e-05, momentum=0.1, affine=True, track_running_stats=True)
      (shortcut): Sequential()
    )
    (bottle2): ResidualBlock(
      (conv1): Conv2d(256, 256, kernel_size=(9, 9), stride=(1, 1), padding=(4, 4), bias=False)
      (bn1): BatchNorm2d(256, eps=1e-05, momentum=0.1, affine=True, track_running_stats=True)
      (the_bn1): BatchNorm2d(256, eps=1e-05, momentum=0.1, affine=True, track_running_stats=True)
      (conv2): Conv2d(256, 256, kernel_size=(9, 9), stride=(1, 1), padding=(4, 4), bias=False)
      (bn2): BatchNorm2d(256, eps=1e-05, momentum=0.1, affine=True, track_running_stats=True)
      (shortcut): Sequential()
    )
    (merge2): Sequential(
      (0): Conv2d(512, 256, kernel_size=(3, 3), stride=(1, 1), padding=(1, 1), bias=False)
      (1): BatchNorm2d(256, eps=1e-05, momentum=0.1, affine=True, track_running_stats=True)
      (2): ReLU(inplace=True)
    )
    (conv3): ResidualBlock(
      (conv1): Conv2d(256, 128, kernel_size=(9, 9), stride=(1, 1), padding=(4, 4), bias=False)
      (bn1): BatchNorm2d(128, eps=1e-05, momentum=0.1, affine=True, track_running_stats=True)
      (the_bn1): BatchNorm2d(256, eps=1e-05, momentum=0.1, affine=True, track_running_stats=True)
      (conv2): Conv2d(128, 128, kernel_size=(9, 9), stride=(1, 1), padding=(4, 4), bias=False)
      (bn2): BatchNorm2d(128, eps=1e-05, momentum=0.1, affine=True, track_running_stats=True)
      (shortcut): Sequential(
        (0): Conv2d(256, 128, kernel_size=(1, 1), stride=(1, 1), bias=False)
        (1): BatchNorm2d(128, eps=1e-05, momentum=0.1, affine=True, track_running_stats=True)
      )
    )
    (up3): Sequential(
      (0): ConvTranspose2d(128, 64, kernel_size=(2, 2), stride=(2, 2))
    )
    (merge3): Sequential(
      (0): Conv2d(224, 64, kernel_size=(3, 3), stride=(1, 1), padding=(1, 1), bias=False)
      (1): BatchNorm2d(64, eps=1e-05, momentum=0.1, affine=True, track_running_stats=True)
      (2): ReLU(inplace=True)
    )
    (conv4): ResidualBlock(
      (conv1): Conv2d(64, 64, kernel_size=(9, 9), stride=(1, 1), padding=(4, 4), bias=False)
      (bn1): BatchNorm2d(64, eps=1e-05, momentum=0.1, affine=True, track_running_stats=True)
      (the_bn1): BatchNorm2d(64, eps=1e-05, momentum=0.1, affine=True, track_running_stats=True)
      (conv2): Conv2d(64, 64, kernel_size=(9, 9), stride=(1, 1), padding=(4, 4), bias=False)
      (bn2): BatchNorm2d(64, eps=1e-05, momentum=0.1, affine=True, track_running_stats=True)
      (shortcut): Sequential()
    )
    (up4): Sequential(
      (0): ConvTranspose2d(64, 32, kernel_size=(2, 2), stride=(2, 2))
    )
    (merge4): Sequential(
      (0): Conv2d(64, 32, kernel_size=(3, 3), stride=(1, 1), padding=(1, 1), bias=False)
      (1): BatchNorm2d(32, eps=1e-05, momentum=0.1, affine=True, track_running_stats=True)
      (2): ReLU(inplace=True)
    )
    (conv5): ResidualBlock(
      (conv1): Conv2d(32, 32, kernel_size=(9, 9), stride=(1, 1), padding=(4, 4), bias=False)
      (bn1): BatchNorm2d(32, eps=1e-05, momentum=0.1, affine=True, track_running_stats=True)
      (the_bn1): BatchNorm2d(32, eps=1e-05, momentum=0.1, affine=True, track_running_stats=True)
      (conv2): Conv2d(32, 32, kernel_size=(9, 9), stride=(1, 1), padding=(4, 4), bias=False)
      (bn2): BatchNorm2d(32, eps=1e-05, momentum=0.1, affine=True, track_running_stats=True)
      (shortcut): Sequential()
    )
    (final): Sequential(
      (0): Conv2d(32, 1, kernel_size=(1, 1), stride=(1, 1), bias=False)
      (1): Sigmoid()
    )
  )
  (proj_out0): MaxPool2d(kernel_size=2, stride=2, padding=0, dilation=1, ceil_mode=False)
)
- Parámetros totales: 30738502
- Memoria ocupada por modelo en GPU: 117.26 MB

==== Memoria GPU - Después de cargar el modelo en GPU ====
GPU 0 - Total: 40442.4 MB | Allocated: 118.3 MB | Cached: 144.0 MB


USING: Dice

==== Memoria GPU - Inicio de época ====
GPU 0 - Total: 40442.4 MB | Allocated: 118.3 MB | Cached: 144.0 MB


==== Memoria GPU - Inicio de época ====
GPU 0 - Total: 40442.4 MB | Allocated: 475.2 MB | Cached: 32274.0 MB

Validation Dice: 0.7295069756276082 for Model: RoiNetMultiSkip_Dice
New best dice found, evaluating on test set...

==== Memoria GPU - Inicio de época ====
GPU 0 - Total: 40442.4 MB | Allocated: 475.2 MB | Cached: 32274.0 MB


==== Memoria GPU - Inicio de época ====
GPU 0 - Total: 40442.4 MB | Allocated: 475.2 MB | Cached: 3302.0 MB


==== Memoria GPU - Inicio de época ====
GPU 0 - Total: 40442.4 MB | Allocated: 475.2 MB | Cached: 32558.0 MB

Validation Dice: 0.7267268128273827 for Model: RoiNetMultiSkip_Dice

==== Memoria GPU - Inicio de época ====
GPU 0 - Total: 40442.4 MB | Allocated: 475.2 MB | Cached: 3302.0 MB


==== Memoria GPU - Inicio de época ====
GPU 0 - Total: 40442.4 MB | Allocated: 475.2 MB | Cached: 32558.0 MB

Validation Dice: 0.7539844252004211 for Model: RoiNetMultiSkip_Dice
New best dice found, evaluating on test set...

==== Memoria GPU - Inicio de época ====
GPU 0 - Total: 40442.4 MB | Allocated: 475.2 MB | Cached: 32558.0 MB


==== Memoria GPU - Inicio de época ====
GPU 0 - Total: 40442.4 MB | Allocated: 475.2 MB | Cached: 3302.0 MB


==== Memoria GPU - Inicio de época ====
GPU 0 - Total: 40442.4 MB | Allocated: 475.2 MB | Cached: 32558.0 MB

Validation Dice: 0.7510888353450316 for Model: RoiNetMultiSkip_Dice

==== Memoria GPU - Inicio de época ====
GPU 0 - Total: 40442.4 MB | Allocated: 475.2 MB | Cached: 3302.0 MB


==== Memoria GPU - Inicio de época ====
GPU 0 - Total: 40442.4 MB | Allocated: 475.2 MB | Cached: 32558.0 MB

Validation Dice: 0.8041506898570047 for Model: RoiNetMultiSkip_Dice
New best dice found, evaluating on test set...

==== Memoria GPU - Inicio de época ====
GPU 0 - Total: 40442.4 MB | Allocated: 475.2 MB | Cached: 32558.0 MB


==== Memoria GPU - Inicio de época ====
GPU 0 - Total: 40442.4 MB | Allocated: 475.2 MB | Cached: 3302.0 MB


==== Memoria GPU - Inicio de época ====
GPU 0 - Total: 40442.4 MB | Allocated: 475.2 MB | Cached: 32558.0 MB

Validation Dice: 0.8015218271028075 for Model: RoiNetMultiSkip_Dice

==== Memoria GPU - Inicio de época ====
GPU 0 - Total: 40442.4 MB | Allocated: 475.2 MB | Cached: 3302.0 MB


==== Memoria GPU - Inicio de época ====
GPU 0 - Total: 40442.4 MB | Allocated: 475.2 MB | Cached: 32558.0 MB

Validation Dice: 0.7870815948773583 for Model: RoiNetMultiSkip_Dice

==== Memoria GPU - Inicio de época ====
GPU 0 - Total: 40442.4 MB | Allocated: 475.2 MB | Cached: 3302.0 MB


==== Memoria GPU - Inicio de época ====
GPU 0 - Total: 40442.4 MB | Allocated: 475.2 MB | Cached: 32558.0 MB

Validation Dice: 0.7034501823553285 for Model: RoiNetMultiSkip_Dice

==== Memoria GPU - Inicio de época ====
GPU 0 - Total: 40442.4 MB | Allocated: 475.2 MB | Cached: 3302.0 MB


==== Memoria GPU - Inicio de época ====
GPU 0 - Total: 40442.4 MB | Allocated: 475.2 MB | Cached: 32558.0 MB

Validation Dice: 0.7568146974106945 for Model: RoiNetMultiSkip_Dice

==== Memoria GPU - Inicio de época ====
GPU 0 - Total: 40442.4 MB | Allocated: 475.2 MB | Cached: 3302.0 MB


==== Memoria GPU - Inicio de época ====
GPU 0 - Total: 40442.4 MB | Allocated: 475.2 MB | Cached: 32558.0 MB

Validation Dice: 0.770445296767709 for Model: RoiNetMultiSkip_Dice

==== Memoria GPU - Inicio de época ====
GPU 0 - Total: 40442.4 MB | Allocated: 475.2 MB | Cached: 3302.0 MB


==== Memoria GPU - Inicio de época ====
GPU 0 - Total: 40442.4 MB | Allocated: 475.2 MB | Cached: 32558.0 MB

Validation Dice: 0.8034449991387959 for Model: RoiNetMultiSkip_Dice

==== Memoria GPU - Inicio de época ====
GPU 0 - Total: 40442.4 MB | Allocated: 475.2 MB | Cached: 3302.0 MB


==== Memoria GPU - Inicio de época ====
GPU 0 - Total: 40442.4 MB | Allocated: 475.2 MB | Cached: 32558.0 MB

Validation Dice: 0.7917373911859483 for Model: RoiNetMultiSkip_Dice

==== Memoria GPU - Inicio de época ====
GPU 0 - Total: 40442.4 MB | Allocated: 475.2 MB | Cached: 3302.0 MB


==== Memoria GPU - Inicio de época ====
GPU 0 - Total: 40442.4 MB | Allocated: 475.2 MB | Cached: 32558.0 MB

Validation Dice: 0.7910911893144451 for Model: RoiNetMultiSkip_Dice

==== Memoria GPU - Inicio de época ====
GPU 0 - Total: 40442.4 MB | Allocated: 475.2 MB | Cached: 3302.0 MB


==== Memoria GPU - Inicio de época ====
GPU 0 - Total: 40442.4 MB | Allocated: 475.2 MB | Cached: 32558.0 MB

Validation Dice: 0.8271864120572654 for Model: RoiNetMultiSkip_Dice
New best dice found, evaluating on test set...

==== Memoria GPU - Inicio de época ====
GPU 0 - Total: 40442.4 MB | Allocated: 475.2 MB | Cached: 32558.0 MB


==== Memoria GPU - Inicio de época ====
GPU 0 - Total: 40442.4 MB | Allocated: 475.2 MB | Cached: 3302.0 MB


==== Memoria GPU - Inicio de época ====
GPU 0 - Total: 40442.4 MB | Allocated: 475.2 MB | Cached: 32558.0 MB

Validation Dice: 0.8222268831223704 for Model: RoiNetMultiSkip_Dice

==== Memoria GPU - Inicio de época ====
GPU 0 - Total: 40442.4 MB | Allocated: 475.2 MB | Cached: 3302.0 MB


==== Memoria GPU - Inicio de época ====
GPU 0 - Total: 40442.4 MB | Allocated: 475.2 MB | Cached: 32558.0 MB

Validation Dice: 0.7951086318313817 for Model: RoiNetMultiSkip_Dice

==== Memoria GPU - Inicio de época ====
GPU 0 - Total: 40442.4 MB | Allocated: 475.2 MB | Cached: 3302.0 MB


==== Memoria GPU - Inicio de época ====
GPU 0 - Total: 40442.4 MB | Allocated: 475.2 MB | Cached: 32558.0 MB

Validation Dice: 0.6603068884065759 for Model: RoiNetMultiSkip_Dice

==== Memoria GPU - Inicio de época ====
GPU 0 - Total: 40442.4 MB | Allocated: 475.2 MB | Cached: 3302.0 MB


==== Memoria GPU - Inicio de época ====
GPU 0 - Total: 40442.4 MB | Allocated: 475.2 MB | Cached: 32558.0 MB

Validation Dice: 0.821613552865937 for Model: RoiNetMultiSkip_Dice

==== Memoria GPU - Inicio de época ====
GPU 0 - Total: 40442.4 MB | Allocated: 475.2 MB | Cached: 3302.0 MB


==== Memoria GPU - Inicio de época ====
GPU 0 - Total: 40442.4 MB | Allocated: 475.2 MB | Cached: 32558.0 MB

Validation Dice: 0.7934880534030332 for Model: RoiNetMultiSkip_Dice

==== Memoria GPU - Inicio de época ====
GPU 0 - Total: 40442.4 MB | Allocated: 475.2 MB | Cached: 3302.0 MB


==== Memoria GPU - Inicio de época ====
GPU 0 - Total: 40442.4 MB | Allocated: 475.2 MB | Cached: 32558.0 MB

Validation Dice: 0.8122226935233627 for Model: RoiNetMultiSkip_Dice

==== Memoria GPU - Inicio de época ====
GPU 0 - Total: 40442.4 MB | Allocated: 475.2 MB | Cached: 3302.0 MB


==== Memoria GPU - Inicio de época ====
GPU 0 - Total: 40442.4 MB | Allocated: 475.2 MB | Cached: 32558.0 MB

Validation Dice: 0.777573203236882 for Model: RoiNetMultiSkip_Dice

==== Memoria GPU - Inicio de época ====
GPU 0 - Total: 40442.4 MB | Allocated: 475.2 MB | Cached: 3302.0 MB


==== Memoria GPU - Inicio de época ====
GPU 0 - Total: 40442.4 MB | Allocated: 475.2 MB | Cached: 32558.0 MB

Validation Dice: 0.7395215394755373 for Model: RoiNetMultiSkip_Dice

==== Memoria GPU - Inicio de época ====
GPU 0 - Total: 40442.4 MB | Allocated: 475.2 MB | Cached: 3302.0 MB


==== Memoria GPU - Inicio de época ====
GPU 0 - Total: 40442.4 MB | Allocated: 475.2 MB | Cached: 32558.0 MB

Validation Dice: 0.8275346047929804 for Model: RoiNetMultiSkip_Dice
New best dice found, evaluating on test set...

==== Memoria GPU - Inicio de época ====
GPU 0 - Total: 40442.4 MB | Allocated: 475.2 MB | Cached: 32558.0 MB


==== Memoria GPU - Inicio de época ====
GPU 0 - Total: 40442.4 MB | Allocated: 475.2 MB | Cached: 3302.0 MB


==== Memoria GPU - Inicio de época ====
GPU 0 - Total: 40442.4 MB | Allocated: 475.2 MB | Cached: 32558.0 MB

Validation Dice: 0.775876436670312 for Model: RoiNetMultiSkip_Dice

==== Memoria GPU - Inicio de época ====
GPU 0 - Total: 40442.4 MB | Allocated: 475.2 MB | Cached: 3302.0 MB


==== Memoria GPU - Inicio de época ====
GPU 0 - Total: 40442.4 MB | Allocated: 475.2 MB | Cached: 32558.0 MB

Validation Dice: 0.827964502845829 for Model: RoiNetMultiSkip_Dice
New best dice found, evaluating on test set...

==== Memoria GPU - Inicio de época ====
GPU 0 - Total: 40442.4 MB | Allocated: 475.2 MB | Cached: 32558.0 MB


==== Memoria GPU - Inicio de época ====
GPU 0 - Total: 40442.4 MB | Allocated: 475.2 MB | Cached: 3302.0 MB


==== Memoria GPU - Inicio de época ====
GPU 0 - Total: 40442.4 MB | Allocated: 475.2 MB | Cached: 32558.0 MB

Validation Dice: 0.8468129651624942 for Model: RoiNetMultiSkip_Dice
New best dice found, evaluating on test set...

==== Memoria GPU - Inicio de época ====
GPU 0 - Total: 40442.4 MB | Allocated: 475.2 MB | Cached: 32558.0 MB


==== Memoria GPU - Inicio de época ====
GPU 0 - Total: 40442.4 MB | Allocated: 475.2 MB | Cached: 3302.0 MB


==== Memoria GPU - Inicio de época ====
GPU 0 - Total: 40442.4 MB | Allocated: 475.2 MB | Cached: 32558.0 MB

Validation Dice: 0.8201558425272856 for Model: RoiNetMultiSkip_Dice

==== Memoria GPU - Inicio de época ====
GPU 0 - Total: 40442.4 MB | Allocated: 475.2 MB | Cached: 3302.0 MB


==== Memoria GPU - Inicio de época ====
GPU 0 - Total: 40442.4 MB | Allocated: 475.2 MB | Cached: 32558.0 MB

Validation Dice: 0.8432766108256626 for Model: RoiNetMultiSkip_Dice

==== Memoria GPU - Inicio de época ====
GPU 0 - Total: 40442.4 MB | Allocated: 475.2 MB | Cached: 3302.0 MB


==== Memoria GPU - Inicio de época ====
GPU 0 - Total: 40442.4 MB | Allocated: 475.2 MB | Cached: 32558.0 MB

Validation Dice: 0.8341670487668409 for Model: RoiNetMultiSkip_Dice

==== Memoria GPU - Inicio de época ====
GPU 0 - Total: 40442.4 MB | Allocated: 475.2 MB | Cached: 3302.0 MB


==== Memoria GPU - Inicio de época ====
GPU 0 - Total: 40442.4 MB | Allocated: 475.2 MB | Cached: 32558.0 MB

Validation Dice: 0.7987401585918115 for Model: RoiNetMultiSkip_Dice

==== Memoria GPU - Inicio de época ====
GPU 0 - Total: 40442.4 MB | Allocated: 475.2 MB | Cached: 3302.0 MB


==== Memoria GPU - Inicio de época ====
GPU 0 - Total: 40442.4 MB | Allocated: 475.2 MB | Cached: 32558.0 MB

Validation Dice: 0.830150076347505 for Model: RoiNetMultiSkip_Dice

==== Memoria GPU - Inicio de época ====
GPU 0 - Total: 40442.4 MB | Allocated: 475.2 MB | Cached: 3302.0 MB


==== Memoria GPU - Inicio de época ====
GPU 0 - Total: 40442.4 MB | Allocated: 475.2 MB | Cached: 32558.0 MB

Validation Dice: 0.8108912817239108 for Model: RoiNetMultiSkip_Dice

==== Memoria GPU - Inicio de época ====
GPU 0 - Total: 40442.4 MB | Allocated: 475.2 MB | Cached: 3302.0 MB


==== Memoria GPU - Inicio de época ====
GPU 0 - Total: 40442.4 MB | Allocated: 475.2 MB | Cached: 32558.0 MB

Validation Dice: 0.8251988057118628 for Model: RoiNetMultiSkip_Dice

==== Memoria GPU - Inicio de época ====
GPU 0 - Total: 40442.4 MB | Allocated: 475.2 MB | Cached: 3302.0 MB


==== Memoria GPU - Inicio de época ====
GPU 0 - Total: 40442.4 MB | Allocated: 475.2 MB | Cached: 32558.0 MB

Validation Dice: 0.8121470676023789 for Model: RoiNetMultiSkip_Dice

==== Memoria GPU - Inicio de época ====
GPU 0 - Total: 40442.4 MB | Allocated: 475.2 MB | Cached: 3302.0 MB


==== Memoria GPU - Inicio de época ====
GPU 0 - Total: 40442.4 MB | Allocated: 475.2 MB | Cached: 32558.0 MB

Validation Dice: 0.8191302730639651 for Model: RoiNetMultiSkip_Dice

==== Memoria GPU - Inicio de época ====
GPU 0 - Total: 40442.4 MB | Allocated: 475.2 MB | Cached: 3302.0 MB


==== Memoria GPU - Inicio de época ====
GPU 0 - Total: 40442.4 MB | Allocated: 475.2 MB | Cached: 32558.0 MB

Validation Dice: 0.8273746879318975 for Model: RoiNetMultiSkip_Dice

==== Memoria GPU - Inicio de época ====
GPU 0 - Total: 40442.4 MB | Allocated: 475.2 MB | Cached: 3302.0 MB


==== Memoria GPU - Inicio de época ====
GPU 0 - Total: 40442.4 MB | Allocated: 475.2 MB | Cached: 32558.0 MB

Validation Dice: 0.8314213282499295 for Model: RoiNetMultiSkip_Dice

==== Memoria GPU - Inicio de época ====
GPU 0 - Total: 40442.4 MB | Allocated: 475.2 MB | Cached: 3302.0 MB


==== Memoria GPU - Inicio de época ====
GPU 0 - Total: 40442.4 MB | Allocated: 475.2 MB | Cached: 32558.0 MB

Validation Dice: 0.8202296466992341 for Model: RoiNetMultiSkip_Dice

==== Memoria GPU - Inicio de época ====
GPU 0 - Total: 40442.4 MB | Allocated: 475.2 MB | Cached: 3302.0 MB


==== Memoria GPU - Inicio de época ====
GPU 0 - Total: 40442.4 MB | Allocated: 475.2 MB | Cached: 32558.0 MB

Validation Dice: 0.8378296583353207 for Model: RoiNetMultiSkip_Dice

==== Memoria GPU - Inicio de época ====
GPU 0 - Total: 40442.4 MB | Allocated: 475.2 MB | Cached: 3302.0 MB


==== Memoria GPU - Inicio de época ====
GPU 0 - Total: 40442.4 MB | Allocated: 475.2 MB | Cached: 32558.0 MB

Validation Dice: 0.8355207990701863 for Model: RoiNetMultiSkip_Dice

==== Memoria GPU - Inicio de época ====
GPU 0 - Total: 40442.4 MB | Allocated: 475.2 MB | Cached: 3302.0 MB


==== Memoria GPU - Inicio de época ====
GPU 0 - Total: 40442.4 MB | Allocated: 475.2 MB | Cached: 32558.0 MB

Validation Dice: 0.8323077368742029 for Model: RoiNetMultiSkip_Dice

==== Memoria GPU - Inicio de época ====
GPU 0 - Total: 40442.4 MB | Allocated: 475.2 MB | Cached: 3302.0 MB


==== Memoria GPU - Inicio de época ====
GPU 0 - Total: 40442.4 MB | Allocated: 475.2 MB | Cached: 32558.0 MB

Validation Dice: 0.8197208693276785 for Model: RoiNetMultiSkip_Dice

==== Memoria GPU - Inicio de época ====
GPU 0 - Total: 40442.4 MB | Allocated: 475.2 MB | Cached: 3302.0 MB


==== Memoria GPU - Inicio de época ====
GPU 0 - Total: 40442.4 MB | Allocated: 475.2 MB | Cached: 32558.0 MB

Validation Dice: 0.8293093373653975 for Model: RoiNetMultiSkip_Dice

==== Memoria GPU - Inicio de época ====
GPU 0 - Total: 40442.4 MB | Allocated: 475.2 MB | Cached: 3302.0 MB


==== Memoria GPU - Inicio de época ====
GPU 0 - Total: 40442.4 MB | Allocated: 475.2 MB | Cached: 32558.0 MB

Validation Dice: 0.8509303893678418 for Model: RoiNetMultiSkip_Dice
New best dice found, evaluating on test set...

==== Memoria GPU - Inicio de época ====
GPU 0 - Total: 40442.4 MB | Allocated: 475.2 MB | Cached: 32558.0 MB


==== Memoria GPU - Inicio de época ====
GPU 0 - Total: 40442.4 MB | Allocated: 475.2 MB | Cached: 3302.0 MB


==== Memoria GPU - Inicio de época ====
GPU 0 - Total: 40442.4 MB | Allocated: 475.2 MB | Cached: 32558.0 MB

Validation Dice: 0.8053998105818729 for Model: RoiNetMultiSkip_Dice

==== Memoria GPU - Inicio de época ====
GPU 0 - Total: 40442.4 MB | Allocated: 475.2 MB | Cached: 3302.0 MB


==== Memoria GPU - Inicio de época ====
GPU 0 - Total: 40442.4 MB | Allocated: 475.2 MB | Cached: 32558.0 MB

Validation Dice: 0.8402300401164166 for Model: RoiNetMultiSkip_Dice

==== Memoria GPU - Inicio de época ====
GPU 0 - Total: 40442.4 MB | Allocated: 475.2 MB | Cached: 3302.0 MB


==== Memoria GPU - Inicio de época ====
GPU 0 - Total: 40442.4 MB | Allocated: 475.2 MB | Cached: 32558.0 MB

