Restormer model not found. Restormer preprocessing will be disabled.
##DEBUG: Found FRNet
##DEBUG: Found RoiNet
##DEBUG: Found RoiNet
##DEBUG: Found RoiNet
##DEBUG: Found RoiNet
##DEBUG: Found RoiNet
##DEBUG: Found RoiNet
##DEBUG: Found RoiNet
##DEBUG: Found RoiNet_1bottleneck
##DEBUG: Found RoiNet_3bottleneck
##DEBUG: Found RoiNetTest1bottleneck
##DEBUG: Found RoiNetTest3bottleneck
##DEBUG: Found RoiNetTest2bottleneck
##DEBUG: Found RoiNetTest1bottleneck
##DEBUG: Found RoiNetTest3bottleneck
##DEBUG: Found RoiNetTest2bottleneck
##DEBUG: Found RoiNetNoSkip
##DEBUG: Found RoiNetSumFusion
##DEBUG: Found RoiNetAttnSkip
##DEBUG: Found RoiNetResSkip
##DEBUG: Found RoiNetConcatPlus
##DEBUG: Found RoiNetMultiSkip
Available Models: ['FRNet', 'RoiNet11', 'RoiNet9', 'RoiNet9_plusk', 'RoiNet7', 'RoiNet5', 'RoiNet3', 'RoiNetR', 'RoiNet_1bottleneck_residual', 'RoiNet_3bottleneck_residual', 'RoiNetTest1bottleneck_residual', 'RoiNetTest3bottleneck_residual', 'RoiNetTest2bottleneck_residual', 'RoiNetTest1bottleneck_simple', 'RoiNetTest3bottleneck_simple', 'RoiNetTest2bottleneck_simple', 'RoiNetNoSkip', 'RoiNetSumFusion', 'RoiNetAttnSkip', 'RoiNetResSkip', 'RoiNetConcatPlus', 'RoiNetMultiSkip']
Datasets_library: {'FIVES512': {'paths': {'train': 'dataset/FIVES512/train', 'val': 'dataset/FIVES512/val', 'test': 'dataset/FIVES512/test'}, 'preprocessing': {'start': 0, 'end': 1}}, 'FIVES': {'paths': {'train': 'dataset/FIVES/train', 'val': 'dataset/FIVES/val', 'test': 'dataset/FIVES/test'}, 'preprocessing': {'start': 0, 'end': 1}}}
USING CHANNELS = 3
Available Datasets: ['FIVES512', 'FIVES']

All datasets: {'FIVES512': {'train': <ds.dataset.SegmentationDataset object at 0x14e821d42f90>, 'val': <ds.dataset.SegmentationDataset object at 0x14e821d42fd0>, 'test': <ds.dataset.SegmentationDataset object at 0x14e821d51210>}, 'FIVES': {'train': <ds.dataset.SegmentationDataset object at 0x14e821d52c90>, 'val': <ds.dataset.SegmentationDataset object at 0x14e821d306d0>, 'test': <ds.dataset.SegmentationDataset object at 0x14e821d32590>}}
Dataset a usar: {'train': <ds.dataset.SegmentationDataset object at 0x14e821d52c90>, 'val': <ds.dataset.SegmentationDataset object at 0x14e821d306d0>, 'test': <ds.dataset.SegmentationDataset object at 0x14e821d32590>}
Configuración de Entrenamiento:
  Model: RoiNetResSkip
  Dataset: FIVES
  Config File: code/config/config.json
  Epochs: 300
  Thresh Value: 100
  Batch Size: 1
  Num Workers: 32
  Learning Rate: 0.0001
  Weight Decay: 0.001
  Loss Function: Dice
  Loss Alpha: 0.2
  Loss Beta: 0.8
  Loss Gamma: 0.5
  Logging Enabled: True
  Output Prefix: OwnClass_RoiNetResSkip_
  Augmentation Config: {'enabled': True, 'geometric': False, 'elastic': False, 'intensity_and_color': False, 'gamma': False, 'noise': False, 'otrosfives': True}
  Restormer Enabled: False
  Output Directory: run_benchmark_runs/OwnClass_RoiNetResSkip_result_2025-03-19_19-06-17
Parameters logged to: run_benchmark_runs/OwnClass_RoiNetResSkip_result_2025-03-19_19-06-17/parameters_FIVES_RoiNetResSkip_Dice_True_False.log

Modelo cargado en GPU: RoiNetResSkip(
  (dict_module): ModuleDict(
    (conv0): ResidualBlock(
      (conv1): Conv2d(3, 32, kernel_size=(9, 9), stride=(1, 1), padding=(4, 4), bias=False)
      (bn1): BatchNorm2d(32, eps=1e-05, momentum=0.1, affine=True, track_running_stats=True)
      (the_bn1): BatchNorm2d(3, eps=1e-05, momentum=0.1, affine=True, track_running_stats=True)
      (conv2): Conv2d(32, 32, kernel_size=(9, 9), stride=(1, 1), padding=(4, 4), bias=False)
      (bn2): BatchNorm2d(32, eps=1e-05, momentum=0.1, affine=True, track_running_stats=True)
      (shortcut): Sequential(
        (0): Conv2d(3, 32, kernel_size=(1, 1), stride=(1, 1), bias=False)
        (1): BatchNorm2d(32, eps=1e-05, momentum=0.1, affine=True, track_running_stats=True)
      )
    )
    (conv1): ResidualBlock(
      (conv1): Conv2d(32, 64, kernel_size=(9, 9), stride=(1, 1), padding=(4, 4), bias=False)
      (bn1): BatchNorm2d(64, eps=1e-05, momentum=0.1, affine=True, track_running_stats=True)
      (the_bn1): BatchNorm2d(32, eps=1e-05, momentum=0.1, affine=True, track_running_stats=True)
      (conv2): Conv2d(64, 64, kernel_size=(9, 9), stride=(1, 1), padding=(4, 4), bias=False)
      (bn2): BatchNorm2d(64, eps=1e-05, momentum=0.1, affine=True, track_running_stats=True)
      (shortcut): Sequential(
        (0): Conv2d(32, 64, kernel_size=(1, 1), stride=(1, 1), bias=False)
        (1): BatchNorm2d(64, eps=1e-05, momentum=0.1, affine=True, track_running_stats=True)
      )
    )
    (pool1): Sequential(
      (0): MaxPool2d(kernel_size=2, stride=2, padding=0, dilation=1, ceil_mode=False)
      (1): Conv2d(64, 128, kernel_size=(1, 1), stride=(1, 1))
    )
    (conv2): ResidualBlock(
      (conv1): Conv2d(128, 128, kernel_size=(9, 9), stride=(1, 1), padding=(4, 4), bias=False)
      (bn1): BatchNorm2d(128, eps=1e-05, momentum=0.1, affine=True, track_running_stats=True)
      (the_bn1): BatchNorm2d(128, eps=1e-05, momentum=0.1, affine=True, track_running_stats=True)
      (conv2): Conv2d(128, 128, kernel_size=(9, 9), stride=(1, 1), padding=(4, 4), bias=False)
      (bn2): BatchNorm2d(128, eps=1e-05, momentum=0.1, affine=True, track_running_stats=True)
      (shortcut): Sequential()
    )
    (pool2): Sequential(
      (0): MaxPool2d(kernel_size=2, stride=2, padding=0, dilation=1, ceil_mode=False)
      (1): Conv2d(128, 256, kernel_size=(1, 1), stride=(1, 1))
    )
    (bottle1): ResidualBlock(
      (conv1): Conv2d(256, 256, kernel_size=(9, 9), stride=(1, 1), padding=(4, 4), bias=False)
      (bn1): BatchNorm2d(256, eps=1e-05, momentum=0.1, affine=True, track_running_stats=True)
      (the_bn1): BatchNorm2d(256, eps=1e-05, momentum=0.1, affine=True, track_running_stats=True)
      (conv2): Conv2d(256, 256, kernel_size=(9, 9), stride=(1, 1), padding=(4, 4), bias=False)
      (bn2): BatchNorm2d(256, eps=1e-05, momentum=0.1, affine=True, track_running_stats=True)
      (shortcut): Sequential()
    )
    (bottle2): ResidualBlock(
      (conv1): Conv2d(256, 256, kernel_size=(9, 9), stride=(1, 1), padding=(4, 4), bias=False)
      (bn1): BatchNorm2d(256, eps=1e-05, momentum=0.1, affine=True, track_running_stats=True)
      (the_bn1): BatchNorm2d(256, eps=1e-05, momentum=0.1, affine=True, track_running_stats=True)
      (conv2): Conv2d(256, 256, kernel_size=(9, 9), stride=(1, 1), padding=(4, 4), bias=False)
      (bn2): BatchNorm2d(256, eps=1e-05, momentum=0.1, affine=True, track_running_stats=True)
      (shortcut): Sequential()
    )
    (merge2): Sequential(
      (0): Conv2d(512, 256, kernel_size=(3, 3), stride=(1, 1), padding=(1, 1), bias=False)
      (1): BatchNorm2d(256, eps=1e-05, momentum=0.1, affine=True, track_running_stats=True)
      (2): ReLU(inplace=True)
    )
    (conv3): ResidualBlock(
      (conv1): Conv2d(256, 128, kernel_size=(9, 9), stride=(1, 1), padding=(4, 4), bias=False)
      (bn1): BatchNorm2d(128, eps=1e-05, momentum=0.1, affine=True, track_running_stats=True)
      (the_bn1): BatchNorm2d(256, eps=1e-05, momentum=0.1, affine=True, track_running_stats=True)
      (conv2): Conv2d(128, 128, kernel_size=(9, 9), stride=(1, 1), padding=(4, 4), bias=False)
      (bn2): BatchNorm2d(128, eps=1e-05, momentum=0.1, affine=True, track_running_stats=True)
      (shortcut): Sequential(
        (0): Conv2d(256, 128, kernel_size=(1, 1), stride=(1, 1), bias=False)
        (1): BatchNorm2d(128, eps=1e-05, momentum=0.1, affine=True, track_running_stats=True)
      )
    )
    (up3): Sequential(
      (0): ConvTranspose2d(128, 64, kernel_size=(2, 2), stride=(2, 2))
    )
    (merge3): Sequential(
      (0): Conv2d(64, 64, kernel_size=(3, 3), stride=(1, 1), padding=(1, 1), bias=False)
      (1): BatchNorm2d(64, eps=1e-05, momentum=0.1, affine=True, track_running_stats=True)
      (2): ReLU(inplace=True)
    )
    (conv4): ResidualBlock(
      (conv1): Conv2d(64, 64, kernel_size=(9, 9), stride=(1, 1), padding=(4, 4), bias=False)
      (bn1): BatchNorm2d(64, eps=1e-05, momentum=0.1, affine=True, track_running_stats=True)
      (the_bn1): BatchNorm2d(64, eps=1e-05, momentum=0.1, affine=True, track_running_stats=True)
      (conv2): Conv2d(64, 64, kernel_size=(9, 9), stride=(1, 1), padding=(4, 4), bias=False)
      (bn2): BatchNorm2d(64, eps=1e-05, momentum=0.1, affine=True, track_running_stats=True)
      (shortcut): Sequential()
    )
    (up4): Sequential(
      (0): ConvTranspose2d(64, 32, kernel_size=(2, 2), stride=(2, 2))
    )
    (merge4): Sequential(
      (0): Conv2d(32, 32, kernel_size=(3, 3), stride=(1, 1), padding=(1, 1), bias=False)
      (1): BatchNorm2d(32, eps=1e-05, momentum=0.1, affine=True, track_running_stats=True)
      (2): ReLU(inplace=True)
    )
    (conv5): ResidualBlock(
      (conv1): Conv2d(32, 32, kernel_size=(9, 9), stride=(1, 1), padding=(4, 4), bias=False)
      (bn1): BatchNorm2d(32, eps=1e-05, momentum=0.1, affine=True, track_running_stats=True)
      (the_bn1): BatchNorm2d(32, eps=1e-05, momentum=0.1, affine=True, track_running_stats=True)
      (conv2): Conv2d(32, 32, kernel_size=(9, 9), stride=(1, 1), padding=(4, 4), bias=False)
      (bn2): BatchNorm2d(32, eps=1e-05, momentum=0.1, affine=True, track_running_stats=True)
      (shortcut): Sequential()
    )
    (final): Sequential(
      (0): Conv2d(32, 1, kernel_size=(1, 1), stride=(1, 1), bias=False)
      (1): Sigmoid()
    )
  )
  (res_skip1): Conv2d(128, 64, kernel_size=(1, 1), stride=(1, 1), bias=False)
  (res_skip0): Identity()
  (refine3): Sequential(
    (0): Conv2d(64, 64, kernel_size=(3, 3), stride=(1, 1), padding=(1, 1), bias=False)
    (1): BatchNorm2d(64, eps=1e-05, momentum=0.1, affine=True, track_running_stats=True)
    (2): ReLU(inplace=True)
  )
  (refine4): Sequential(
    (0): Conv2d(32, 32, kernel_size=(3, 3), stride=(1, 1), padding=(1, 1), bias=False)
    (1): BatchNorm2d(32, eps=1e-05, momentum=0.1, affine=True, track_running_stats=True)
    (2): ReLU(inplace=True)
  )
)
- Parámetros totales: 30691590
- Memoria ocupada por modelo en GPU: 117.08 MB

==== Memoria GPU - Después de cargar el modelo en GPU ====
GPU 0 - Total: 40442.4 MB | Allocated: 118.1 MB | Cached: 144.0 MB


USING: Dice

==== Memoria GPU - Inicio de época ====
GPU 0 - Total: 40442.4 MB | Allocated: 118.1 MB | Cached: 144.0 MB


==== Memoria GPU - Inicio de época ====
GPU 0 - Total: 40442.4 MB | Allocated: 474.5 MB | Cached: 30994.0 MB

Validation Dice: 0.7402053315668304 for Model: RoiNetResSkip_Dice
New best dice found, evaluating on test set...

==== Memoria GPU - Inicio de época ====
GPU 0 - Total: 40442.4 MB | Allocated: 474.5 MB | Cached: 30994.0 MB


==== Memoria GPU - Inicio de época ====
GPU 0 - Total: 40442.4 MB | Allocated: 474.5 MB | Cached: 3300.0 MB


==== Memoria GPU - Inicio de época ====
GPU 0 - Total: 40442.4 MB | Allocated: 474.5 MB | Cached: 31278.0 MB

Validation Dice: 0.7711440092880439 for Model: RoiNetResSkip_Dice
New best dice found, evaluating on test set...

==== Memoria GPU - Inicio de época ====
GPU 0 - Total: 40442.4 MB | Allocated: 474.5 MB | Cached: 31278.0 MB


==== Memoria GPU - Inicio de época ====
GPU 0 - Total: 40442.4 MB | Allocated: 474.5 MB | Cached: 3300.0 MB


==== Memoria GPU - Inicio de época ====
GPU 0 - Total: 40442.4 MB | Allocated: 474.5 MB | Cached: 31278.0 MB

Validation Dice: 0.7885724562084001 for Model: RoiNetResSkip_Dice
New best dice found, evaluating on test set...

==== Memoria GPU - Inicio de época ====
GPU 0 - Total: 40442.4 MB | Allocated: 474.5 MB | Cached: 31278.0 MB


==== Memoria GPU - Inicio de época ====
GPU 0 - Total: 40442.4 MB | Allocated: 474.5 MB | Cached: 3300.0 MB


==== Memoria GPU - Inicio de época ====
GPU 0 - Total: 40442.4 MB | Allocated: 474.5 MB | Cached: 31278.0 MB

Validation Dice: 0.745537340336234 for Model: RoiNetResSkip_Dice

==== Memoria GPU - Inicio de época ====
GPU 0 - Total: 40442.4 MB | Allocated: 474.5 MB | Cached: 3300.0 MB


==== Memoria GPU - Inicio de época ====
GPU 0 - Total: 40442.4 MB | Allocated: 474.5 MB | Cached: 31278.0 MB

Validation Dice: 0.7328197525285438 for Model: RoiNetResSkip_Dice

==== Memoria GPU - Inicio de época ====
GPU 0 - Total: 40442.4 MB | Allocated: 474.5 MB | Cached: 3300.0 MB


==== Memoria GPU - Inicio de época ====
GPU 0 - Total: 40442.4 MB | Allocated: 474.5 MB | Cached: 31278.0 MB

Validation Dice: 0.7872448092096384 for Model: RoiNetResSkip_Dice

==== Memoria GPU - Inicio de época ====
GPU 0 - Total: 40442.4 MB | Allocated: 474.5 MB | Cached: 3300.0 MB


==== Memoria GPU - Inicio de época ====
GPU 0 - Total: 40442.4 MB | Allocated: 474.5 MB | Cached: 31278.0 MB

Validation Dice: 0.7957832139212956 for Model: RoiNetResSkip_Dice
New best dice found, evaluating on test set...

==== Memoria GPU - Inicio de época ====
GPU 0 - Total: 40442.4 MB | Allocated: 474.5 MB | Cached: 31278.0 MB


==== Memoria GPU - Inicio de época ====
GPU 0 - Total: 40442.4 MB | Allocated: 474.5 MB | Cached: 3300.0 MB


==== Memoria GPU - Inicio de época ====
GPU 0 - Total: 40442.4 MB | Allocated: 474.5 MB | Cached: 31278.0 MB

Validation Dice: 0.7854637657557717 for Model: RoiNetResSkip_Dice

==== Memoria GPU - Inicio de época ====
GPU 0 - Total: 40442.4 MB | Allocated: 474.5 MB | Cached: 3300.0 MB


==== Memoria GPU - Inicio de época ====
GPU 0 - Total: 40442.4 MB | Allocated: 474.5 MB | Cached: 31278.0 MB

Validation Dice: 0.2980735501882858 for Model: RoiNetResSkip_Dice

==== Memoria GPU - Inicio de época ====
GPU 0 - Total: 40442.4 MB | Allocated: 474.5 MB | Cached: 3300.0 MB


==== Memoria GPU - Inicio de época ====
GPU 0 - Total: 40442.4 MB | Allocated: 474.5 MB | Cached: 31278.0 MB

Validation Dice: 0.7956321998053792 for Model: RoiNetResSkip_Dice

==== Memoria GPU - Inicio de época ====
GPU 0 - Total: 40442.4 MB | Allocated: 474.5 MB | Cached: 3300.0 MB


==== Memoria GPU - Inicio de época ====
GPU 0 - Total: 40442.4 MB | Allocated: 474.5 MB | Cached: 31278.0 MB

Validation Dice: 0.7797968058975696 for Model: RoiNetResSkip_Dice

==== Memoria GPU - Inicio de época ====
GPU 0 - Total: 40442.4 MB | Allocated: 474.5 MB | Cached: 3300.0 MB


==== Memoria GPU - Inicio de época ====
GPU 0 - Total: 40442.4 MB | Allocated: 474.5 MB | Cached: 31278.0 MB

Validation Dice: 0.8050525815785512 for Model: RoiNetResSkip_Dice
New best dice found, evaluating on test set...

==== Memoria GPU - Inicio de época ====
GPU 0 - Total: 40442.4 MB | Allocated: 474.5 MB | Cached: 31278.0 MB


==== Memoria GPU - Inicio de época ====
GPU 0 - Total: 40442.4 MB | Allocated: 474.5 MB | Cached: 3300.0 MB


==== Memoria GPU - Inicio de época ====
GPU 0 - Total: 40442.4 MB | Allocated: 474.5 MB | Cached: 31278.0 MB

Validation Dice: 0.7932937648577976 for Model: RoiNetResSkip_Dice

==== Memoria GPU - Inicio de época ====
GPU 0 - Total: 40442.4 MB | Allocated: 474.5 MB | Cached: 3300.0 MB


==== Memoria GPU - Inicio de época ====
GPU 0 - Total: 40442.4 MB | Allocated: 474.5 MB | Cached: 31278.0 MB

Validation Dice: 0.7830838630954574 for Model: RoiNetResSkip_Dice

==== Memoria GPU - Inicio de época ====
GPU 0 - Total: 40442.4 MB | Allocated: 474.5 MB | Cached: 3300.0 MB


==== Memoria GPU - Inicio de época ====
GPU 0 - Total: 40442.4 MB | Allocated: 474.5 MB | Cached: 31278.0 MB

Validation Dice: 0.7986407416964891 for Model: RoiNetResSkip_Dice

==== Memoria GPU - Inicio de época ====
GPU 0 - Total: 40442.4 MB | Allocated: 474.5 MB | Cached: 3300.0 MB


==== Memoria GPU - Inicio de época ====
GPU 0 - Total: 40442.4 MB | Allocated: 474.5 MB | Cached: 31278.0 MB

Validation Dice: 0.7662627848258947 for Model: RoiNetResSkip_Dice

==== Memoria GPU - Inicio de época ====
GPU 0 - Total: 40442.4 MB | Allocated: 474.5 MB | Cached: 3300.0 MB


==== Memoria GPU - Inicio de época ====
GPU 0 - Total: 40442.4 MB | Allocated: 474.5 MB | Cached: 31278.0 MB

Validation Dice: 0.8074353299417356 for Model: RoiNetResSkip_Dice
New best dice found, evaluating on test set...

==== Memoria GPU - Inicio de época ====
GPU 0 - Total: 40442.4 MB | Allocated: 474.5 MB | Cached: 31278.0 MB


==== Memoria GPU - Inicio de época ====
GPU 0 - Total: 40442.4 MB | Allocated: 474.5 MB | Cached: 3300.0 MB


==== Memoria GPU - Inicio de época ====
GPU 0 - Total: 40442.4 MB | Allocated: 474.5 MB | Cached: 31278.0 MB

Validation Dice: 0.8459773276500503 for Model: RoiNetResSkip_Dice
New best dice found, evaluating on test set...

==== Memoria GPU - Inicio de época ====
GPU 0 - Total: 40442.4 MB | Allocated: 474.5 MB | Cached: 31278.0 MB


==== Memoria GPU - Inicio de época ====
GPU 0 - Total: 40442.4 MB | Allocated: 474.5 MB | Cached: 3300.0 MB


==== Memoria GPU - Inicio de época ====
GPU 0 - Total: 40442.4 MB | Allocated: 474.5 MB | Cached: 31278.0 MB

Validation Dice: 0.677097702459253 for Model: RoiNetResSkip_Dice

==== Memoria GPU - Inicio de época ====
GPU 0 - Total: 40442.4 MB | Allocated: 474.5 MB | Cached: 3300.0 MB


==== Memoria GPU - Inicio de época ====
GPU 0 - Total: 40442.4 MB | Allocated: 474.5 MB | Cached: 31278.0 MB

Validation Dice: 0.6792805940284036 for Model: RoiNetResSkip_Dice

==== Memoria GPU - Inicio de época ====
GPU 0 - Total: 40442.4 MB | Allocated: 474.5 MB | Cached: 3300.0 MB


==== Memoria GPU - Inicio de época ====
GPU 0 - Total: 40442.4 MB | Allocated: 474.5 MB | Cached: 31278.0 MB

Validation Dice: 0.7881476443204765 for Model: RoiNetResSkip_Dice

==== Memoria GPU - Inicio de época ====
GPU 0 - Total: 40442.4 MB | Allocated: 474.5 MB | Cached: 3300.0 MB


==== Memoria GPU - Inicio de época ====
GPU 0 - Total: 40442.4 MB | Allocated: 474.5 MB | Cached: 31278.0 MB

Validation Dice: 0.8165467246491512 for Model: RoiNetResSkip_Dice

==== Memoria GPU - Inicio de época ====
GPU 0 - Total: 40442.4 MB | Allocated: 474.5 MB | Cached: 3300.0 MB


==== Memoria GPU - Inicio de época ====
GPU 0 - Total: 40442.4 MB | Allocated: 474.5 MB | Cached: 31278.0 MB

Validation Dice: 0.8352805024843247 for Model: RoiNetResSkip_Dice

==== Memoria GPU - Inicio de época ====
GPU 0 - Total: 40442.4 MB | Allocated: 474.5 MB | Cached: 3300.0 MB


==== Memoria GPU - Inicio de época ====
GPU 0 - Total: 40442.4 MB | Allocated: 474.5 MB | Cached: 31278.0 MB

Validation Dice: 0.8328466926077529 for Model: RoiNetResSkip_Dice

==== Memoria GPU - Inicio de época ====
GPU 0 - Total: 40442.4 MB | Allocated: 474.5 MB | Cached: 3300.0 MB


==== Memoria GPU - Inicio de época ====
GPU 0 - Total: 40442.4 MB | Allocated: 474.5 MB | Cached: 31278.0 MB

Validation Dice: 0.7976861021689031 for Model: RoiNetResSkip_Dice

==== Memoria GPU - Inicio de época ====
GPU 0 - Total: 40442.4 MB | Allocated: 474.5 MB | Cached: 3300.0 MB


==== Memoria GPU - Inicio de época ====
GPU 0 - Total: 40442.4 MB | Allocated: 474.5 MB | Cached: 31278.0 MB

Validation Dice: 0.822566997023966 for Model: RoiNetResSkip_Dice

==== Memoria GPU - Inicio de época ====
GPU 0 - Total: 40442.4 MB | Allocated: 474.5 MB | Cached: 3300.0 MB


==== Memoria GPU - Inicio de época ====
GPU 0 - Total: 40442.4 MB | Allocated: 474.5 MB | Cached: 31278.0 MB

Validation Dice: 0.8204134340199639 for Model: RoiNetResSkip_Dice

==== Memoria GPU - Inicio de época ====
GPU 0 - Total: 40442.4 MB | Allocated: 474.5 MB | Cached: 3300.0 MB


==== Memoria GPU - Inicio de época ====
GPU 0 - Total: 40442.4 MB | Allocated: 474.5 MB | Cached: 31278.0 MB

Validation Dice: 0.8146400208653044 for Model: RoiNetResSkip_Dice

==== Memoria GPU - Inicio de época ====
GPU 0 - Total: 40442.4 MB | Allocated: 474.5 MB | Cached: 3300.0 MB


==== Memoria GPU - Inicio de época ====
GPU 0 - Total: 40442.4 MB | Allocated: 474.5 MB | Cached: 31278.0 MB

Validation Dice: 0.8114330300719629 for Model: RoiNetResSkip_Dice

==== Memoria GPU - Inicio de época ====
GPU 0 - Total: 40442.4 MB | Allocated: 474.5 MB | Cached: 3300.0 MB


==== Memoria GPU - Inicio de época ====
GPU 0 - Total: 40442.4 MB | Allocated: 474.5 MB | Cached: 31278.0 MB

Validation Dice: 0.8167133306621897 for Model: RoiNetResSkip_Dice

==== Memoria GPU - Inicio de época ====
GPU 0 - Total: 40442.4 MB | Allocated: 474.5 MB | Cached: 3300.0 MB


==== Memoria GPU - Inicio de época ====
GPU 0 - Total: 40442.4 MB | Allocated: 474.5 MB | Cached: 31278.0 MB

Validation Dice: 0.7995038126037672 for Model: RoiNetResSkip_Dice

==== Memoria GPU - Inicio de época ====
GPU 0 - Total: 40442.4 MB | Allocated: 474.5 MB | Cached: 3300.0 MB


==== Memoria GPU - Inicio de época ====
GPU 0 - Total: 40442.4 MB | Allocated: 474.5 MB | Cached: 31278.0 MB

Validation Dice: 0.8267367295543864 for Model: RoiNetResSkip_Dice

==== Memoria GPU - Inicio de época ====
GPU 0 - Total: 40442.4 MB | Allocated: 474.5 MB | Cached: 3300.0 MB


==== Memoria GPU - Inicio de época ====
GPU 0 - Total: 40442.4 MB | Allocated: 474.5 MB | Cached: 31278.0 MB

Validation Dice: 0.7665500538067725 for Model: RoiNetResSkip_Dice

==== Memoria GPU - Inicio de época ====
GPU 0 - Total: 40442.4 MB | Allocated: 474.5 MB | Cached: 3300.0 MB


==== Memoria GPU - Inicio de época ====
GPU 0 - Total: 40442.4 MB | Allocated: 474.5 MB | Cached: 31278.0 MB

Validation Dice: 0.8155533467259432 for Model: RoiNetResSkip_Dice

==== Memoria GPU - Inicio de época ====
GPU 0 - Total: 40442.4 MB | Allocated: 474.5 MB | Cached: 3300.0 MB


==== Memoria GPU - Inicio de época ====
GPU 0 - Total: 40442.4 MB | Allocated: 474.5 MB | Cached: 31278.0 MB

Validation Dice: 0.8197002481367186 for Model: RoiNetResSkip_Dice

==== Memoria GPU - Inicio de época ====
GPU 0 - Total: 40442.4 MB | Allocated: 474.5 MB | Cached: 3300.0 MB


==== Memoria GPU - Inicio de época ====
GPU 0 - Total: 40442.4 MB | Allocated: 474.5 MB | Cached: 31278.0 MB

Validation Dice: 0.8271648015991331 for Model: RoiNetResSkip_Dice

==== Memoria GPU - Inicio de época ====
GPU 0 - Total: 40442.4 MB | Allocated: 474.5 MB | Cached: 3300.0 MB


==== Memoria GPU - Inicio de época ====
GPU 0 - Total: 40442.4 MB | Allocated: 474.5 MB | Cached: 31278.0 MB

Validation Dice: 0.8139445782472958 for Model: RoiNetResSkip_Dice

==== Memoria GPU - Inicio de época ====
GPU 0 - Total: 40442.4 MB | Allocated: 474.5 MB | Cached: 3300.0 MB


==== Memoria GPU - Inicio de época ====
GPU 0 - Total: 40442.4 MB | Allocated: 474.5 MB | Cached: 31278.0 MB

Validation Dice: 0.8260462027933916 for Model: RoiNetResSkip_Dice

==== Memoria GPU - Inicio de época ====
GPU 0 - Total: 40442.4 MB | Allocated: 474.5 MB | Cached: 3300.0 MB


==== Memoria GPU - Inicio de época ====
GPU 0 - Total: 40442.4 MB | Allocated: 474.5 MB | Cached: 31278.0 MB

Validation Dice: 0.8307403759813419 for Model: RoiNetResSkip_Dice

==== Memoria GPU - Inicio de época ====
GPU 0 - Total: 40442.4 MB | Allocated: 474.5 MB | Cached: 3300.0 MB


==== Memoria GPU - Inicio de época ====
GPU 0 - Total: 40442.4 MB | Allocated: 474.5 MB | Cached: 31278.0 MB

Validation Dice: 0.8357301511056474 for Model: RoiNetResSkip_Dice

==== Memoria GPU - Inicio de época ====
GPU 0 - Total: 40442.4 MB | Allocated: 474.5 MB | Cached: 3300.0 MB


==== Memoria GPU - Inicio de época ====
GPU 0 - Total: 40442.4 MB | Allocated: 474.5 MB | Cached: 31278.0 MB

Validation Dice: 0.8489611470988966 for Model: RoiNetResSkip_Dice
New best dice found, evaluating on test set...

==== Memoria GPU - Inicio de época ====
GPU 0 - Total: 40442.4 MB | Allocated: 474.5 MB | Cached: 31278.0 MB


==== Memoria GPU - Inicio de época ====
GPU 0 - Total: 40442.4 MB | Allocated: 474.5 MB | Cached: 3300.0 MB


==== Memoria GPU - Inicio de época ====
GPU 0 - Total: 40442.4 MB | Allocated: 474.5 MB | Cached: 31278.0 MB

Validation Dice: 0.817557065341053 for Model: RoiNetResSkip_Dice

==== Memoria GPU - Inicio de época ====
GPU 0 - Total: 40442.4 MB | Allocated: 474.5 MB | Cached: 3300.0 MB


==== Memoria GPU - Inicio de época ====
GPU 0 - Total: 40442.4 MB | Allocated: 474.5 MB | Cached: 31278.0 MB

Validation Dice: 0.8318713859561797 for Model: RoiNetResSkip_Dice

==== Memoria GPU - Inicio de época ====
GPU 0 - Total: 40442.4 MB | Allocated: 474.5 MB | Cached: 3300.0 MB


==== Memoria GPU - Inicio de época ====
GPU 0 - Total: 40442.4 MB | Allocated: 474.5 MB | Cached: 31278.0 MB

Validation Dice: 0.8142854280086399 for Model: RoiNetResSkip_Dice

==== Memoria GPU - Inicio de época ====
GPU 0 - Total: 40442.4 MB | Allocated: 474.5 MB | Cached: 3300.0 MB


==== Memoria GPU - Inicio de época ====
GPU 0 - Total: 40442.4 MB | Allocated: 474.5 MB | Cached: 31278.0 MB

Validation Dice: 0.8287806018091787 for Model: RoiNetResSkip_Dice

==== Memoria GPU - Inicio de época ====
GPU 0 - Total: 40442.4 MB | Allocated: 474.5 MB | Cached: 3300.0 MB


==== Memoria GPU - Inicio de época ====
GPU 0 - Total: 40442.4 MB | Allocated: 474.5 MB | Cached: 31278.0 MB

Validation Dice: 0.850652299035792 for Model: RoiNetResSkip_Dice
New best dice found, evaluating on test set...

==== Memoria GPU - Inicio de época ====
GPU 0 - Total: 40442.4 MB | Allocated: 474.5 MB | Cached: 31278.0 MB


==== Memoria GPU - Inicio de época ====
GPU 0 - Total: 40442.4 MB | Allocated: 474.5 MB | Cached: 3300.0 MB

