slurmstepd: info: Setting TMPDIR to /scratch/11082861. Previous errors about TMPDIR can be discarded
Restormer model not found. Restormer preprocessing will be disabled.
##DEBUG: Found FRNet
##DEBUG: Found RoiNet
##DEBUG: Found RoiNet
##DEBUG: Found RoiNet
##DEBUG: Found RoiNet
##DEBUG: Found RoiNet
##DEBUG: Found RoiNet
##DEBUG: Found RoiNet
##DEBUG: Found RoiNet_1bottleneck
##DEBUG: Found RoiNet_3bottleneck
##DEBUG: Found RoiNetTest1bottleneck
##DEBUG: Found RoiNetTest3bottleneck
##DEBUG: Found RoiNetTest2bottleneck
##DEBUG: Found RoiNetTest1bottleneck
##DEBUG: Found RoiNetTest3bottleneck
##DEBUG: Found RoiNetTest2bottleneck
##DEBUG: Found RoiNetNoSkip
##DEBUG: Found RoiNetSumFusion
##DEBUG: Found RoiNetAttnSkip
##DEBUG: Found RoiNetResSkip
##DEBUG: Found RoiNetConcatPlus
##DEBUG: Found RoiNetMultiSkip
Available Models: ['FRNet', 'RoiNet11', 'RoiNet9', 'RoiNet9_plusk', 'RoiNet7', 'RoiNet5', 'RoiNet3', 'RoiNetR', 'RoiNet_1bottleneck_residual', 'RoiNet_3bottleneck_residual', 'RoiNetTest1bottleneck_residual', 'RoiNetTest3bottleneck_residual', 'RoiNetTest2bottleneck_residual', 'RoiNetTest1bottleneck_simple', 'RoiNetTest3bottleneck_simple', 'RoiNetTest2bottleneck_simple', 'RoiNetNoSkip', 'RoiNetSumFusion', 'RoiNetAttnSkip', 'RoiNetResSkip', 'RoiNetConcatPlus', 'RoiNetMultiSkip']
Datasets_library: {'FIVES512': {'paths': {'train': 'dataset/FIVES512/train', 'val': 'dataset/FIVES512/val', 'test': 'dataset/FIVES512/test'}, 'preprocessing': {'start': 0, 'end': 1}}, 'FIVES': {'paths': {'train': 'dataset/FIVES/train', 'val': 'dataset/FIVES/val', 'test': 'dataset/FIVES/test'}, 'preprocessing': {'start': 0, 'end': 1}}}
USING CHANNELS = 3
Available Datasets: ['FIVES512', 'FIVES']

All datasets: {'FIVES512': {'train': <ds.dataset.SegmentationDataset object at 0x14b6474ae1d0>, 'val': <ds.dataset.SegmentationDataset object at 0x14b6474512d0>, 'test': <ds.dataset.SegmentationDataset object at 0x14b647452b50>}, 'FIVES': {'train': <ds.dataset.SegmentationDataset object at 0x14b647455610>, 'val': <ds.dataset.SegmentationDataset object at 0x14b647455650>, 'test': <ds.dataset.SegmentationDataset object at 0x14b647435ed0>}}
Dataset a usar: {'train': <ds.dataset.SegmentationDataset object at 0x14b6474ae1d0>, 'val': <ds.dataset.SegmentationDataset object at 0x14b6474512d0>, 'test': <ds.dataset.SegmentationDataset object at 0x14b647452b50>}
Configuración de Entrenamiento:
  Model: RoiNetNoSkip
  Dataset: FIVES512
  Config File: code/config/config.json
  Epochs: 300
  Thresh Value: 100
  Batch Size: 1
  Num Workers: 32
  Learning Rate: 0.0001
  Weight Decay: 0.001
  Loss Function: Dice
  Loss Alpha: 0.2
  Loss Beta: 0.8
  Loss Gamma: 0.5
  Logging Enabled: True
  Output Prefix: RoiNetNoSkip_512_
  Augmentation Config: {'enabled': True, 'geometric': False, 'elastic': False, 'intensity_and_color': False, 'gamma': False, 'noise': False, 'otrosfives': True}
  Restormer Enabled: False
  Output Directory: run_benchmark_runs/RoiNetNoSkip_512_result_2025-03-19_01-16-37
Parameters logged to: run_benchmark_runs/RoiNetNoSkip_512_result_2025-03-19_01-16-37/parameters_FIVES512_RoiNetNoSkip_Dice_True_False.log

Modelo cargado en GPU: RoiNetNoSkip(
  (dict_module): ModuleDict(
    (conv0): ResidualBlock(
      (conv1): Conv2d(3, 32, kernel_size=(9, 9), stride=(1, 1), padding=(4, 4), bias=False)
      (bn1): BatchNorm2d(32, eps=1e-05, momentum=0.1, affine=True, track_running_stats=True)
      (the_bn1): BatchNorm2d(3, eps=1e-05, momentum=0.1, affine=True, track_running_stats=True)
      (conv2): Conv2d(32, 32, kernel_size=(9, 9), stride=(1, 1), padding=(4, 4), bias=False)
      (bn2): BatchNorm2d(32, eps=1e-05, momentum=0.1, affine=True, track_running_stats=True)
      (shortcut): Sequential(
        (0): Conv2d(3, 32, kernel_size=(1, 1), stride=(1, 1), bias=False)
        (1): BatchNorm2d(32, eps=1e-05, momentum=0.1, affine=True, track_running_stats=True)
      )
    )
    (conv1): ResidualBlock(
      (conv1): Conv2d(32, 64, kernel_size=(9, 9), stride=(1, 1), padding=(4, 4), bias=False)
      (bn1): BatchNorm2d(64, eps=1e-05, momentum=0.1, affine=True, track_running_stats=True)
      (the_bn1): BatchNorm2d(32, eps=1e-05, momentum=0.1, affine=True, track_running_stats=True)
      (conv2): Conv2d(64, 64, kernel_size=(9, 9), stride=(1, 1), padding=(4, 4), bias=False)
      (bn2): BatchNorm2d(64, eps=1e-05, momentum=0.1, affine=True, track_running_stats=True)
      (shortcut): Sequential(
        (0): Conv2d(32, 64, kernel_size=(1, 1), stride=(1, 1), bias=False)
        (1): BatchNorm2d(64, eps=1e-05, momentum=0.1, affine=True, track_running_stats=True)
      )
    )
    (pool1): Sequential(
      (0): MaxPool2d(kernel_size=2, stride=2, padding=0, dilation=1, ceil_mode=False)
      (1): Conv2d(64, 128, kernel_size=(1, 1), stride=(1, 1))
    )
    (conv2): ResidualBlock(
      (conv1): Conv2d(128, 128, kernel_size=(9, 9), stride=(1, 1), padding=(4, 4), bias=False)
      (bn1): BatchNorm2d(128, eps=1e-05, momentum=0.1, affine=True, track_running_stats=True)
      (the_bn1): BatchNorm2d(128, eps=1e-05, momentum=0.1, affine=True, track_running_stats=True)
      (conv2): Conv2d(128, 128, kernel_size=(9, 9), stride=(1, 1), padding=(4, 4), bias=False)
      (bn2): BatchNorm2d(128, eps=1e-05, momentum=0.1, affine=True, track_running_stats=True)
      (shortcut): Sequential()
    )
    (pool2): Sequential(
      (0): MaxPool2d(kernel_size=2, stride=2, padding=0, dilation=1, ceil_mode=False)
      (1): Conv2d(128, 256, kernel_size=(1, 1), stride=(1, 1))
    )
    (bottle1): ResidualBlock(
      (conv1): Conv2d(256, 256, kernel_size=(9, 9), stride=(1, 1), padding=(4, 4), bias=False)
      (bn1): BatchNorm2d(256, eps=1e-05, momentum=0.1, affine=True, track_running_stats=True)
      (the_bn1): BatchNorm2d(256, eps=1e-05, momentum=0.1, affine=True, track_running_stats=True)
      (conv2): Conv2d(256, 256, kernel_size=(9, 9), stride=(1, 1), padding=(4, 4), bias=False)
      (bn2): BatchNorm2d(256, eps=1e-05, momentum=0.1, affine=True, track_running_stats=True)
      (shortcut): Sequential()
    )
    (bottle2): ResidualBlock(
      (conv1): Conv2d(256, 256, kernel_size=(9, 9), stride=(1, 1), padding=(4, 4), bias=False)
      (bn1): BatchNorm2d(256, eps=1e-05, momentum=0.1, affine=True, track_running_stats=True)
      (the_bn1): BatchNorm2d(256, eps=1e-05, momentum=0.1, affine=True, track_running_stats=True)
      (conv2): Conv2d(256, 256, kernel_size=(9, 9), stride=(1, 1), padding=(4, 4), bias=False)
      (bn2): BatchNorm2d(256, eps=1e-05, momentum=0.1, affine=True, track_running_stats=True)
      (shortcut): Sequential()
    )
    (merge2): Sequential(
      (0): Conv2d(512, 256, kernel_size=(3, 3), stride=(1, 1), padding=(1, 1), bias=False)
      (1): BatchNorm2d(256, eps=1e-05, momentum=0.1, affine=True, track_running_stats=True)
      (2): ReLU(inplace=True)
    )
    (conv3): ResidualBlock(
      (conv1): Conv2d(256, 128, kernel_size=(9, 9), stride=(1, 1), padding=(4, 4), bias=False)
      (bn1): BatchNorm2d(128, eps=1e-05, momentum=0.1, affine=True, track_running_stats=True)
      (the_bn1): BatchNorm2d(256, eps=1e-05, momentum=0.1, affine=True, track_running_stats=True)
      (conv2): Conv2d(128, 128, kernel_size=(9, 9), stride=(1, 1), padding=(4, 4), bias=False)
      (bn2): BatchNorm2d(128, eps=1e-05, momentum=0.1, affine=True, track_running_stats=True)
      (shortcut): Sequential(
        (0): Conv2d(256, 128, kernel_size=(1, 1), stride=(1, 1), bias=False)
        (1): BatchNorm2d(128, eps=1e-05, momentum=0.1, affine=True, track_running_stats=True)
      )
    )
    (up3): Sequential(
      (0): ConvTranspose2d(128, 64, kernel_size=(2, 2), stride=(2, 2))
    )
    (merge3): Sequential(
      (0): Conv2d(64, 64, kernel_size=(3, 3), stride=(1, 1), padding=(1, 1), bias=False)
      (1): BatchNorm2d(64, eps=1e-05, momentum=0.1, affine=True, track_running_stats=True)
      (2): ReLU(inplace=True)
    )
    (conv4): ResidualBlock(
      (conv1): Conv2d(64, 64, kernel_size=(9, 9), stride=(1, 1), padding=(4, 4), bias=False)
      (bn1): BatchNorm2d(64, eps=1e-05, momentum=0.1, affine=True, track_running_stats=True)
      (the_bn1): BatchNorm2d(64, eps=1e-05, momentum=0.1, affine=True, track_running_stats=True)
      (conv2): Conv2d(64, 64, kernel_size=(9, 9), stride=(1, 1), padding=(4, 4), bias=False)
      (bn2): BatchNorm2d(64, eps=1e-05, momentum=0.1, affine=True, track_running_stats=True)
      (shortcut): Sequential()
    )
    (up4): Sequential(
      (0): ConvTranspose2d(64, 32, kernel_size=(2, 2), stride=(2, 2))
    )
    (merge4): Sequential(
      (0): Conv2d(32, 32, kernel_size=(3, 3), stride=(1, 1), padding=(1, 1), bias=False)
      (1): BatchNorm2d(32, eps=1e-05, momentum=0.1, affine=True, track_running_stats=True)
      (2): ReLU(inplace=True)
    )
    (conv5): ResidualBlock(
      (conv1): Conv2d(32, 32, kernel_size=(9, 9), stride=(1, 1), padding=(4, 4), bias=False)
      (bn1): BatchNorm2d(32, eps=1e-05, momentum=0.1, affine=True, track_running_stats=True)
      (the_bn1): BatchNorm2d(32, eps=1e-05, momentum=0.1, affine=True, track_running_stats=True)
      (conv2): Conv2d(32, 32, kernel_size=(9, 9), stride=(1, 1), padding=(4, 4), bias=False)
      (bn2): BatchNorm2d(32, eps=1e-05, momentum=0.1, affine=True, track_running_stats=True)
      (shortcut): Sequential()
    )
    (final): Sequential(
      (0): Conv2d(32, 1, kernel_size=(1, 1), stride=(1, 1), bias=False)
      (1): Sigmoid()
    )
  )
)
- Parámetros totales: 30637126
- Memoria ocupada por modelo en GPU: 116.87 MB

==== Memoria GPU - Después de cargar el modelo en GPU ====
GPU 0 - Total: 40442.4 MB | Allocated: 117.9 MB | Cached: 144.0 MB


USING: Dice

==== Memoria GPU - Inicio de época ====
GPU 0 - Total: 40442.4 MB | Allocated: 117.9 MB | Cached: 144.0 MB


==== Memoria GPU - Inicio de época ====
GPU 0 - Total: 40442.4 MB | Allocated: 459.7 MB | Cached: 1990.0 MB

Validation Dice: 0.6301951401021938 for Model: RoiNetNoSkip_Dice
New best dice found, evaluating on test set...

==== Memoria GPU - Inicio de época ====
GPU 0 - Total: 40442.4 MB | Allocated: 459.7 MB | Cached: 1990.0 MB


==== Memoria GPU - Inicio de época ====
GPU 0 - Total: 40442.4 MB | Allocated: 459.7 MB | Cached: 642.0 MB


==== Memoria GPU - Inicio de época ====
GPU 0 - Total: 40442.4 MB | Allocated: 459.7 MB | Cached: 2346.0 MB

Validation Dice: 0.6787211438413636 for Model: RoiNetNoSkip_Dice
New best dice found, evaluating on test set...

==== Memoria GPU - Inicio de época ====
GPU 0 - Total: 40442.4 MB | Allocated: 459.7 MB | Cached: 2346.0 MB


==== Memoria GPU - Inicio de época ====
GPU 0 - Total: 40442.4 MB | Allocated: 459.7 MB | Cached: 642.0 MB


==== Memoria GPU - Inicio de época ====
GPU 0 - Total: 40442.4 MB | Allocated: 459.7 MB | Cached: 2346.0 MB

Validation Dice: 0.7376719166758076 for Model: RoiNetNoSkip_Dice
New best dice found, evaluating on test set...

==== Memoria GPU - Inicio de época ====
GPU 0 - Total: 40442.4 MB | Allocated: 459.7 MB | Cached: 2346.0 MB


==== Memoria GPU - Inicio de época ====
GPU 0 - Total: 40442.4 MB | Allocated: 459.7 MB | Cached: 642.0 MB


==== Memoria GPU - Inicio de época ====
GPU 0 - Total: 40442.4 MB | Allocated: 459.7 MB | Cached: 2346.0 MB

Validation Dice: 0.7646165729561848 for Model: RoiNetNoSkip_Dice
New best dice found, evaluating on test set...

==== Memoria GPU - Inicio de época ====
GPU 0 - Total: 40442.4 MB | Allocated: 459.7 MB | Cached: 2346.0 MB


==== Memoria GPU - Inicio de época ====
GPU 0 - Total: 40442.4 MB | Allocated: 459.7 MB | Cached: 642.0 MB


==== Memoria GPU - Inicio de época ====
GPU 0 - Total: 40442.4 MB | Allocated: 459.7 MB | Cached: 2346.0 MB

Validation Dice: 0.7313141724581586 for Model: RoiNetNoSkip_Dice

==== Memoria GPU - Inicio de época ====
GPU 0 - Total: 40442.4 MB | Allocated: 459.7 MB | Cached: 642.0 MB


==== Memoria GPU - Inicio de época ====
GPU 0 - Total: 40442.4 MB | Allocated: 459.7 MB | Cached: 2346.0 MB

Validation Dice: 0.7279241622428589 for Model: RoiNetNoSkip_Dice

==== Memoria GPU - Inicio de época ====
GPU 0 - Total: 40442.4 MB | Allocated: 459.7 MB | Cached: 642.0 MB


==== Memoria GPU - Inicio de época ====
GPU 0 - Total: 40442.4 MB | Allocated: 459.7 MB | Cached: 2346.0 MB

Validation Dice: 0.7025808843315625 for Model: RoiNetNoSkip_Dice

==== Memoria GPU - Inicio de época ====
GPU 0 - Total: 40442.4 MB | Allocated: 459.7 MB | Cached: 642.0 MB


==== Memoria GPU - Inicio de época ====
GPU 0 - Total: 40442.4 MB | Allocated: 459.7 MB | Cached: 2346.0 MB

Validation Dice: 0.7764521744454341 for Model: RoiNetNoSkip_Dice
New best dice found, evaluating on test set...

==== Memoria GPU - Inicio de época ====
GPU 0 - Total: 40442.4 MB | Allocated: 459.7 MB | Cached: 2346.0 MB


==== Memoria GPU - Inicio de época ====
GPU 0 - Total: 40442.4 MB | Allocated: 459.7 MB | Cached: 642.0 MB


==== Memoria GPU - Inicio de época ====
GPU 0 - Total: 40442.4 MB | Allocated: 459.7 MB | Cached: 2346.0 MB

Validation Dice: 0.4731166299765954 for Model: RoiNetNoSkip_Dice

==== Memoria GPU - Inicio de época ====
GPU 0 - Total: 40442.4 MB | Allocated: 459.7 MB | Cached: 642.0 MB


==== Memoria GPU - Inicio de época ====
GPU 0 - Total: 40442.4 MB | Allocated: 459.7 MB | Cached: 2346.0 MB

Validation Dice: 0.7524812187782159 for Model: RoiNetNoSkip_Dice

==== Memoria GPU - Inicio de época ====
GPU 0 - Total: 40442.4 MB | Allocated: 459.7 MB | Cached: 642.0 MB


==== Memoria GPU - Inicio de época ====
GPU 0 - Total: 40442.4 MB | Allocated: 459.7 MB | Cached: 2346.0 MB

Validation Dice: 0.8054101034597304 for Model: RoiNetNoSkip_Dice
New best dice found, evaluating on test set...

==== Memoria GPU - Inicio de época ====
GPU 0 - Total: 40442.4 MB | Allocated: 459.7 MB | Cached: 2346.0 MB


==== Memoria GPU - Inicio de época ====
GPU 0 - Total: 40442.4 MB | Allocated: 459.7 MB | Cached: 642.0 MB


==== Memoria GPU - Inicio de época ====
GPU 0 - Total: 40442.4 MB | Allocated: 459.7 MB | Cached: 2346.0 MB

Validation Dice: 0.7262917346901077 for Model: RoiNetNoSkip_Dice

==== Memoria GPU - Inicio de época ====
GPU 0 - Total: 40442.4 MB | Allocated: 459.7 MB | Cached: 642.0 MB


==== Memoria GPU - Inicio de época ====
GPU 0 - Total: 40442.4 MB | Allocated: 459.7 MB | Cached: 2346.0 MB

Validation Dice: 0.7316022434252231 for Model: RoiNetNoSkip_Dice

==== Memoria GPU - Inicio de época ====
GPU 0 - Total: 40442.4 MB | Allocated: 459.7 MB | Cached: 642.0 MB


==== Memoria GPU - Inicio de época ====
GPU 0 - Total: 40442.4 MB | Allocated: 459.7 MB | Cached: 2346.0 MB

Validation Dice: 0.7607803858966804 for Model: RoiNetNoSkip_Dice

==== Memoria GPU - Inicio de época ====
GPU 0 - Total: 40442.4 MB | Allocated: 459.7 MB | Cached: 642.0 MB


==== Memoria GPU - Inicio de época ====
GPU 0 - Total: 40442.4 MB | Allocated: 459.7 MB | Cached: 2346.0 MB

Validation Dice: 0.8114774026793955 for Model: RoiNetNoSkip_Dice
New best dice found, evaluating on test set...

==== Memoria GPU - Inicio de época ====
GPU 0 - Total: 40442.4 MB | Allocated: 459.7 MB | Cached: 2346.0 MB


==== Memoria GPU - Inicio de época ====
GPU 0 - Total: 40442.4 MB | Allocated: 459.7 MB | Cached: 642.0 MB


==== Memoria GPU - Inicio de época ====
GPU 0 - Total: 40442.4 MB | Allocated: 459.7 MB | Cached: 2346.0 MB

Validation Dice: 0.7638034584940359 for Model: RoiNetNoSkip_Dice

==== Memoria GPU - Inicio de época ====
GPU 0 - Total: 40442.4 MB | Allocated: 459.7 MB | Cached: 642.0 MB


==== Memoria GPU - Inicio de época ====
GPU 0 - Total: 40442.4 MB | Allocated: 459.7 MB | Cached: 2346.0 MB

Validation Dice: 0.7983841550352282 for Model: RoiNetNoSkip_Dice

==== Memoria GPU - Inicio de época ====
GPU 0 - Total: 40442.4 MB | Allocated: 459.7 MB | Cached: 642.0 MB


==== Memoria GPU - Inicio de época ====
GPU 0 - Total: 40442.4 MB | Allocated: 459.7 MB | Cached: 2346.0 MB

Validation Dice: 0.7742053858203665 for Model: RoiNetNoSkip_Dice

==== Memoria GPU - Inicio de época ====
GPU 0 - Total: 40442.4 MB | Allocated: 459.7 MB | Cached: 642.0 MB


==== Memoria GPU - Inicio de época ====
GPU 0 - Total: 40442.4 MB | Allocated: 459.7 MB | Cached: 2346.0 MB

Validation Dice: 0.7309916531449816 for Model: RoiNetNoSkip_Dice

==== Memoria GPU - Inicio de época ====
GPU 0 - Total: 40442.4 MB | Allocated: 459.7 MB | Cached: 642.0 MB


==== Memoria GPU - Inicio de época ====
GPU 0 - Total: 40442.4 MB | Allocated: 459.7 MB | Cached: 2346.0 MB

Validation Dice: 0.7773418639249975 for Model: RoiNetNoSkip_Dice

==== Memoria GPU - Inicio de época ====
GPU 0 - Total: 40442.4 MB | Allocated: 459.7 MB | Cached: 642.0 MB


==== Memoria GPU - Inicio de época ====
GPU 0 - Total: 40442.4 MB | Allocated: 459.7 MB | Cached: 2346.0 MB

Validation Dice: 0.797858577081788 for Model: RoiNetNoSkip_Dice

==== Memoria GPU - Inicio de época ====
GPU 0 - Total: 40442.4 MB | Allocated: 459.7 MB | Cached: 642.0 MB


==== Memoria GPU - Inicio de época ====
GPU 0 - Total: 40442.4 MB | Allocated: 459.7 MB | Cached: 2346.0 MB

Validation Dice: 0.7427982081951855 for Model: RoiNetNoSkip_Dice

==== Memoria GPU - Inicio de época ====
GPU 0 - Total: 40442.4 MB | Allocated: 459.7 MB | Cached: 642.0 MB


==== Memoria GPU - Inicio de época ====
GPU 0 - Total: 40442.4 MB | Allocated: 459.7 MB | Cached: 2346.0 MB

Validation Dice: 0.7883376268246215 for Model: RoiNetNoSkip_Dice

==== Memoria GPU - Inicio de época ====
GPU 0 - Total: 40442.4 MB | Allocated: 459.7 MB | Cached: 642.0 MB


==== Memoria GPU - Inicio de época ====
GPU 0 - Total: 40442.4 MB | Allocated: 459.7 MB | Cached: 2346.0 MB

Validation Dice: 0.7969246600099257 for Model: RoiNetNoSkip_Dice

==== Memoria GPU - Inicio de época ====
GPU 0 - Total: 40442.4 MB | Allocated: 459.7 MB | Cached: 642.0 MB


==== Memoria GPU - Inicio de época ====
GPU 0 - Total: 40442.4 MB | Allocated: 459.7 MB | Cached: 2346.0 MB

Validation Dice: 0.7723106206494879 for Model: RoiNetNoSkip_Dice

==== Memoria GPU - Inicio de época ====
GPU 0 - Total: 40442.4 MB | Allocated: 459.7 MB | Cached: 642.0 MB


==== Memoria GPU - Inicio de época ====
GPU 0 - Total: 40442.4 MB | Allocated: 459.7 MB | Cached: 2346.0 MB

Validation Dice: 0.7273556984493655 for Model: RoiNetNoSkip_Dice

==== Memoria GPU - Inicio de época ====
GPU 0 - Total: 40442.4 MB | Allocated: 459.7 MB | Cached: 642.0 MB


==== Memoria GPU - Inicio de época ====
GPU 0 - Total: 40442.4 MB | Allocated: 459.7 MB | Cached: 2346.0 MB

Validation Dice: 0.6595322768076192 for Model: RoiNetNoSkip_Dice

==== Memoria GPU - Inicio de época ====
GPU 0 - Total: 40442.4 MB | Allocated: 459.7 MB | Cached: 642.0 MB


==== Memoria GPU - Inicio de época ====
GPU 0 - Total: 40442.4 MB | Allocated: 459.7 MB | Cached: 2346.0 MB

Validation Dice: 0.7982816078967477 for Model: RoiNetNoSkip_Dice

==== Memoria GPU - Inicio de época ====
GPU 0 - Total: 40442.4 MB | Allocated: 459.7 MB | Cached: 642.0 MB


==== Memoria GPU - Inicio de época ====
GPU 0 - Total: 40442.4 MB | Allocated: 459.7 MB | Cached: 2346.0 MB

Validation Dice: 0.7815526018434765 for Model: RoiNetNoSkip_Dice

==== Memoria GPU - Inicio de época ====
GPU 0 - Total: 40442.4 MB | Allocated: 459.7 MB | Cached: 642.0 MB


==== Memoria GPU - Inicio de época ====
GPU 0 - Total: 40442.4 MB | Allocated: 459.7 MB | Cached: 2346.0 MB

Validation Dice: 0.7804414395670825 for Model: RoiNetNoSkip_Dice

==== Memoria GPU - Inicio de época ====
GPU 0 - Total: 40442.4 MB | Allocated: 459.7 MB | Cached: 642.0 MB


==== Memoria GPU - Inicio de época ====
GPU 0 - Total: 40442.4 MB | Allocated: 459.7 MB | Cached: 2346.0 MB

Validation Dice: 0.7456379730743864 for Model: RoiNetNoSkip_Dice

==== Memoria GPU - Inicio de época ====
GPU 0 - Total: 40442.4 MB | Allocated: 459.7 MB | Cached: 642.0 MB


==== Memoria GPU - Inicio de época ====
GPU 0 - Total: 40442.4 MB | Allocated: 459.7 MB | Cached: 2346.0 MB

Validation Dice: 0.740451765868726 for Model: RoiNetNoSkip_Dice

==== Memoria GPU - Inicio de época ====
GPU 0 - Total: 40442.4 MB | Allocated: 459.7 MB | Cached: 642.0 MB


==== Memoria GPU - Inicio de época ====
GPU 0 - Total: 40442.4 MB | Allocated: 459.7 MB | Cached: 2346.0 MB

Validation Dice: 0.7868640330484896 for Model: RoiNetNoSkip_Dice

==== Memoria GPU - Inicio de época ====
GPU 0 - Total: 40442.4 MB | Allocated: 459.7 MB | Cached: 642.0 MB


==== Memoria GPU - Inicio de época ====
GPU 0 - Total: 40442.4 MB | Allocated: 459.7 MB | Cached: 2346.0 MB

Validation Dice: 0.8047879544387344 for Model: RoiNetNoSkip_Dice

==== Memoria GPU - Inicio de época ====
GPU 0 - Total: 40442.4 MB | Allocated: 459.7 MB | Cached: 642.0 MB


==== Memoria GPU - Inicio de época ====
GPU 0 - Total: 40442.4 MB | Allocated: 459.7 MB | Cached: 2346.0 MB

Validation Dice: 0.808373389467056 for Model: RoiNetNoSkip_Dice

==== Memoria GPU - Inicio de época ====
GPU 0 - Total: 40442.4 MB | Allocated: 459.7 MB | Cached: 642.0 MB


==== Memoria GPU - Inicio de época ====
GPU 0 - Total: 40442.4 MB | Allocated: 459.7 MB | Cached: 2346.0 MB

Validation Dice: 0.7802161421909033 for Model: RoiNetNoSkip_Dice

==== Memoria GPU - Inicio de época ====
GPU 0 - Total: 40442.4 MB | Allocated: 459.7 MB | Cached: 642.0 MB


==== Memoria GPU - Inicio de época ====
GPU 0 - Total: 40442.4 MB | Allocated: 459.7 MB | Cached: 2346.0 MB

Validation Dice: 0.7249862875401784 for Model: RoiNetNoSkip_Dice

==== Memoria GPU - Inicio de época ====
GPU 0 - Total: 40442.4 MB | Allocated: 459.7 MB | Cached: 642.0 MB


==== Memoria GPU - Inicio de época ====
GPU 0 - Total: 40442.4 MB | Allocated: 459.7 MB | Cached: 2346.0 MB

Validation Dice: 0.7837648580019527 for Model: RoiNetNoSkip_Dice

==== Memoria GPU - Inicio de época ====
GPU 0 - Total: 40442.4 MB | Allocated: 459.7 MB | Cached: 642.0 MB


==== Memoria GPU - Inicio de época ====
GPU 0 - Total: 40442.4 MB | Allocated: 459.7 MB | Cached: 2346.0 MB

Validation Dice: 0.8216919813279038 for Model: RoiNetNoSkip_Dice
New best dice found, evaluating on test set...

==== Memoria GPU - Inicio de época ====
GPU 0 - Total: 40442.4 MB | Allocated: 459.7 MB | Cached: 2346.0 MB


==== Memoria GPU - Inicio de época ====
GPU 0 - Total: 40442.4 MB | Allocated: 459.7 MB | Cached: 642.0 MB


==== Memoria GPU - Inicio de época ====
GPU 0 - Total: 40442.4 MB | Allocated: 459.7 MB | Cached: 2346.0 MB

Validation Dice: 0.7721924928303318 for Model: RoiNetNoSkip_Dice

==== Memoria GPU - Inicio de época ====
GPU 0 - Total: 40442.4 MB | Allocated: 459.7 MB | Cached: 642.0 MB


==== Memoria GPU - Inicio de época ====
GPU 0 - Total: 40442.4 MB | Allocated: 459.7 MB | Cached: 2346.0 MB

Validation Dice: 0.8087172504859202 for Model: RoiNetNoSkip_Dice

==== Memoria GPU - Inicio de época ====
GPU 0 - Total: 40442.4 MB | Allocated: 459.7 MB | Cached: 642.0 MB


==== Memoria GPU - Inicio de época ====
GPU 0 - Total: 40442.4 MB | Allocated: 459.7 MB | Cached: 2346.0 MB

Validation Dice: 0.7806849275852471 for Model: RoiNetNoSkip_Dice

==== Memoria GPU - Inicio de época ====
GPU 0 - Total: 40442.4 MB | Allocated: 459.7 MB | Cached: 642.0 MB


==== Memoria GPU - Inicio de época ====
GPU 0 - Total: 40442.4 MB | Allocated: 459.7 MB | Cached: 2346.0 MB

Validation Dice: 0.7373334515786801 for Model: RoiNetNoSkip_Dice

==== Memoria GPU - Inicio de época ====
GPU 0 - Total: 40442.4 MB | Allocated: 459.7 MB | Cached: 642.0 MB


==== Memoria GPU - Inicio de época ====
GPU 0 - Total: 40442.4 MB | Allocated: 459.7 MB | Cached: 2346.0 MB

Validation Dice: 0.816343830236825 for Model: RoiNetNoSkip_Dice

==== Memoria GPU - Inicio de época ====
GPU 0 - Total: 40442.4 MB | Allocated: 459.7 MB | Cached: 642.0 MB


==== Memoria GPU - Inicio de época ====
GPU 0 - Total: 40442.4 MB | Allocated: 459.7 MB | Cached: 2346.0 MB

Validation Dice: 0.7329626146993803 for Model: RoiNetNoSkip_Dice

==== Memoria GPU - Inicio de época ====
GPU 0 - Total: 40442.4 MB | Allocated: 459.7 MB | Cached: 642.0 MB


==== Memoria GPU - Inicio de época ====
GPU 0 - Total: 40442.4 MB | Allocated: 459.7 MB | Cached: 2346.0 MB

Validation Dice: 0.7682613175575378 for Model: RoiNetNoSkip_Dice

==== Memoria GPU - Inicio de época ====
GPU 0 - Total: 40442.4 MB | Allocated: 459.7 MB | Cached: 642.0 MB


==== Memoria GPU - Inicio de época ====
GPU 0 - Total: 40442.4 MB | Allocated: 459.7 MB | Cached: 2346.0 MB

Validation Dice: 0.7408579538106427 for Model: RoiNetNoSkip_Dice

==== Memoria GPU - Inicio de época ====
GPU 0 - Total: 40442.4 MB | Allocated: 459.7 MB | Cached: 642.0 MB


==== Memoria GPU - Inicio de época ====
GPU 0 - Total: 40442.4 MB | Allocated: 459.7 MB | Cached: 2346.0 MB

Validation Dice: 0.8127308343006833 for Model: RoiNetNoSkip_Dice

==== Memoria GPU - Inicio de época ====
GPU 0 - Total: 40442.4 MB | Allocated: 459.7 MB | Cached: 642.0 MB


==== Memoria GPU - Inicio de época ====
GPU 0 - Total: 40442.4 MB | Allocated: 459.7 MB | Cached: 2346.0 MB

Validation Dice: 0.8252571665465845 for Model: RoiNetNoSkip_Dice
New best dice found, evaluating on test set...

==== Memoria GPU - Inicio de época ====
GPU 0 - Total: 40442.4 MB | Allocated: 459.7 MB | Cached: 2346.0 MB


==== Memoria GPU - Inicio de época ====
GPU 0 - Total: 40442.4 MB | Allocated: 459.7 MB | Cached: 642.0 MB


==== Memoria GPU - Inicio de época ====
GPU 0 - Total: 40442.4 MB | Allocated: 459.7 MB | Cached: 2346.0 MB

Validation Dice: 0.7899961760415174 for Model: RoiNetNoSkip_Dice

==== Memoria GPU - Inicio de época ====
GPU 0 - Total: 40442.4 MB | Allocated: 459.7 MB | Cached: 642.0 MB


==== Memoria GPU - Inicio de época ====
GPU 0 - Total: 40442.4 MB | Allocated: 459.7 MB | Cached: 2346.0 MB

Validation Dice: 0.8081826416548195 for Model: RoiNetNoSkip_Dice

==== Memoria GPU - Inicio de época ====
GPU 0 - Total: 40442.4 MB | Allocated: 459.7 MB | Cached: 642.0 MB


==== Memoria GPU - Inicio de época ====
GPU 0 - Total: 40442.4 MB | Allocated: 459.7 MB | Cached: 2346.0 MB

Validation Dice: 0.7858357716685217 for Model: RoiNetNoSkip_Dice

==== Memoria GPU - Inicio de época ====
GPU 0 - Total: 40442.4 MB | Allocated: 459.7 MB | Cached: 642.0 MB


==== Memoria GPU - Inicio de época ====
GPU 0 - Total: 40442.4 MB | Allocated: 459.7 MB | Cached: 2346.0 MB

Validation Dice: 0.8013435365785915 for Model: RoiNetNoSkip_Dice

==== Memoria GPU - Inicio de época ====
GPU 0 - Total: 40442.4 MB | Allocated: 459.7 MB | Cached: 642.0 MB


==== Memoria GPU - Inicio de época ====
GPU 0 - Total: 40442.4 MB | Allocated: 459.7 MB | Cached: 2346.0 MB

Validation Dice: 0.8188463164820187 for Model: RoiNetNoSkip_Dice

==== Memoria GPU - Inicio de época ====
GPU 0 - Total: 40442.4 MB | Allocated: 459.7 MB | Cached: 642.0 MB


==== Memoria GPU - Inicio de época ====
GPU 0 - Total: 40442.4 MB | Allocated: 459.7 MB | Cached: 2346.0 MB

Validation Dice: 0.7888869686512076 for Model: RoiNetNoSkip_Dice

==== Memoria GPU - Inicio de época ====
GPU 0 - Total: 40442.4 MB | Allocated: 459.7 MB | Cached: 642.0 MB


==== Memoria GPU - Inicio de época ====
GPU 0 - Total: 40442.4 MB | Allocated: 459.7 MB | Cached: 2346.0 MB

Validation Dice: 0.8208251871784076 for Model: RoiNetNoSkip_Dice

==== Memoria GPU - Inicio de época ====
GPU 0 - Total: 40442.4 MB | Allocated: 459.7 MB | Cached: 642.0 MB


==== Memoria GPU - Inicio de época ====
GPU 0 - Total: 40442.4 MB | Allocated: 459.7 MB | Cached: 2346.0 MB

Validation Dice: 0.7867797078297203 for Model: RoiNetNoSkip_Dice

==== Memoria GPU - Inicio de época ====
GPU 0 - Total: 40442.4 MB | Allocated: 459.7 MB | Cached: 642.0 MB


==== Memoria GPU - Inicio de época ====
GPU 0 - Total: 40442.4 MB | Allocated: 459.7 MB | Cached: 2346.0 MB

Validation Dice: 0.8088465438838001 for Model: RoiNetNoSkip_Dice

==== Memoria GPU - Inicio de época ====
GPU 0 - Total: 40442.4 MB | Allocated: 459.7 MB | Cached: 642.0 MB


==== Memoria GPU - Inicio de época ====
GPU 0 - Total: 40442.4 MB | Allocated: 459.7 MB | Cached: 2346.0 MB

Validation Dice: 0.7851399550068088 for Model: RoiNetNoSkip_Dice

==== Memoria GPU - Inicio de época ====
GPU 0 - Total: 40442.4 MB | Allocated: 459.7 MB | Cached: 642.0 MB


==== Memoria GPU - Inicio de época ====
GPU 0 - Total: 40442.4 MB | Allocated: 459.7 MB | Cached: 2346.0 MB

Validation Dice: 0.7585212243958862 for Model: RoiNetNoSkip_Dice

==== Memoria GPU - Inicio de época ====
GPU 0 - Total: 40442.4 MB | Allocated: 459.7 MB | Cached: 642.0 MB


==== Memoria GPU - Inicio de época ====
GPU 0 - Total: 40442.4 MB | Allocated: 459.7 MB | Cached: 2346.0 MB

Validation Dice: 0.8233033822711979 for Model: RoiNetNoSkip_Dice

==== Memoria GPU - Inicio de época ====
GPU 0 - Total: 40442.4 MB | Allocated: 459.7 MB | Cached: 642.0 MB


==== Memoria GPU - Inicio de época ====
GPU 0 - Total: 40442.4 MB | Allocated: 459.7 MB | Cached: 2346.0 MB

Validation Dice: 0.8049028927858184 for Model: RoiNetNoSkip_Dice

==== Memoria GPU - Inicio de época ====
GPU 0 - Total: 40442.4 MB | Allocated: 459.7 MB | Cached: 642.0 MB


==== Memoria GPU - Inicio de época ====
GPU 0 - Total: 40442.4 MB | Allocated: 459.7 MB | Cached: 2346.0 MB

Validation Dice: 0.7822166884829386 for Model: RoiNetNoSkip_Dice

==== Memoria GPU - Inicio de época ====
GPU 0 - Total: 40442.4 MB | Allocated: 459.7 MB | Cached: 642.0 MB


==== Memoria GPU - Inicio de época ====
GPU 0 - Total: 40442.4 MB | Allocated: 459.7 MB | Cached: 2346.0 MB

Validation Dice: 0.7992082202259535 for Model: RoiNetNoSkip_Dice

==== Memoria GPU - Inicio de época ====
GPU 0 - Total: 40442.4 MB | Allocated: 459.7 MB | Cached: 642.0 MB


==== Memoria GPU - Inicio de época ====
GPU 0 - Total: 40442.4 MB | Allocated: 459.7 MB | Cached: 2346.0 MB

Validation Dice: 0.8077318582946669 for Model: RoiNetNoSkip_Dice

==== Memoria GPU - Inicio de época ====
GPU 0 - Total: 40442.4 MB | Allocated: 459.7 MB | Cached: 642.0 MB


==== Memoria GPU - Inicio de época ====
GPU 0 - Total: 40442.4 MB | Allocated: 459.7 MB | Cached: 2346.0 MB

Validation Dice: 0.8071077269540226 for Model: RoiNetNoSkip_Dice

==== Memoria GPU - Inicio de época ====
GPU 0 - Total: 40442.4 MB | Allocated: 459.7 MB | Cached: 642.0 MB


==== Memoria GPU - Inicio de época ====
GPU 0 - Total: 40442.4 MB | Allocated: 459.7 MB | Cached: 2346.0 MB

Validation Dice: 0.8058206943679119 for Model: RoiNetNoSkip_Dice

==== Memoria GPU - Inicio de época ====
GPU 0 - Total: 40442.4 MB | Allocated: 459.7 MB | Cached: 642.0 MB


==== Memoria GPU - Inicio de época ====
GPU 0 - Total: 40442.4 MB | Allocated: 459.7 MB | Cached: 2346.0 MB

Validation Dice: 0.7931805063505725 for Model: RoiNetNoSkip_Dice

==== Memoria GPU - Inicio de época ====
GPU 0 - Total: 40442.4 MB | Allocated: 459.7 MB | Cached: 642.0 MB


==== Memoria GPU - Inicio de época ====
GPU 0 - Total: 40442.4 MB | Allocated: 459.7 MB | Cached: 2346.0 MB

Validation Dice: 0.7573560197686131 for Model: RoiNetNoSkip_Dice

==== Memoria GPU - Inicio de época ====
GPU 0 - Total: 40442.4 MB | Allocated: 459.7 MB | Cached: 642.0 MB


==== Memoria GPU - Inicio de época ====
GPU 0 - Total: 40442.4 MB | Allocated: 459.7 MB | Cached: 2346.0 MB

Validation Dice: 0.8094939979155559 for Model: RoiNetNoSkip_Dice

==== Memoria GPU - Inicio de época ====
GPU 0 - Total: 40442.4 MB | Allocated: 459.7 MB | Cached: 642.0 MB


==== Memoria GPU - Inicio de época ====
GPU 0 - Total: 40442.4 MB | Allocated: 459.7 MB | Cached: 2346.0 MB

Validation Dice: 0.7747974804778898 for Model: RoiNetNoSkip_Dice

==== Memoria GPU - Inicio de época ====
GPU 0 - Total: 40442.4 MB | Allocated: 459.7 MB | Cached: 642.0 MB


==== Memoria GPU - Inicio de época ====
GPU 0 - Total: 40442.4 MB | Allocated: 459.7 MB | Cached: 2346.0 MB

Validation Dice: 0.8039076666924231 for Model: RoiNetNoSkip_Dice

==== Memoria GPU - Inicio de época ====
GPU 0 - Total: 40442.4 MB | Allocated: 459.7 MB | Cached: 642.0 MB


==== Memoria GPU - Inicio de época ====
GPU 0 - Total: 40442.4 MB | Allocated: 459.7 MB | Cached: 2346.0 MB

Validation Dice: 0.7103938572796383 for Model: RoiNetNoSkip_Dice

==== Memoria GPU - Inicio de época ====
GPU 0 - Total: 40442.4 MB | Allocated: 459.7 MB | Cached: 642.0 MB


==== Memoria GPU - Inicio de época ====
GPU 0 - Total: 40442.4 MB | Allocated: 459.7 MB | Cached: 2346.0 MB

Validation Dice: 0.7803091495733044 for Model: RoiNetNoSkip_Dice

==== Memoria GPU - Inicio de época ====
GPU 0 - Total: 40442.4 MB | Allocated: 459.7 MB | Cached: 642.0 MB


==== Memoria GPU - Inicio de época ====
GPU 0 - Total: 40442.4 MB | Allocated: 459.7 MB | Cached: 2346.0 MB

Validation Dice: 0.8296716643291328 for Model: RoiNetNoSkip_Dice
New best dice found, evaluating on test set...

==== Memoria GPU - Inicio de época ====
GPU 0 - Total: 40442.4 MB | Allocated: 459.7 MB | Cached: 2346.0 MB


==== Memoria GPU - Inicio de época ====
GPU 0 - Total: 40442.4 MB | Allocated: 459.7 MB | Cached: 642.0 MB


==== Memoria GPU - Inicio de época ====
GPU 0 - Total: 40442.4 MB | Allocated: 459.7 MB | Cached: 2346.0 MB

Validation Dice: 0.7600945051600644 for Model: RoiNetNoSkip_Dice

==== Memoria GPU - Inicio de época ====
GPU 0 - Total: 40442.4 MB | Allocated: 459.7 MB | Cached: 642.0 MB


==== Memoria GPU - Inicio de época ====
GPU 0 - Total: 40442.4 MB | Allocated: 459.7 MB | Cached: 2346.0 MB

Validation Dice: 0.7920163423038779 for Model: RoiNetNoSkip_Dice

==== Memoria GPU - Inicio de época ====
GPU 0 - Total: 40442.4 MB | Allocated: 459.7 MB | Cached: 642.0 MB


==== Memoria GPU - Inicio de época ====
GPU 0 - Total: 40442.4 MB | Allocated: 459.7 MB | Cached: 2346.0 MB

Validation Dice: 0.8114453285698294 for Model: RoiNetNoSkip_Dice

==== Memoria GPU - Inicio de época ====
GPU 0 - Total: 40442.4 MB | Allocated: 459.7 MB | Cached: 642.0 MB


==== Memoria GPU - Inicio de época ====
GPU 0 - Total: 40442.4 MB | Allocated: 459.7 MB | Cached: 2346.0 MB

Validation Dice: 0.7884698986712291 for Model: RoiNetNoSkip_Dice

==== Memoria GPU - Inicio de época ====
GPU 0 - Total: 40442.4 MB | Allocated: 459.7 MB | Cached: 642.0 MB


==== Memoria GPU - Inicio de época ====
GPU 0 - Total: 40442.4 MB | Allocated: 459.7 MB | Cached: 2346.0 MB

Validation Dice: 0.817429754533658 for Model: RoiNetNoSkip_Dice

==== Memoria GPU - Inicio de época ====
GPU 0 - Total: 40442.4 MB | Allocated: 459.7 MB | Cached: 642.0 MB


==== Memoria GPU - Inicio de época ====
GPU 0 - Total: 40442.4 MB | Allocated: 459.7 MB | Cached: 2346.0 MB

Validation Dice: 0.8012280777209488 for Model: RoiNetNoSkip_Dice

==== Memoria GPU - Inicio de época ====
GPU 0 - Total: 40442.4 MB | Allocated: 459.7 MB | Cached: 642.0 MB


==== Memoria GPU - Inicio de época ====
GPU 0 - Total: 40442.4 MB | Allocated: 459.7 MB | Cached: 2346.0 MB

Validation Dice: 0.7990588039379777 for Model: RoiNetNoSkip_Dice

==== Memoria GPU - Inicio de época ====
GPU 0 - Total: 40442.4 MB | Allocated: 459.7 MB | Cached: 642.0 MB


==== Memoria GPU - Inicio de época ====
GPU 0 - Total: 40442.4 MB | Allocated: 459.7 MB | Cached: 2346.0 MB

Validation Dice: 0.8198618828557365 for Model: RoiNetNoSkip_Dice

==== Memoria GPU - Inicio de época ====
GPU 0 - Total: 40442.4 MB | Allocated: 459.7 MB | Cached: 642.0 MB


==== Memoria GPU - Inicio de época ====
GPU 0 - Total: 40442.4 MB | Allocated: 459.7 MB | Cached: 2346.0 MB

Validation Dice: 0.8174798836773478 for Model: RoiNetNoSkip_Dice

==== Memoria GPU - Inicio de época ====
GPU 0 - Total: 40442.4 MB | Allocated: 459.7 MB | Cached: 642.0 MB


==== Memoria GPU - Inicio de época ====
GPU 0 - Total: 40442.4 MB | Allocated: 459.7 MB | Cached: 2346.0 MB

Validation Dice: 0.7655778471978422 for Model: RoiNetNoSkip_Dice

==== Memoria GPU - Inicio de época ====
GPU 0 - Total: 40442.4 MB | Allocated: 459.7 MB | Cached: 642.0 MB


==== Memoria GPU - Inicio de época ====
GPU 0 - Total: 40442.4 MB | Allocated: 459.7 MB | Cached: 2346.0 MB

Validation Dice: 0.7951750373342733 for Model: RoiNetNoSkip_Dice

==== Memoria GPU - Inicio de época ====
GPU 0 - Total: 40442.4 MB | Allocated: 459.7 MB | Cached: 642.0 MB


==== Memoria GPU - Inicio de época ====
GPU 0 - Total: 40442.4 MB | Allocated: 459.7 MB | Cached: 2346.0 MB

Validation Dice: 0.8240717973619036 for Model: RoiNetNoSkip_Dice

==== Memoria GPU - Inicio de época ====
GPU 0 - Total: 40442.4 MB | Allocated: 459.7 MB | Cached: 642.0 MB


==== Memoria GPU - Inicio de época ====
GPU 0 - Total: 40442.4 MB | Allocated: 459.7 MB | Cached: 2346.0 MB

Validation Dice: 0.7952918005182857 for Model: RoiNetNoSkip_Dice

==== Memoria GPU - Inicio de época ====
GPU 0 - Total: 40442.4 MB | Allocated: 459.7 MB | Cached: 642.0 MB


==== Memoria GPU - Inicio de época ====
GPU 0 - Total: 40442.4 MB | Allocated: 459.7 MB | Cached: 2346.0 MB

Validation Dice: 0.7966436924343898 for Model: RoiNetNoSkip_Dice

==== Memoria GPU - Inicio de época ====
GPU 0 - Total: 40442.4 MB | Allocated: 459.7 MB | Cached: 642.0 MB


==== Memoria GPU - Inicio de época ====
GPU 0 - Total: 40442.4 MB | Allocated: 459.7 MB | Cached: 2346.0 MB

Validation Dice: 0.7954811474599622 for Model: RoiNetNoSkip_Dice

==== Memoria GPU - Inicio de época ====
GPU 0 - Total: 40442.4 MB | Allocated: 459.7 MB | Cached: 642.0 MB


==== Memoria GPU - Inicio de época ====
GPU 0 - Total: 40442.4 MB | Allocated: 459.7 MB | Cached: 2346.0 MB

Validation Dice: 0.7898131664853425 for Model: RoiNetNoSkip_Dice

==== Memoria GPU - Inicio de época ====
GPU 0 - Total: 40442.4 MB | Allocated: 459.7 MB | Cached: 642.0 MB


==== Memoria GPU - Inicio de época ====
GPU 0 - Total: 40442.4 MB | Allocated: 459.7 MB | Cached: 2346.0 MB

Validation Dice: 0.7964060893309869 for Model: RoiNetNoSkip_Dice

==== Memoria GPU - Inicio de época ====
GPU 0 - Total: 40442.4 MB | Allocated: 459.7 MB | Cached: 642.0 MB


==== Memoria GPU - Inicio de época ====
GPU 0 - Total: 40442.4 MB | Allocated: 459.7 MB | Cached: 2346.0 MB

Validation Dice: 0.7677524145831617 for Model: RoiNetNoSkip_Dice

==== Memoria GPU - Inicio de época ====
GPU 0 - Total: 40442.4 MB | Allocated: 459.7 MB | Cached: 642.0 MB


==== Memoria GPU - Inicio de época ====
GPU 0 - Total: 40442.4 MB | Allocated: 459.7 MB | Cached: 2346.0 MB

Validation Dice: 0.7988876698316911 for Model: RoiNetNoSkip_Dice

==== Memoria GPU - Inicio de época ====
GPU 0 - Total: 40442.4 MB | Allocated: 459.7 MB | Cached: 642.0 MB


==== Memoria GPU - Inicio de época ====
GPU 0 - Total: 40442.4 MB | Allocated: 459.7 MB | Cached: 2346.0 MB

Validation Dice: 0.7971808400778478 for Model: RoiNetNoSkip_Dice

==== Memoria GPU - Inicio de época ====
GPU 0 - Total: 40442.4 MB | Allocated: 459.7 MB | Cached: 642.0 MB


==== Memoria GPU - Inicio de época ====
GPU 0 - Total: 40442.4 MB | Allocated: 459.7 MB | Cached: 2346.0 MB

Validation Dice: 0.8386958292042997 for Model: RoiNetNoSkip_Dice
New best dice found, evaluating on test set...

==== Memoria GPU - Inicio de época ====
GPU 0 - Total: 40442.4 MB | Allocated: 459.7 MB | Cached: 2346.0 MB


==== Memoria GPU - Inicio de época ====
GPU 0 - Total: 40442.4 MB | Allocated: 459.7 MB | Cached: 642.0 MB


==== Memoria GPU - Inicio de época ====
GPU 0 - Total: 40442.4 MB | Allocated: 459.7 MB | Cached: 2346.0 MB

Validation Dice: 0.7430109892379799 for Model: RoiNetNoSkip_Dice

==== Memoria GPU - Inicio de época ====
GPU 0 - Total: 40442.4 MB | Allocated: 459.7 MB | Cached: 642.0 MB


==== Memoria GPU - Inicio de época ====
GPU 0 - Total: 40442.4 MB | Allocated: 459.7 MB | Cached: 2346.0 MB

Validation Dice: 0.8067434473218578 for Model: RoiNetNoSkip_Dice

==== Memoria GPU - Inicio de época ====
GPU 0 - Total: 40442.4 MB | Allocated: 459.7 MB | Cached: 642.0 MB


==== Memoria GPU - Inicio de época ====
GPU 0 - Total: 40442.4 MB | Allocated: 459.7 MB | Cached: 2346.0 MB

Validation Dice: 0.8035162469911791 for Model: RoiNetNoSkip_Dice

==== Memoria GPU - Inicio de época ====
GPU 0 - Total: 40442.4 MB | Allocated: 459.7 MB | Cached: 642.0 MB


==== Memoria GPU - Inicio de época ====
GPU 0 - Total: 40442.4 MB | Allocated: 459.7 MB | Cached: 2346.0 MB

Validation Dice: 0.8222770300133301 for Model: RoiNetNoSkip_Dice

==== Memoria GPU - Inicio de época ====
GPU 0 - Total: 40442.4 MB | Allocated: 459.7 MB | Cached: 642.0 MB


==== Memoria GPU - Inicio de época ====
GPU 0 - Total: 40442.4 MB | Allocated: 459.7 MB | Cached: 2346.0 MB

Validation Dice: 0.8125727581158481 for Model: RoiNetNoSkip_Dice

==== Memoria GPU - Inicio de época ====
GPU 0 - Total: 40442.4 MB | Allocated: 459.7 MB | Cached: 642.0 MB


==== Memoria GPU - Inicio de época ====
GPU 0 - Total: 40442.4 MB | Allocated: 459.7 MB | Cached: 2346.0 MB

Validation Dice: 0.6994029195303062 for Model: RoiNetNoSkip_Dice

==== Memoria GPU - Inicio de época ====
GPU 0 - Total: 40442.4 MB | Allocated: 459.7 MB | Cached: 642.0 MB


==== Memoria GPU - Inicio de época ====
GPU 0 - Total: 40442.4 MB | Allocated: 459.7 MB | Cached: 2346.0 MB

Validation Dice: 0.7700791704493537 for Model: RoiNetNoSkip_Dice

==== Memoria GPU - Inicio de época ====
GPU 0 - Total: 40442.4 MB | Allocated: 459.7 MB | Cached: 642.0 MB


==== Memoria GPU - Inicio de época ====
GPU 0 - Total: 40442.4 MB | Allocated: 459.7 MB | Cached: 2346.0 MB

Validation Dice: 0.7739424061306938 for Model: RoiNetNoSkip_Dice

==== Memoria GPU - Inicio de época ====
GPU 0 - Total: 40442.4 MB | Allocated: 459.7 MB | Cached: 642.0 MB


==== Memoria GPU - Inicio de época ====
GPU 0 - Total: 40442.4 MB | Allocated: 459.7 MB | Cached: 2346.0 MB

Validation Dice: 0.7223018888907963 for Model: RoiNetNoSkip_Dice

==== Memoria GPU - Inicio de época ====
GPU 0 - Total: 40442.4 MB | Allocated: 459.7 MB | Cached: 642.0 MB


==== Memoria GPU - Inicio de época ====
GPU 0 - Total: 40442.4 MB | Allocated: 459.7 MB | Cached: 2346.0 MB

Validation Dice: 0.8095985671497045 for Model: RoiNetNoSkip_Dice

==== Memoria GPU - Inicio de época ====
GPU 0 - Total: 40442.4 MB | Allocated: 459.7 MB | Cached: 642.0 MB


==== Memoria GPU - Inicio de época ====
GPU 0 - Total: 40442.4 MB | Allocated: 459.7 MB | Cached: 2346.0 MB

Validation Dice: 0.8127744184292135 for Model: RoiNetNoSkip_Dice

==== Memoria GPU - Inicio de época ====
GPU 0 - Total: 40442.4 MB | Allocated: 459.7 MB | Cached: 642.0 MB


==== Memoria GPU - Inicio de época ====
GPU 0 - Total: 40442.4 MB | Allocated: 459.7 MB | Cached: 2346.0 MB

Validation Dice: 0.7984740605743768 for Model: RoiNetNoSkip_Dice

==== Memoria GPU - Inicio de época ====
GPU 0 - Total: 40442.4 MB | Allocated: 459.7 MB | Cached: 642.0 MB


==== Memoria GPU - Inicio de época ====
GPU 0 - Total: 40442.4 MB | Allocated: 459.7 MB | Cached: 2346.0 MB

Validation Dice: 0.8209476599694526 for Model: RoiNetNoSkip_Dice

==== Memoria GPU - Inicio de época ====
GPU 0 - Total: 40442.4 MB | Allocated: 459.7 MB | Cached: 642.0 MB


==== Memoria GPU - Inicio de época ====
GPU 0 - Total: 40442.4 MB | Allocated: 459.7 MB | Cached: 2346.0 MB

Validation Dice: 0.8183631588756034 for Model: RoiNetNoSkip_Dice

==== Memoria GPU - Inicio de época ====
GPU 0 - Total: 40442.4 MB | Allocated: 459.7 MB | Cached: 642.0 MB


==== Memoria GPU - Inicio de época ====
GPU 0 - Total: 40442.4 MB | Allocated: 459.7 MB | Cached: 2346.0 MB

Validation Dice: 0.8018008707014755 for Model: RoiNetNoSkip_Dice

==== Memoria GPU - Inicio de época ====
GPU 0 - Total: 40442.4 MB | Allocated: 459.7 MB | Cached: 642.0 MB


==== Memoria GPU - Inicio de época ====
GPU 0 - Total: 40442.4 MB | Allocated: 459.7 MB | Cached: 2346.0 MB

Validation Dice: 0.8029863981608347 for Model: RoiNetNoSkip_Dice

==== Memoria GPU - Inicio de época ====
GPU 0 - Total: 40442.4 MB | Allocated: 459.7 MB | Cached: 642.0 MB


==== Memoria GPU - Inicio de época ====
GPU 0 - Total: 40442.4 MB | Allocated: 459.7 MB | Cached: 2346.0 MB

Validation Dice: 0.7610113289340293 for Model: RoiNetNoSkip_Dice

==== Memoria GPU - Inicio de época ====
GPU 0 - Total: 40442.4 MB | Allocated: 459.7 MB | Cached: 642.0 MB


==== Memoria GPU - Inicio de época ====
GPU 0 - Total: 40442.4 MB | Allocated: 459.7 MB | Cached: 2346.0 MB

Validation Dice: 0.8166624048382026 for Model: RoiNetNoSkip_Dice

==== Memoria GPU - Inicio de época ====
GPU 0 - Total: 40442.4 MB | Allocated: 459.7 MB | Cached: 642.0 MB


==== Memoria GPU - Inicio de época ====
GPU 0 - Total: 40442.4 MB | Allocated: 459.7 MB | Cached: 2346.0 MB

Validation Dice: 0.8139383533146932 for Model: RoiNetNoSkip_Dice

==== Memoria GPU - Inicio de época ====
GPU 0 - Total: 40442.4 MB | Allocated: 459.7 MB | Cached: 642.0 MB


==== Memoria GPU - Inicio de época ====
GPU 0 - Total: 40442.4 MB | Allocated: 459.7 MB | Cached: 2346.0 MB

Validation Dice: 0.7949732548840661 for Model: RoiNetNoSkip_Dice

==== Memoria GPU - Inicio de época ====
GPU 0 - Total: 40442.4 MB | Allocated: 459.7 MB | Cached: 642.0 MB


==== Memoria GPU - Inicio de época ====
GPU 0 - Total: 40442.4 MB | Allocated: 459.7 MB | Cached: 2346.0 MB

Validation Dice: 0.8146400745208284 for Model: RoiNetNoSkip_Dice

==== Memoria GPU - Inicio de época ====
GPU 0 - Total: 40442.4 MB | Allocated: 459.7 MB | Cached: 642.0 MB


==== Memoria GPU - Inicio de época ====
GPU 0 - Total: 40442.4 MB | Allocated: 459.7 MB | Cached: 2346.0 MB

Validation Dice: 0.8141766346639082 for Model: RoiNetNoSkip_Dice

==== Memoria GPU - Inicio de época ====
GPU 0 - Total: 40442.4 MB | Allocated: 459.7 MB | Cached: 642.0 MB


==== Memoria GPU - Inicio de época ====
GPU 0 - Total: 40442.4 MB | Allocated: 459.7 MB | Cached: 2346.0 MB

Validation Dice: 0.8196109630667405 for Model: RoiNetNoSkip_Dice

==== Memoria GPU - Inicio de época ====
GPU 0 - Total: 40442.4 MB | Allocated: 459.7 MB | Cached: 642.0 MB


==== Memoria GPU - Inicio de época ====
GPU 0 - Total: 40442.4 MB | Allocated: 459.7 MB | Cached: 2346.0 MB

Validation Dice: 0.7993196991216506 for Model: RoiNetNoSkip_Dice

==== Memoria GPU - Inicio de época ====
GPU 0 - Total: 40442.4 MB | Allocated: 459.7 MB | Cached: 642.0 MB


==== Memoria GPU - Inicio de época ====
GPU 0 - Total: 40442.4 MB | Allocated: 459.7 MB | Cached: 2346.0 MB

Validation Dice: 0.7857218270208266 for Model: RoiNetNoSkip_Dice

==== Memoria GPU - Inicio de época ====
GPU 0 - Total: 40442.4 MB | Allocated: 459.7 MB | Cached: 642.0 MB


==== Memoria GPU - Inicio de época ====
GPU 0 - Total: 40442.4 MB | Allocated: 459.7 MB | Cached: 2346.0 MB

Validation Dice: 0.7671281775880504 for Model: RoiNetNoSkip_Dice

==== Memoria GPU - Inicio de época ====
GPU 0 - Total: 40442.4 MB | Allocated: 459.7 MB | Cached: 642.0 MB


==== Memoria GPU - Inicio de época ====
GPU 0 - Total: 40442.4 MB | Allocated: 459.7 MB | Cached: 2346.0 MB

Validation Dice: 0.7960429771894796 for Model: RoiNetNoSkip_Dice

==== Memoria GPU - Inicio de época ====
GPU 0 - Total: 40442.4 MB | Allocated: 459.7 MB | Cached: 642.0 MB


==== Memoria GPU - Inicio de época ====
GPU 0 - Total: 40442.4 MB | Allocated: 459.7 MB | Cached: 2346.0 MB

Validation Dice: 0.7849084273119443 for Model: RoiNetNoSkip_Dice

==== Memoria GPU - Inicio de época ====
GPU 0 - Total: 40442.4 MB | Allocated: 459.7 MB | Cached: 642.0 MB


==== Memoria GPU - Inicio de época ====
GPU 0 - Total: 40442.4 MB | Allocated: 459.7 MB | Cached: 2346.0 MB

Validation Dice: 0.7932054629893482 for Model: RoiNetNoSkip_Dice

==== Memoria GPU - Inicio de época ====
GPU 0 - Total: 40442.4 MB | Allocated: 459.7 MB | Cached: 642.0 MB


==== Memoria GPU - Inicio de época ====
GPU 0 - Total: 40442.4 MB | Allocated: 459.7 MB | Cached: 2346.0 MB

Validation Dice: 0.7986788263866803 for Model: RoiNetNoSkip_Dice

==== Memoria GPU - Inicio de época ====
GPU 0 - Total: 40442.4 MB | Allocated: 459.7 MB | Cached: 642.0 MB


==== Memoria GPU - Inicio de época ====
GPU 0 - Total: 40442.4 MB | Allocated: 459.7 MB | Cached: 2346.0 MB

Validation Dice: 0.7595033532088641 for Model: RoiNetNoSkip_Dice

==== Memoria GPU - Inicio de época ====
GPU 0 - Total: 40442.4 MB | Allocated: 459.7 MB | Cached: 642.0 MB


==== Memoria GPU - Inicio de época ====
GPU 0 - Total: 40442.4 MB | Allocated: 459.7 MB | Cached: 2346.0 MB

Validation Dice: 0.8102429369660994 for Model: RoiNetNoSkip_Dice

==== Memoria GPU - Inicio de época ====
GPU 0 - Total: 40442.4 MB | Allocated: 459.7 MB | Cached: 642.0 MB


==== Memoria GPU - Inicio de época ====
GPU 0 - Total: 40442.4 MB | Allocated: 459.7 MB | Cached: 2346.0 MB

Validation Dice: 0.7981132050260132 for Model: RoiNetNoSkip_Dice

==== Memoria GPU - Inicio de época ====
GPU 0 - Total: 40442.4 MB | Allocated: 459.7 MB | Cached: 642.0 MB


==== Memoria GPU - Inicio de época ====
GPU 0 - Total: 40442.4 MB | Allocated: 459.7 MB | Cached: 2346.0 MB

Validation Dice: 0.8035082634305611 for Model: RoiNetNoSkip_Dice

==== Memoria GPU - Inicio de época ====
GPU 0 - Total: 40442.4 MB | Allocated: 459.7 MB | Cached: 642.0 MB


==== Memoria GPU - Inicio de época ====
GPU 0 - Total: 40442.4 MB | Allocated: 459.7 MB | Cached: 2346.0 MB

Validation Dice: 0.8202716978208769 for Model: RoiNetNoSkip_Dice

==== Memoria GPU - Inicio de época ====
GPU 0 - Total: 40442.4 MB | Allocated: 459.7 MB | Cached: 642.0 MB


==== Memoria GPU - Inicio de época ====
GPU 0 - Total: 40442.4 MB | Allocated: 459.7 MB | Cached: 2346.0 MB

Validation Dice: 0.7910898998610459 for Model: RoiNetNoSkip_Dice

==== Memoria GPU - Inicio de época ====
GPU 0 - Total: 40442.4 MB | Allocated: 459.7 MB | Cached: 642.0 MB


==== Memoria GPU - Inicio de época ====
GPU 0 - Total: 40442.4 MB | Allocated: 459.7 MB | Cached: 2346.0 MB

Validation Dice: 0.7803923410872787 for Model: RoiNetNoSkip_Dice

==== Memoria GPU - Inicio de época ====
GPU 0 - Total: 40442.4 MB | Allocated: 459.7 MB | Cached: 642.0 MB


==== Memoria GPU - Inicio de época ====
GPU 0 - Total: 40442.4 MB | Allocated: 459.7 MB | Cached: 2346.0 MB

Validation Dice: 0.8106678833229548 for Model: RoiNetNoSkip_Dice

==== Memoria GPU - Inicio de época ====
GPU 0 - Total: 40442.4 MB | Allocated: 459.7 MB | Cached: 642.0 MB


==== Memoria GPU - Inicio de época ====
GPU 0 - Total: 40442.4 MB | Allocated: 459.7 MB | Cached: 2346.0 MB

Validation Dice: 0.7814458670010054 for Model: RoiNetNoSkip_Dice

==== Memoria GPU - Inicio de época ====
GPU 0 - Total: 40442.4 MB | Allocated: 459.7 MB | Cached: 642.0 MB


==== Memoria GPU - Inicio de época ====
GPU 0 - Total: 40442.4 MB | Allocated: 459.7 MB | Cached: 2346.0 MB

Validation Dice: 0.8196407600793291 for Model: RoiNetNoSkip_Dice

==== Memoria GPU - Inicio de época ====
GPU 0 - Total: 40442.4 MB | Allocated: 459.7 MB | Cached: 642.0 MB


==== Memoria GPU - Inicio de época ====
GPU 0 - Total: 40442.4 MB | Allocated: 459.7 MB | Cached: 2346.0 MB

Validation Dice: 0.7957414829031536 for Model: RoiNetNoSkip_Dice

==== Memoria GPU - Inicio de época ====
GPU 0 - Total: 40442.4 MB | Allocated: 459.7 MB | Cached: 642.0 MB


==== Memoria GPU - Inicio de época ====
GPU 0 - Total: 40442.4 MB | Allocated: 459.7 MB | Cached: 2346.0 MB

Validation Dice: 0.7907099151026481 for Model: RoiNetNoSkip_Dice

==== Memoria GPU - Inicio de época ====
GPU 0 - Total: 40442.4 MB | Allocated: 459.7 MB | Cached: 642.0 MB


==== Memoria GPU - Inicio de época ====
GPU 0 - Total: 40442.4 MB | Allocated: 459.7 MB | Cached: 2346.0 MB

Validation Dice: 0.7930783937091809 for Model: RoiNetNoSkip_Dice

==== Memoria GPU - Inicio de época ====
GPU 0 - Total: 40442.4 MB | Allocated: 459.7 MB | Cached: 642.0 MB


==== Memoria GPU - Inicio de época ====
GPU 0 - Total: 40442.4 MB | Allocated: 459.7 MB | Cached: 2346.0 MB

Validation Dice: 0.8063450709003376 for Model: RoiNetNoSkip_Dice

==== Memoria GPU - Inicio de época ====
GPU 0 - Total: 40442.4 MB | Allocated: 459.7 MB | Cached: 642.0 MB


==== Memoria GPU - Inicio de época ====
GPU 0 - Total: 40442.4 MB | Allocated: 459.7 MB | Cached: 2346.0 MB

Validation Dice: 0.8170281741756652 for Model: RoiNetNoSkip_Dice

==== Memoria GPU - Inicio de época ====
GPU 0 - Total: 40442.4 MB | Allocated: 459.7 MB | Cached: 642.0 MB


==== Memoria GPU - Inicio de época ====
GPU 0 - Total: 40442.4 MB | Allocated: 459.7 MB | Cached: 2346.0 MB

Validation Dice: 0.7949866160016823 for Model: RoiNetNoSkip_Dice

==== Memoria GPU - Inicio de época ====
GPU 0 - Total: 40442.4 MB | Allocated: 459.7 MB | Cached: 642.0 MB


==== Memoria GPU - Inicio de época ====
GPU 0 - Total: 40442.4 MB | Allocated: 459.7 MB | Cached: 2346.0 MB

Validation Dice: 0.807353151463384 for Model: RoiNetNoSkip_Dice

==== Memoria GPU - Inicio de época ====
GPU 0 - Total: 40442.4 MB | Allocated: 459.7 MB | Cached: 642.0 MB


==== Memoria GPU - Inicio de época ====
GPU 0 - Total: 40442.4 MB | Allocated: 459.7 MB | Cached: 2346.0 MB

Validation Dice: 0.794906077173879 for Model: RoiNetNoSkip_Dice

==== Memoria GPU - Inicio de época ====
GPU 0 - Total: 40442.4 MB | Allocated: 459.7 MB | Cached: 642.0 MB


==== Memoria GPU - Inicio de época ====
GPU 0 - Total: 40442.4 MB | Allocated: 459.7 MB | Cached: 2346.0 MB

Validation Dice: 0.7605091760074837 for Model: RoiNetNoSkip_Dice

==== Memoria GPU - Inicio de época ====
GPU 0 - Total: 40442.4 MB | Allocated: 459.7 MB | Cached: 642.0 MB


==== Memoria GPU - Inicio de época ====
GPU 0 - Total: 40442.4 MB | Allocated: 459.7 MB | Cached: 2346.0 MB

Validation Dice: 0.831175656086352 for Model: RoiNetNoSkip_Dice

==== Memoria GPU - Inicio de época ====
GPU 0 - Total: 40442.4 MB | Allocated: 459.7 MB | Cached: 642.0 MB


==== Memoria GPU - Inicio de época ====
GPU 0 - Total: 40442.4 MB | Allocated: 459.7 MB | Cached: 2346.0 MB

Validation Dice: 0.7928895456986589 for Model: RoiNetNoSkip_Dice

==== Memoria GPU - Inicio de época ====
GPU 0 - Total: 40442.4 MB | Allocated: 459.7 MB | Cached: 642.0 MB


==== Memoria GPU - Inicio de época ====
GPU 0 - Total: 40442.4 MB | Allocated: 459.7 MB | Cached: 2346.0 MB

Validation Dice: 0.8151531586154488 for Model: RoiNetNoSkip_Dice

==== Memoria GPU - Inicio de época ====
GPU 0 - Total: 40442.4 MB | Allocated: 459.7 MB | Cached: 642.0 MB


==== Memoria GPU - Inicio de época ====
GPU 0 - Total: 40442.4 MB | Allocated: 459.7 MB | Cached: 2346.0 MB

Validation Dice: 0.7596902055394699 for Model: RoiNetNoSkip_Dice

==== Memoria GPU - Inicio de época ====
GPU 0 - Total: 40442.4 MB | Allocated: 459.7 MB | Cached: 642.0 MB


==== Memoria GPU - Inicio de época ====
GPU 0 - Total: 40442.4 MB | Allocated: 459.7 MB | Cached: 2346.0 MB

Validation Dice: 0.8138293874669111 for Model: RoiNetNoSkip_Dice

==== Memoria GPU - Inicio de época ====
GPU 0 - Total: 40442.4 MB | Allocated: 459.7 MB | Cached: 642.0 MB


==== Memoria GPU - Inicio de época ====
GPU 0 - Total: 40442.4 MB | Allocated: 459.7 MB | Cached: 2346.0 MB

Validation Dice: 0.7994149122177708 for Model: RoiNetNoSkip_Dice

==== Memoria GPU - Inicio de época ====
GPU 0 - Total: 40442.4 MB | Allocated: 459.7 MB | Cached: 642.0 MB


==== Memoria GPU - Inicio de época ====
GPU 0 - Total: 40442.4 MB | Allocated: 459.7 MB | Cached: 2346.0 MB

Validation Dice: 0.8072455924641836 for Model: RoiNetNoSkip_Dice

==== Memoria GPU - Inicio de época ====
GPU 0 - Total: 40442.4 MB | Allocated: 459.7 MB | Cached: 642.0 MB


==== Memoria GPU - Inicio de época ====
GPU 0 - Total: 40442.4 MB | Allocated: 459.7 MB | Cached: 2346.0 MB

Validation Dice: 0.8199129429871266 for Model: RoiNetNoSkip_Dice

==== Memoria GPU - Inicio de época ====
GPU 0 - Total: 40442.4 MB | Allocated: 459.7 MB | Cached: 642.0 MB


==== Memoria GPU - Inicio de época ====
GPU 0 - Total: 40442.4 MB | Allocated: 459.7 MB | Cached: 2346.0 MB

Validation Dice: 0.82553147375868 for Model: RoiNetNoSkip_Dice

==== Memoria GPU - Inicio de época ====
GPU 0 - Total: 40442.4 MB | Allocated: 459.7 MB | Cached: 642.0 MB


==== Memoria GPU - Inicio de época ====
GPU 0 - Total: 40442.4 MB | Allocated: 459.7 MB | Cached: 2346.0 MB

Validation Dice: 0.8173222673274987 for Model: RoiNetNoSkip_Dice

==== Memoria GPU - Inicio de época ====
GPU 0 - Total: 40442.4 MB | Allocated: 459.7 MB | Cached: 642.0 MB


==== Memoria GPU - Inicio de época ====
GPU 0 - Total: 40442.4 MB | Allocated: 459.7 MB | Cached: 2346.0 MB

Validation Dice: 0.8145448914439081 for Model: RoiNetNoSkip_Dice

==== Memoria GPU - Inicio de época ====
GPU 0 - Total: 40442.4 MB | Allocated: 459.7 MB | Cached: 642.0 MB


==== Memoria GPU - Inicio de época ====
GPU 0 - Total: 40442.4 MB | Allocated: 459.7 MB | Cached: 2346.0 MB

Validation Dice: 0.8142339371045525 for Model: RoiNetNoSkip_Dice

==== Memoria GPU - Inicio de época ====
GPU 0 - Total: 40442.4 MB | Allocated: 459.7 MB | Cached: 642.0 MB


==== Memoria GPU - Inicio de época ====
GPU 0 - Total: 40442.4 MB | Allocated: 459.7 MB | Cached: 2346.0 MB

Validation Dice: 0.815461666536112 for Model: RoiNetNoSkip_Dice

==== Memoria GPU - Inicio de época ====
GPU 0 - Total: 40442.4 MB | Allocated: 459.7 MB | Cached: 642.0 MB


==== Memoria GPU - Inicio de época ====
GPU 0 - Total: 40442.4 MB | Allocated: 459.7 MB | Cached: 2346.0 MB

Validation Dice: 0.7777737142484554 for Model: RoiNetNoSkip_Dice

==== Memoria GPU - Inicio de época ====
GPU 0 - Total: 40442.4 MB | Allocated: 459.7 MB | Cached: 642.0 MB


==== Memoria GPU - Inicio de época ====
GPU 0 - Total: 40442.4 MB | Allocated: 459.7 MB | Cached: 2346.0 MB

Validation Dice: 0.7575737768740339 for Model: RoiNetNoSkip_Dice

==== Memoria GPU - Inicio de época ====
GPU 0 - Total: 40442.4 MB | Allocated: 459.7 MB | Cached: 642.0 MB


==== Memoria GPU - Inicio de época ====
GPU 0 - Total: 40442.4 MB | Allocated: 459.7 MB | Cached: 2346.0 MB

Validation Dice: 0.8188703256933462 for Model: RoiNetNoSkip_Dice

==== Memoria GPU - Inicio de época ====
GPU 0 - Total: 40442.4 MB | Allocated: 459.7 MB | Cached: 642.0 MB


==== Memoria GPU - Inicio de época ====
GPU 0 - Total: 40442.4 MB | Allocated: 459.7 MB | Cached: 2346.0 MB

Validation Dice: 0.8135670266190865 for Model: RoiNetNoSkip_Dice

==== Memoria GPU - Inicio de época ====
GPU 0 - Total: 40442.4 MB | Allocated: 459.7 MB | Cached: 642.0 MB


==== Memoria GPU - Inicio de época ====
GPU 0 - Total: 40442.4 MB | Allocated: 459.7 MB | Cached: 2346.0 MB

Validation Dice: 0.7595700560516594 for Model: RoiNetNoSkip_Dice

==== Memoria GPU - Inicio de época ====
GPU 0 - Total: 40442.4 MB | Allocated: 459.7 MB | Cached: 642.0 MB


==== Memoria GPU - Inicio de época ====
GPU 0 - Total: 40442.4 MB | Allocated: 459.7 MB | Cached: 2346.0 MB

Validation Dice: 0.8135165453286483 for Model: RoiNetNoSkip_Dice

==== Memoria GPU - Inicio de época ====
GPU 0 - Total: 40442.4 MB | Allocated: 459.7 MB | Cached: 642.0 MB


==== Memoria GPU - Inicio de época ====
GPU 0 - Total: 40442.4 MB | Allocated: 459.7 MB | Cached: 2346.0 MB

Validation Dice: 0.8149178726707715 for Model: RoiNetNoSkip_Dice

==== Memoria GPU - Inicio de época ====
GPU 0 - Total: 40442.4 MB | Allocated: 459.7 MB | Cached: 642.0 MB


==== Memoria GPU - Inicio de época ====
GPU 0 - Total: 40442.4 MB | Allocated: 459.7 MB | Cached: 2346.0 MB

Validation Dice: 0.8019513942215429 for Model: RoiNetNoSkip_Dice

==== Memoria GPU - Inicio de época ====
GPU 0 - Total: 40442.4 MB | Allocated: 459.7 MB | Cached: 642.0 MB


==== Memoria GPU - Inicio de época ====
GPU 0 - Total: 40442.4 MB | Allocated: 459.7 MB | Cached: 2346.0 MB

Validation Dice: 0.805025974690484 for Model: RoiNetNoSkip_Dice

==== Memoria GPU - Inicio de época ====
GPU 0 - Total: 40442.4 MB | Allocated: 459.7 MB | Cached: 642.0 MB


==== Memoria GPU - Inicio de época ====
GPU 0 - Total: 40442.4 MB | Allocated: 459.7 MB | Cached: 2346.0 MB

Validation Dice: 0.8176788232702754 for Model: RoiNetNoSkip_Dice

==== Memoria GPU - Inicio de época ====
GPU 0 - Total: 40442.4 MB | Allocated: 459.7 MB | Cached: 642.0 MB


==== Memoria GPU - Inicio de época ====
GPU 0 - Total: 40442.4 MB | Allocated: 459.7 MB | Cached: 2346.0 MB

Validation Dice: 0.7570239857273672 for Model: RoiNetNoSkip_Dice

==== Memoria GPU - Inicio de época ====
GPU 0 - Total: 40442.4 MB | Allocated: 459.7 MB | Cached: 642.0 MB


==== Memoria GPU - Inicio de época ====
GPU 0 - Total: 40442.4 MB | Allocated: 459.7 MB | Cached: 2346.0 MB

Validation Dice: 0.8178498023461321 for Model: RoiNetNoSkip_Dice

==== Memoria GPU - Inicio de época ====
GPU 0 - Total: 40442.4 MB | Allocated: 459.7 MB | Cached: 642.0 MB


==== Memoria GPU - Inicio de época ====
GPU 0 - Total: 40442.4 MB | Allocated: 459.7 MB | Cached: 2346.0 MB

Validation Dice: 0.808640274096561 for Model: RoiNetNoSkip_Dice

==== Memoria GPU - Inicio de época ====
GPU 0 - Total: 40442.4 MB | Allocated: 459.7 MB | Cached: 642.0 MB


==== Memoria GPU - Inicio de época ====
GPU 0 - Total: 40442.4 MB | Allocated: 459.7 MB | Cached: 2346.0 MB

Validation Dice: 0.8108357888150207 for Model: RoiNetNoSkip_Dice

==== Memoria GPU - Inicio de época ====
GPU 0 - Total: 40442.4 MB | Allocated: 459.7 MB | Cached: 642.0 MB


==== Memoria GPU - Inicio de época ====
GPU 0 - Total: 40442.4 MB | Allocated: 459.7 MB | Cached: 2346.0 MB

Validation Dice: 0.8230329546893604 for Model: RoiNetNoSkip_Dice

==== Memoria GPU - Inicio de época ====
GPU 0 - Total: 40442.4 MB | Allocated: 459.7 MB | Cached: 642.0 MB


==== Memoria GPU - Inicio de época ====
GPU 0 - Total: 40442.4 MB | Allocated: 459.7 MB | Cached: 2346.0 MB

Validation Dice: 0.7797161836846737 for Model: RoiNetNoSkip_Dice

==== Memoria GPU - Inicio de época ====
GPU 0 - Total: 40442.4 MB | Allocated: 459.7 MB | Cached: 642.0 MB


==== Memoria GPU - Inicio de época ====
GPU 0 - Total: 40442.4 MB | Allocated: 459.7 MB | Cached: 2346.0 MB

Validation Dice: 0.8053106069876247 for Model: RoiNetNoSkip_Dice

==== Memoria GPU - Inicio de época ====
GPU 0 - Total: 40442.4 MB | Allocated: 459.7 MB | Cached: 642.0 MB


==== Memoria GPU - Inicio de época ====
GPU 0 - Total: 40442.4 MB | Allocated: 459.7 MB | Cached: 2346.0 MB

Validation Dice: 0.8110065734220511 for Model: RoiNetNoSkip_Dice

==== Memoria GPU - Inicio de época ====
GPU 0 - Total: 40442.4 MB | Allocated: 459.7 MB | Cached: 642.0 MB


==== Memoria GPU - Inicio de época ====
GPU 0 - Total: 40442.4 MB | Allocated: 459.7 MB | Cached: 2346.0 MB

Validation Dice: 0.809300914635251 for Model: RoiNetNoSkip_Dice

==== Memoria GPU - Inicio de época ====
GPU 0 - Total: 40442.4 MB | Allocated: 459.7 MB | Cached: 642.0 MB


==== Memoria GPU - Inicio de época ====
GPU 0 - Total: 40442.4 MB | Allocated: 459.7 MB | Cached: 2346.0 MB

Validation Dice: 0.7552363611270771 for Model: RoiNetNoSkip_Dice

==== Memoria GPU - Inicio de época ====
GPU 0 - Total: 40442.4 MB | Allocated: 459.7 MB | Cached: 642.0 MB


==== Memoria GPU - Inicio de época ====
GPU 0 - Total: 40442.4 MB | Allocated: 459.7 MB | Cached: 2346.0 MB

Validation Dice: 0.8053163823987486 for Model: RoiNetNoSkip_Dice

==== Memoria GPU - Inicio de época ====
GPU 0 - Total: 40442.4 MB | Allocated: 459.7 MB | Cached: 642.0 MB


==== Memoria GPU - Inicio de época ====
GPU 0 - Total: 40442.4 MB | Allocated: 459.7 MB | Cached: 2346.0 MB

Validation Dice: 0.8254030285701693 for Model: RoiNetNoSkip_Dice

==== Memoria GPU - Inicio de época ====
GPU 0 - Total: 40442.4 MB | Allocated: 459.7 MB | Cached: 642.0 MB


==== Memoria GPU - Inicio de época ====
GPU 0 - Total: 40442.4 MB | Allocated: 459.7 MB | Cached: 2346.0 MB

Validation Dice: 0.8037133130280978 for Model: RoiNetNoSkip_Dice

==== Memoria GPU - Inicio de época ====
GPU 0 - Total: 40442.4 MB | Allocated: 459.7 MB | Cached: 642.0 MB


==== Memoria GPU - Inicio de época ====
GPU 0 - Total: 40442.4 MB | Allocated: 459.7 MB | Cached: 2346.0 MB

Validation Dice: 0.7722611311060931 for Model: RoiNetNoSkip_Dice

==== Memoria GPU - Inicio de época ====
GPU 0 - Total: 40442.4 MB | Allocated: 459.7 MB | Cached: 642.0 MB


==== Memoria GPU - Inicio de época ====
GPU 0 - Total: 40442.4 MB | Allocated: 459.7 MB | Cached: 2346.0 MB

Validation Dice: 0.8006376497717795 for Model: RoiNetNoSkip_Dice

==== Memoria GPU - Inicio de época ====
GPU 0 - Total: 40442.4 MB | Allocated: 459.7 MB | Cached: 642.0 MB


==== Memoria GPU - Inicio de época ====
GPU 0 - Total: 40442.4 MB | Allocated: 459.7 MB | Cached: 2346.0 MB

Validation Dice: 0.8075592354942156 for Model: RoiNetNoSkip_Dice

==== Memoria GPU - Inicio de época ====
GPU 0 - Total: 40442.4 MB | Allocated: 459.7 MB | Cached: 642.0 MB


==== Memoria GPU - Inicio de época ====
GPU 0 - Total: 40442.4 MB | Allocated: 459.7 MB | Cached: 2346.0 MB

Validation Dice: 0.7520154438158401 for Model: RoiNetNoSkip_Dice

==== Memoria GPU - Inicio de época ====
GPU 0 - Total: 40442.4 MB | Allocated: 459.7 MB | Cached: 642.0 MB


==== Memoria GPU - Inicio de época ====
GPU 0 - Total: 40442.4 MB | Allocated: 459.7 MB | Cached: 2346.0 MB

Validation Dice: 0.8302894981586458 for Model: RoiNetNoSkip_Dice

==== Memoria GPU - Inicio de época ====
GPU 0 - Total: 40442.4 MB | Allocated: 459.7 MB | Cached: 642.0 MB


==== Memoria GPU - Inicio de época ====
GPU 0 - Total: 40442.4 MB | Allocated: 459.7 MB | Cached: 2346.0 MB

Validation Dice: 0.816045990678118 for Model: RoiNetNoSkip_Dice

==== Memoria GPU - Inicio de época ====
GPU 0 - Total: 40442.4 MB | Allocated: 459.7 MB | Cached: 642.0 MB


==== Memoria GPU - Inicio de época ====
GPU 0 - Total: 40442.4 MB | Allocated: 459.7 MB | Cached: 2346.0 MB

Validation Dice: 0.7512526084191168 for Model: RoiNetNoSkip_Dice

==== Memoria GPU - Inicio de época ====
GPU 0 - Total: 40442.4 MB | Allocated: 459.7 MB | Cached: 642.0 MB


==== Memoria GPU - Inicio de época ====
GPU 0 - Total: 40442.4 MB | Allocated: 459.7 MB | Cached: 2346.0 MB

Validation Dice: 0.8012924982160815 for Model: RoiNetNoSkip_Dice

==== Memoria GPU - Inicio de época ====
GPU 0 - Total: 40442.4 MB | Allocated: 459.7 MB | Cached: 642.0 MB


==== Memoria GPU - Inicio de época ====
GPU 0 - Total: 40442.4 MB | Allocated: 459.7 MB | Cached: 2346.0 MB

Validation Dice: 0.8096306311763177 for Model: RoiNetNoSkip_Dice

==== Memoria GPU - Inicio de época ====
GPU 0 - Total: 40442.4 MB | Allocated: 459.7 MB | Cached: 642.0 MB


==== Memoria GPU - Inicio de época ====
GPU 0 - Total: 40442.4 MB | Allocated: 459.7 MB | Cached: 2346.0 MB

Validation Dice: 0.7951850696784533 for Model: RoiNetNoSkip_Dice

==== Memoria GPU - Inicio de época ====
GPU 0 - Total: 40442.4 MB | Allocated: 459.7 MB | Cached: 642.0 MB


==== Memoria GPU - Inicio de época ====
GPU 0 - Total: 40442.4 MB | Allocated: 459.7 MB | Cached: 2346.0 MB

Validation Dice: 0.7978648288793204 for Model: RoiNetNoSkip_Dice

==== Memoria GPU - Inicio de época ====
GPU 0 - Total: 40442.4 MB | Allocated: 459.7 MB | Cached: 642.0 MB


==== Memoria GPU - Inicio de época ====
GPU 0 - Total: 40442.4 MB | Allocated: 459.7 MB | Cached: 2346.0 MB

Validation Dice: 0.8309915040586396 for Model: RoiNetNoSkip_Dice

==== Memoria GPU - Inicio de época ====
GPU 0 - Total: 40442.4 MB | Allocated: 459.7 MB | Cached: 642.0 MB


==== Memoria GPU - Inicio de época ====
GPU 0 - Total: 40442.4 MB | Allocated: 459.7 MB | Cached: 2346.0 MB

Validation Dice: 0.8317403168798442 for Model: RoiNetNoSkip_Dice

==== Memoria GPU - Inicio de época ====
GPU 0 - Total: 40442.4 MB | Allocated: 459.7 MB | Cached: 642.0 MB


==== Memoria GPU - Inicio de época ====
GPU 0 - Total: 40442.4 MB | Allocated: 459.7 MB | Cached: 2346.0 MB

Validation Dice: 0.8017137460367464 for Model: RoiNetNoSkip_Dice

==== Memoria GPU - Inicio de época ====
GPU 0 - Total: 40442.4 MB | Allocated: 459.7 MB | Cached: 642.0 MB


==== Memoria GPU - Inicio de época ====
GPU 0 - Total: 40442.4 MB | Allocated: 459.7 MB | Cached: 2346.0 MB

Validation Dice: 0.822112147422767 for Model: RoiNetNoSkip_Dice
Stopping training: no improvement in last 100 epochs.
