slurmstepd: info: Setting TMPDIR to /scratch/11082853. Previous errors about TMPDIR can be discarded
Restormer model not found. Restormer preprocessing will be disabled.
##DEBUG: Found FRNet
##DEBUG: Found RoiNet
##DEBUG: Found RoiNet
##DEBUG: Found RoiNet
##DEBUG: Found RoiNet
##DEBUG: Found RoiNet
##DEBUG: Found RoiNet
##DEBUG: Found RoiNet
##DEBUG: Found RoiNet_1bottleneck
##DEBUG: Found RoiNet_3bottleneck
##DEBUG: Found RoiNetTest1bottleneck
##DEBUG: Found RoiNetTest3bottleneck
##DEBUG: Found RoiNetTest2bottleneck
##DEBUG: Found RoiNetTest1bottleneck
##DEBUG: Found RoiNetTest3bottleneck
##DEBUG: Found RoiNetTest2bottleneck
##DEBUG: Found RoiNetNoSkip
##DEBUG: Found RoiNetSumFusion
##DEBUG: Found RoiNetAttnSkip
##DEBUG: Found RoiNetResSkip
##DEBUG: Found RoiNetConcatPlus
##DEBUG: Found RoiNetMultiSkip
Available Models: ['FRNet', 'RoiNet11', 'RoiNet9', 'RoiNet9_plusk', 'RoiNet7', 'RoiNet5', 'RoiNet3', 'RoiNetR', 'RoiNet_1bottleneck_residual', 'RoiNet_3bottleneck_residual', 'RoiNetTest1bottleneck_residual', 'RoiNetTest3bottleneck_residual', 'RoiNetTest2bottleneck_residual', 'RoiNetTest1bottleneck_simple', 'RoiNetTest3bottleneck_simple', 'RoiNetTest2bottleneck_simple', 'RoiNetNoSkip', 'RoiNetSumFusion', 'RoiNetAttnSkip', 'RoiNetResSkip', 'RoiNetConcatPlus', 'RoiNetMultiSkip']
Datasets_library: {'FIVES512': {'paths': {'train': 'dataset/FIVES512/train', 'val': 'dataset/FIVES512/val', 'test': 'dataset/FIVES512/test'}, 'preprocessing': {'start': 0, 'end': 1}}, 'FIVES': {'paths': {'train': 'dataset/FIVES/train', 'val': 'dataset/FIVES/val', 'test': 'dataset/FIVES/test'}, 'preprocessing': {'start': 0, 'end': 1}}}
USING CHANNELS = 3
Available Datasets: ['FIVES512', 'FIVES']

All datasets: {'FIVES512': {'train': <ds.dataset.SegmentationDataset object at 0x14ee9c647250>, 'val': <ds.dataset.SegmentationDataset object at 0x14ee9c5eb350>, 'test': <ds.dataset.SegmentationDataset object at 0x14ee9c5ecb90>}, 'FIVES': {'train': <ds.dataset.SegmentationDataset object at 0x14ee9c5ef650>, 'val': <ds.dataset.SegmentationDataset object at 0x14ee9c5cf090>, 'test': <ds.dataset.SegmentationDataset object at 0x14ee9c5d1f10>}}
Dataset a usar: {'train': <ds.dataset.SegmentationDataset object at 0x14ee9c647250>, 'val': <ds.dataset.SegmentationDataset object at 0x14ee9c5eb350>, 'test': <ds.dataset.SegmentationDataset object at 0x14ee9c5ecb90>}
Configuración de Entrenamiento:
  Model: RoiNetMultiSkip
  Dataset: FIVES512
  Config File: code/config/config.json
  Epochs: 300
  Thresh Value: 100
  Batch Size: 1
  Num Workers: 32
  Learning Rate: 0.0001
  Weight Decay: 0.001
  Loss Function: Dice
  Loss Alpha: 0.2
  Loss Beta: 0.8
  Loss Gamma: 0.5
  Logging Enabled: True
  Output Prefix: RoiNetMultiSkip_512_
  Augmentation Config: {'enabled': True, 'geometric': False, 'elastic': False, 'intensity_and_color': False, 'gamma': False, 'noise': False, 'otrosfives': True}
  Restormer Enabled: False
  Output Directory: run_benchmark_runs/RoiNetMultiSkip_512_result_2025-03-19_01-14-17
Parameters logged to: run_benchmark_runs/RoiNetMultiSkip_512_result_2025-03-19_01-14-17/parameters_FIVES512_RoiNetMultiSkip_Dice_True_False.log

Modelo cargado en GPU: RoiNetMultiSkip(
  (dict_module): ModuleDict(
    (conv0): ResidualBlock(
      (conv1): Conv2d(3, 32, kernel_size=(9, 9), stride=(1, 1), padding=(4, 4), bias=False)
      (bn1): BatchNorm2d(32, eps=1e-05, momentum=0.1, affine=True, track_running_stats=True)
      (the_bn1): BatchNorm2d(3, eps=1e-05, momentum=0.1, affine=True, track_running_stats=True)
      (conv2): Conv2d(32, 32, kernel_size=(9, 9), stride=(1, 1), padding=(4, 4), bias=False)
      (bn2): BatchNorm2d(32, eps=1e-05, momentum=0.1, affine=True, track_running_stats=True)
      (shortcut): Sequential(
        (0): Conv2d(3, 32, kernel_size=(1, 1), stride=(1, 1), bias=False)
        (1): BatchNorm2d(32, eps=1e-05, momentum=0.1, affine=True, track_running_stats=True)
      )
    )
    (conv1): ResidualBlock(
      (conv1): Conv2d(32, 64, kernel_size=(9, 9), stride=(1, 1), padding=(4, 4), bias=False)
      (bn1): BatchNorm2d(64, eps=1e-05, momentum=0.1, affine=True, track_running_stats=True)
      (the_bn1): BatchNorm2d(32, eps=1e-05, momentum=0.1, affine=True, track_running_stats=True)
      (conv2): Conv2d(64, 64, kernel_size=(9, 9), stride=(1, 1), padding=(4, 4), bias=False)
      (bn2): BatchNorm2d(64, eps=1e-05, momentum=0.1, affine=True, track_running_stats=True)
      (shortcut): Sequential(
        (0): Conv2d(32, 64, kernel_size=(1, 1), stride=(1, 1), bias=False)
        (1): BatchNorm2d(64, eps=1e-05, momentum=0.1, affine=True, track_running_stats=True)
      )
    )
    (pool1): Sequential(
      (0): MaxPool2d(kernel_size=2, stride=2, padding=0, dilation=1, ceil_mode=False)
      (1): Conv2d(64, 128, kernel_size=(1, 1), stride=(1, 1))
    )
    (conv2): ResidualBlock(
      (conv1): Conv2d(128, 128, kernel_size=(9, 9), stride=(1, 1), padding=(4, 4), bias=False)
      (bn1): BatchNorm2d(128, eps=1e-05, momentum=0.1, affine=True, track_running_stats=True)
      (the_bn1): BatchNorm2d(128, eps=1e-05, momentum=0.1, affine=True, track_running_stats=True)
      (conv2): Conv2d(128, 128, kernel_size=(9, 9), stride=(1, 1), padding=(4, 4), bias=False)
      (bn2): BatchNorm2d(128, eps=1e-05, momentum=0.1, affine=True, track_running_stats=True)
      (shortcut): Sequential()
    )
    (pool2): Sequential(
      (0): MaxPool2d(kernel_size=2, stride=2, padding=0, dilation=1, ceil_mode=False)
      (1): Conv2d(128, 256, kernel_size=(1, 1), stride=(1, 1))
    )
    (bottle1): ResidualBlock(
      (conv1): Conv2d(256, 256, kernel_size=(9, 9), stride=(1, 1), padding=(4, 4), bias=False)
      (bn1): BatchNorm2d(256, eps=1e-05, momentum=0.1, affine=True, track_running_stats=True)
      (the_bn1): BatchNorm2d(256, eps=1e-05, momentum=0.1, affine=True, track_running_stats=True)
      (conv2): Conv2d(256, 256, kernel_size=(9, 9), stride=(1, 1), padding=(4, 4), bias=False)
      (bn2): BatchNorm2d(256, eps=1e-05, momentum=0.1, affine=True, track_running_stats=True)
      (shortcut): Sequential()
    )
    (bottle2): ResidualBlock(
      (conv1): Conv2d(256, 256, kernel_size=(9, 9), stride=(1, 1), padding=(4, 4), bias=False)
      (bn1): BatchNorm2d(256, eps=1e-05, momentum=0.1, affine=True, track_running_stats=True)
      (the_bn1): BatchNorm2d(256, eps=1e-05, momentum=0.1, affine=True, track_running_stats=True)
      (conv2): Conv2d(256, 256, kernel_size=(9, 9), stride=(1, 1), padding=(4, 4), bias=False)
      (bn2): BatchNorm2d(256, eps=1e-05, momentum=0.1, affine=True, track_running_stats=True)
      (shortcut): Sequential()
    )
    (merge2): Sequential(
      (0): Conv2d(512, 256, kernel_size=(3, 3), stride=(1, 1), padding=(1, 1), bias=False)
      (1): BatchNorm2d(256, eps=1e-05, momentum=0.1, affine=True, track_running_stats=True)
      (2): ReLU(inplace=True)
    )
    (conv3): ResidualBlock(
      (conv1): Conv2d(256, 128, kernel_size=(9, 9), stride=(1, 1), padding=(4, 4), bias=False)
      (bn1): BatchNorm2d(128, eps=1e-05, momentum=0.1, affine=True, track_running_stats=True)
      (the_bn1): BatchNorm2d(256, eps=1e-05, momentum=0.1, affine=True, track_running_stats=True)
      (conv2): Conv2d(128, 128, kernel_size=(9, 9), stride=(1, 1), padding=(4, 4), bias=False)
      (bn2): BatchNorm2d(128, eps=1e-05, momentum=0.1, affine=True, track_running_stats=True)
      (shortcut): Sequential(
        (0): Conv2d(256, 128, kernel_size=(1, 1), stride=(1, 1), bias=False)
        (1): BatchNorm2d(128, eps=1e-05, momentum=0.1, affine=True, track_running_stats=True)
      )
    )
    (up3): Sequential(
      (0): ConvTranspose2d(128, 64, kernel_size=(2, 2), stride=(2, 2))
    )
    (merge3): Sequential(
      (0): Conv2d(224, 64, kernel_size=(3, 3), stride=(1, 1), padding=(1, 1), bias=False)
      (1): BatchNorm2d(64, eps=1e-05, momentum=0.1, affine=True, track_running_stats=True)
      (2): ReLU(inplace=True)
    )
    (conv4): ResidualBlock(
      (conv1): Conv2d(64, 64, kernel_size=(9, 9), stride=(1, 1), padding=(4, 4), bias=False)
      (bn1): BatchNorm2d(64, eps=1e-05, momentum=0.1, affine=True, track_running_stats=True)
      (the_bn1): BatchNorm2d(64, eps=1e-05, momentum=0.1, affine=True, track_running_stats=True)
      (conv2): Conv2d(64, 64, kernel_size=(9, 9), stride=(1, 1), padding=(4, 4), bias=False)
      (bn2): BatchNorm2d(64, eps=1e-05, momentum=0.1, affine=True, track_running_stats=True)
      (shortcut): Sequential()
    )
    (up4): Sequential(
      (0): ConvTranspose2d(64, 32, kernel_size=(2, 2), stride=(2, 2))
    )
    (merge4): Sequential(
      (0): Conv2d(64, 32, kernel_size=(3, 3), stride=(1, 1), padding=(1, 1), bias=False)
      (1): BatchNorm2d(32, eps=1e-05, momentum=0.1, affine=True, track_running_stats=True)
      (2): ReLU(inplace=True)
    )
    (conv5): ResidualBlock(
      (conv1): Conv2d(32, 32, kernel_size=(9, 9), stride=(1, 1), padding=(4, 4), bias=False)
      (bn1): BatchNorm2d(32, eps=1e-05, momentum=0.1, affine=True, track_running_stats=True)
      (the_bn1): BatchNorm2d(32, eps=1e-05, momentum=0.1, affine=True, track_running_stats=True)
      (conv2): Conv2d(32, 32, kernel_size=(9, 9), stride=(1, 1), padding=(4, 4), bias=False)
      (bn2): BatchNorm2d(32, eps=1e-05, momentum=0.1, affine=True, track_running_stats=True)
      (shortcut): Sequential()
    )
    (final): Sequential(
      (0): Conv2d(32, 1, kernel_size=(1, 1), stride=(1, 1), bias=False)
      (1): Sigmoid()
    )
  )
  (proj_out0): MaxPool2d(kernel_size=2, stride=2, padding=0, dilation=1, ceil_mode=False)
)
- Parámetros totales: 30738502
- Memoria ocupada por modelo en GPU: 117.26 MB

==== Memoria GPU - Después de cargar el modelo en GPU ====
GPU 0 - Total: 40442.4 MB | Allocated: 118.3 MB | Cached: 144.0 MB


USING: Dice

==== Memoria GPU - Inicio de época ====
GPU 0 - Total: 40442.4 MB | Allocated: 118.3 MB | Cached: 144.0 MB


==== Memoria GPU - Inicio de época ====
GPU 0 - Total: 40442.4 MB | Allocated: 474.9 MB | Cached: 2152.0 MB

Validation Dice: 0.521653989249322 for Model: RoiNetMultiSkip_Dice
New best dice found, evaluating on test set...

==== Memoria GPU - Inicio de época ====
GPU 0 - Total: 40442.4 MB | Allocated: 474.9 MB | Cached: 2152.0 MB


==== Memoria GPU - Inicio de época ====
GPU 0 - Total: 40442.4 MB | Allocated: 474.9 MB | Cached: 644.0 MB


==== Memoria GPU - Inicio de época ====
GPU 0 - Total: 40442.4 MB | Allocated: 474.9 MB | Cached: 2530.0 MB

Validation Dice: 0.7356467376939667 for Model: RoiNetMultiSkip_Dice
New best dice found, evaluating on test set...

==== Memoria GPU - Inicio de época ====
GPU 0 - Total: 40442.4 MB | Allocated: 474.9 MB | Cached: 2530.0 MB


==== Memoria GPU - Inicio de época ====
GPU 0 - Total: 40442.4 MB | Allocated: 474.9 MB | Cached: 644.0 MB


==== Memoria GPU - Inicio de época ====
GPU 0 - Total: 40442.4 MB | Allocated: 474.9 MB | Cached: 2530.0 MB

Validation Dice: 0.7727991231076361 for Model: RoiNetMultiSkip_Dice
New best dice found, evaluating on test set...

==== Memoria GPU - Inicio de época ====
GPU 0 - Total: 40442.4 MB | Allocated: 474.9 MB | Cached: 2530.0 MB


==== Memoria GPU - Inicio de época ====
GPU 0 - Total: 40442.4 MB | Allocated: 474.9 MB | Cached: 644.0 MB


==== Memoria GPU - Inicio de época ====
GPU 0 - Total: 40442.4 MB | Allocated: 474.9 MB | Cached: 2530.0 MB

Validation Dice: 0.73539208416059 for Model: RoiNetMultiSkip_Dice

==== Memoria GPU - Inicio de época ====
GPU 0 - Total: 40442.4 MB | Allocated: 474.9 MB | Cached: 644.0 MB


==== Memoria GPU - Inicio de época ====
GPU 0 - Total: 40442.4 MB | Allocated: 474.9 MB | Cached: 2530.0 MB

Validation Dice: 0.7612131186224689 for Model: RoiNetMultiSkip_Dice

==== Memoria GPU - Inicio de época ====
GPU 0 - Total: 40442.4 MB | Allocated: 474.9 MB | Cached: 644.0 MB


==== Memoria GPU - Inicio de época ====
GPU 0 - Total: 40442.4 MB | Allocated: 474.9 MB | Cached: 2530.0 MB

Validation Dice: 0.7590338350382119 for Model: RoiNetMultiSkip_Dice

==== Memoria GPU - Inicio de época ====
GPU 0 - Total: 40442.4 MB | Allocated: 474.9 MB | Cached: 644.0 MB


==== Memoria GPU - Inicio de época ====
GPU 0 - Total: 40442.4 MB | Allocated: 474.9 MB | Cached: 2530.0 MB

Validation Dice: 0.7526132229908625 for Model: RoiNetMultiSkip_Dice

==== Memoria GPU - Inicio de época ====
GPU 0 - Total: 40442.4 MB | Allocated: 474.9 MB | Cached: 644.0 MB


==== Memoria GPU - Inicio de época ====
GPU 0 - Total: 40442.4 MB | Allocated: 474.9 MB | Cached: 2530.0 MB

Validation Dice: 0.7745311305978397 for Model: RoiNetMultiSkip_Dice
New best dice found, evaluating on test set...

==== Memoria GPU - Inicio de época ====
GPU 0 - Total: 40442.4 MB | Allocated: 474.9 MB | Cached: 2530.0 MB


==== Memoria GPU - Inicio de época ====
GPU 0 - Total: 40442.4 MB | Allocated: 474.9 MB | Cached: 644.0 MB


==== Memoria GPU - Inicio de época ====
GPU 0 - Total: 40442.4 MB | Allocated: 474.9 MB | Cached: 2530.0 MB

Validation Dice: 0.7721600458938253 for Model: RoiNetMultiSkip_Dice

==== Memoria GPU - Inicio de época ====
GPU 0 - Total: 40442.4 MB | Allocated: 474.9 MB | Cached: 644.0 MB


==== Memoria GPU - Inicio de época ====
GPU 0 - Total: 40442.4 MB | Allocated: 474.9 MB | Cached: 2530.0 MB

Validation Dice: 0.7611468557546859 for Model: RoiNetMultiSkip_Dice

==== Memoria GPU - Inicio de época ====
GPU 0 - Total: 40442.4 MB | Allocated: 474.9 MB | Cached: 644.0 MB


==== Memoria GPU - Inicio de época ====
GPU 0 - Total: 40442.4 MB | Allocated: 474.9 MB | Cached: 2530.0 MB

Validation Dice: 0.7658491721109127 for Model: RoiNetMultiSkip_Dice

==== Memoria GPU - Inicio de época ====
GPU 0 - Total: 40442.4 MB | Allocated: 474.9 MB | Cached: 644.0 MB


==== Memoria GPU - Inicio de época ====
GPU 0 - Total: 40442.4 MB | Allocated: 474.9 MB | Cached: 2530.0 MB

Validation Dice: 0.7649404619863609 for Model: RoiNetMultiSkip_Dice

==== Memoria GPU - Inicio de época ====
GPU 0 - Total: 40442.4 MB | Allocated: 474.9 MB | Cached: 644.0 MB


==== Memoria GPU - Inicio de época ====
GPU 0 - Total: 40442.4 MB | Allocated: 474.9 MB | Cached: 2530.0 MB

Validation Dice: 0.718438751078788 for Model: RoiNetMultiSkip_Dice

==== Memoria GPU - Inicio de época ====
GPU 0 - Total: 40442.4 MB | Allocated: 474.9 MB | Cached: 644.0 MB


==== Memoria GPU - Inicio de época ====
GPU 0 - Total: 40442.4 MB | Allocated: 474.9 MB | Cached: 2530.0 MB

Validation Dice: 0.7808266951782231 for Model: RoiNetMultiSkip_Dice
New best dice found, evaluating on test set...

==== Memoria GPU - Inicio de época ====
GPU 0 - Total: 40442.4 MB | Allocated: 474.9 MB | Cached: 2530.0 MB


==== Memoria GPU - Inicio de época ====
GPU 0 - Total: 40442.4 MB | Allocated: 474.9 MB | Cached: 644.0 MB


==== Memoria GPU - Inicio de época ====
GPU 0 - Total: 40442.4 MB | Allocated: 474.9 MB | Cached: 2530.0 MB

Validation Dice: 0.7757546182917823 for Model: RoiNetMultiSkip_Dice

==== Memoria GPU - Inicio de época ====
GPU 0 - Total: 40442.4 MB | Allocated: 474.9 MB | Cached: 644.0 MB


==== Memoria GPU - Inicio de época ====
GPU 0 - Total: 40442.4 MB | Allocated: 474.9 MB | Cached: 2530.0 MB

Validation Dice: 0.7788460514453277 for Model: RoiNetMultiSkip_Dice

==== Memoria GPU - Inicio de época ====
GPU 0 - Total: 40442.4 MB | Allocated: 474.9 MB | Cached: 644.0 MB


==== Memoria GPU - Inicio de época ====
GPU 0 - Total: 40442.4 MB | Allocated: 474.9 MB | Cached: 2530.0 MB

Validation Dice: 0.7863462944561063 for Model: RoiNetMultiSkip_Dice
New best dice found, evaluating on test set...

==== Memoria GPU - Inicio de época ====
GPU 0 - Total: 40442.4 MB | Allocated: 474.9 MB | Cached: 2530.0 MB


==== Memoria GPU - Inicio de época ====
GPU 0 - Total: 40442.4 MB | Allocated: 474.9 MB | Cached: 644.0 MB


==== Memoria GPU - Inicio de época ====
GPU 0 - Total: 40442.4 MB | Allocated: 474.9 MB | Cached: 2530.0 MB

Validation Dice: 0.7409577318407775 for Model: RoiNetMultiSkip_Dice

==== Memoria GPU - Inicio de época ====
GPU 0 - Total: 40442.4 MB | Allocated: 474.9 MB | Cached: 644.0 MB


==== Memoria GPU - Inicio de época ====
GPU 0 - Total: 40442.4 MB | Allocated: 474.9 MB | Cached: 2530.0 MB

Validation Dice: 0.7502597900197155 for Model: RoiNetMultiSkip_Dice

==== Memoria GPU - Inicio de época ====
GPU 0 - Total: 40442.4 MB | Allocated: 474.9 MB | Cached: 644.0 MB


==== Memoria GPU - Inicio de época ====
GPU 0 - Total: 40442.4 MB | Allocated: 474.9 MB | Cached: 2530.0 MB

Validation Dice: 0.7007064014739591 for Model: RoiNetMultiSkip_Dice

==== Memoria GPU - Inicio de época ====
GPU 0 - Total: 40442.4 MB | Allocated: 474.9 MB | Cached: 644.0 MB


==== Memoria GPU - Inicio de época ====
GPU 0 - Total: 40442.4 MB | Allocated: 474.9 MB | Cached: 2530.0 MB

Validation Dice: 0.8001643654073073 for Model: RoiNetMultiSkip_Dice
New best dice found, evaluating on test set...

==== Memoria GPU - Inicio de época ====
GPU 0 - Total: 40442.4 MB | Allocated: 474.9 MB | Cached: 2530.0 MB


==== Memoria GPU - Inicio de época ====
GPU 0 - Total: 40442.4 MB | Allocated: 474.9 MB | Cached: 644.0 MB


==== Memoria GPU - Inicio de época ====
GPU 0 - Total: 40442.4 MB | Allocated: 474.9 MB | Cached: 2530.0 MB

Validation Dice: 0.6786721707541665 for Model: RoiNetMultiSkip_Dice

==== Memoria GPU - Inicio de época ====
GPU 0 - Total: 40442.4 MB | Allocated: 474.9 MB | Cached: 644.0 MB


==== Memoria GPU - Inicio de época ====
GPU 0 - Total: 40442.4 MB | Allocated: 474.9 MB | Cached: 2530.0 MB

Validation Dice: 0.7633110140803409 for Model: RoiNetMultiSkip_Dice

==== Memoria GPU - Inicio de época ====
GPU 0 - Total: 40442.4 MB | Allocated: 474.9 MB | Cached: 644.0 MB


==== Memoria GPU - Inicio de época ====
GPU 0 - Total: 40442.4 MB | Allocated: 474.9 MB | Cached: 2530.0 MB

Validation Dice: 0.7580342202197428 for Model: RoiNetMultiSkip_Dice

==== Memoria GPU - Inicio de época ====
GPU 0 - Total: 40442.4 MB | Allocated: 474.9 MB | Cached: 644.0 MB


==== Memoria GPU - Inicio de época ====
GPU 0 - Total: 40442.4 MB | Allocated: 474.9 MB | Cached: 2530.0 MB

Validation Dice: 0.785216220411621 for Model: RoiNetMultiSkip_Dice

==== Memoria GPU - Inicio de época ====
GPU 0 - Total: 40442.4 MB | Allocated: 474.9 MB | Cached: 644.0 MB


==== Memoria GPU - Inicio de época ====
GPU 0 - Total: 40442.4 MB | Allocated: 474.9 MB | Cached: 2530.0 MB

Validation Dice: 0.620051995661932 for Model: RoiNetMultiSkip_Dice

==== Memoria GPU - Inicio de época ====
GPU 0 - Total: 40442.4 MB | Allocated: 474.9 MB | Cached: 644.0 MB


==== Memoria GPU - Inicio de época ====
GPU 0 - Total: 40442.4 MB | Allocated: 474.9 MB | Cached: 2530.0 MB

Validation Dice: 0.7694502937310178 for Model: RoiNetMultiSkip_Dice

==== Memoria GPU - Inicio de época ====
GPU 0 - Total: 40442.4 MB | Allocated: 474.9 MB | Cached: 644.0 MB


==== Memoria GPU - Inicio de época ====
GPU 0 - Total: 40442.4 MB | Allocated: 474.9 MB | Cached: 2530.0 MB

Validation Dice: 0.7600672593218786 for Model: RoiNetMultiSkip_Dice

==== Memoria GPU - Inicio de época ====
GPU 0 - Total: 40442.4 MB | Allocated: 474.9 MB | Cached: 644.0 MB


==== Memoria GPU - Inicio de época ====
GPU 0 - Total: 40442.4 MB | Allocated: 474.9 MB | Cached: 2530.0 MB

Validation Dice: 0.7614798548897559 for Model: RoiNetMultiSkip_Dice

==== Memoria GPU - Inicio de época ====
GPU 0 - Total: 40442.4 MB | Allocated: 474.9 MB | Cached: 644.0 MB


==== Memoria GPU - Inicio de época ====
GPU 0 - Total: 40442.4 MB | Allocated: 474.9 MB | Cached: 2530.0 MB

Validation Dice: 0.7582147475540691 for Model: RoiNetMultiSkip_Dice

==== Memoria GPU - Inicio de época ====
GPU 0 - Total: 40442.4 MB | Allocated: 474.9 MB | Cached: 644.0 MB


==== Memoria GPU - Inicio de época ====
GPU 0 - Total: 40442.4 MB | Allocated: 474.9 MB | Cached: 2530.0 MB

Validation Dice: 0.7774217099525361 for Model: RoiNetMultiSkip_Dice

==== Memoria GPU - Inicio de época ====
GPU 0 - Total: 40442.4 MB | Allocated: 474.9 MB | Cached: 644.0 MB


==== Memoria GPU - Inicio de época ====
GPU 0 - Total: 40442.4 MB | Allocated: 474.9 MB | Cached: 2530.0 MB

Validation Dice: 0.7660566038280378 for Model: RoiNetMultiSkip_Dice

==== Memoria GPU - Inicio de época ====
GPU 0 - Total: 40442.4 MB | Allocated: 474.9 MB | Cached: 644.0 MB


==== Memoria GPU - Inicio de época ====
GPU 0 - Total: 40442.4 MB | Allocated: 474.9 MB | Cached: 2530.0 MB

Validation Dice: 0.7718397695337345 for Model: RoiNetMultiSkip_Dice

==== Memoria GPU - Inicio de época ====
GPU 0 - Total: 40442.4 MB | Allocated: 474.9 MB | Cached: 644.0 MB


==== Memoria GPU - Inicio de época ====
GPU 0 - Total: 40442.4 MB | Allocated: 474.9 MB | Cached: 2530.0 MB

Validation Dice: 0.7513365720325053 for Model: RoiNetMultiSkip_Dice

==== Memoria GPU - Inicio de época ====
GPU 0 - Total: 40442.4 MB | Allocated: 474.9 MB | Cached: 644.0 MB


==== Memoria GPU - Inicio de época ====
GPU 0 - Total: 40442.4 MB | Allocated: 474.9 MB | Cached: 2530.0 MB

Validation Dice: 0.8153726417523419 for Model: RoiNetMultiSkip_Dice
New best dice found, evaluating on test set...

==== Memoria GPU - Inicio de época ====
GPU 0 - Total: 40442.4 MB | Allocated: 474.9 MB | Cached: 2530.0 MB


==== Memoria GPU - Inicio de época ====
GPU 0 - Total: 40442.4 MB | Allocated: 474.9 MB | Cached: 644.0 MB


==== Memoria GPU - Inicio de época ====
GPU 0 - Total: 40442.4 MB | Allocated: 474.9 MB | Cached: 2530.0 MB

Validation Dice: 0.7456026653046219 for Model: RoiNetMultiSkip_Dice

==== Memoria GPU - Inicio de época ====
GPU 0 - Total: 40442.4 MB | Allocated: 474.9 MB | Cached: 644.0 MB


==== Memoria GPU - Inicio de época ====
GPU 0 - Total: 40442.4 MB | Allocated: 474.9 MB | Cached: 2530.0 MB

Validation Dice: 0.771196896631907 for Model: RoiNetMultiSkip_Dice

==== Memoria GPU - Inicio de época ====
GPU 0 - Total: 40442.4 MB | Allocated: 474.9 MB | Cached: 644.0 MB


==== Memoria GPU - Inicio de época ====
GPU 0 - Total: 40442.4 MB | Allocated: 474.9 MB | Cached: 2530.0 MB

Validation Dice: 0.7421858057258147 for Model: RoiNetMultiSkip_Dice

==== Memoria GPU - Inicio de época ====
GPU 0 - Total: 40442.4 MB | Allocated: 474.9 MB | Cached: 644.0 MB


==== Memoria GPU - Inicio de época ====
GPU 0 - Total: 40442.4 MB | Allocated: 474.9 MB | Cached: 2530.0 MB

Validation Dice: 0.8015064861773968 for Model: RoiNetMultiSkip_Dice

==== Memoria GPU - Inicio de época ====
GPU 0 - Total: 40442.4 MB | Allocated: 474.9 MB | Cached: 644.0 MB


==== Memoria GPU - Inicio de época ====
GPU 0 - Total: 40442.4 MB | Allocated: 474.9 MB | Cached: 2530.0 MB

Validation Dice: 0.7346824850289314 for Model: RoiNetMultiSkip_Dice

==== Memoria GPU - Inicio de época ====
GPU 0 - Total: 40442.4 MB | Allocated: 474.9 MB | Cached: 644.0 MB


==== Memoria GPU - Inicio de época ====
GPU 0 - Total: 40442.4 MB | Allocated: 474.9 MB | Cached: 2530.0 MB

Validation Dice: 0.7812089951359927 for Model: RoiNetMultiSkip_Dice

==== Memoria GPU - Inicio de época ====
GPU 0 - Total: 40442.4 MB | Allocated: 474.9 MB | Cached: 644.0 MB


==== Memoria GPU - Inicio de época ====
GPU 0 - Total: 40442.4 MB | Allocated: 474.9 MB | Cached: 2530.0 MB

Validation Dice: 0.7892926421592157 for Model: RoiNetMultiSkip_Dice

==== Memoria GPU - Inicio de época ====
GPU 0 - Total: 40442.4 MB | Allocated: 474.9 MB | Cached: 644.0 MB


==== Memoria GPU - Inicio de época ====
GPU 0 - Total: 40442.4 MB | Allocated: 474.9 MB | Cached: 2530.0 MB

Validation Dice: 0.7790829872206917 for Model: RoiNetMultiSkip_Dice

==== Memoria GPU - Inicio de época ====
GPU 0 - Total: 40442.4 MB | Allocated: 474.9 MB | Cached: 644.0 MB


==== Memoria GPU - Inicio de época ====
GPU 0 - Total: 40442.4 MB | Allocated: 474.9 MB | Cached: 2530.0 MB

Validation Dice: 0.6629236783649098 for Model: RoiNetMultiSkip_Dice

==== Memoria GPU - Inicio de época ====
GPU 0 - Total: 40442.4 MB | Allocated: 474.9 MB | Cached: 644.0 MB


==== Memoria GPU - Inicio de época ====
GPU 0 - Total: 40442.4 MB | Allocated: 474.9 MB | Cached: 2530.0 MB

Validation Dice: 0.7841262767080935 for Model: RoiNetMultiSkip_Dice

==== Memoria GPU - Inicio de época ====
GPU 0 - Total: 40442.4 MB | Allocated: 474.9 MB | Cached: 644.0 MB


==== Memoria GPU - Inicio de época ====
GPU 0 - Total: 40442.4 MB | Allocated: 474.9 MB | Cached: 2530.0 MB

Validation Dice: 0.7801170407474488 for Model: RoiNetMultiSkip_Dice

==== Memoria GPU - Inicio de época ====
GPU 0 - Total: 40442.4 MB | Allocated: 474.9 MB | Cached: 644.0 MB


==== Memoria GPU - Inicio de época ====
GPU 0 - Total: 40442.4 MB | Allocated: 474.9 MB | Cached: 2530.0 MB

Validation Dice: 0.7892035802239367 for Model: RoiNetMultiSkip_Dice

==== Memoria GPU - Inicio de época ====
GPU 0 - Total: 40442.4 MB | Allocated: 474.9 MB | Cached: 644.0 MB


==== Memoria GPU - Inicio de época ====
GPU 0 - Total: 40442.4 MB | Allocated: 474.9 MB | Cached: 2530.0 MB

Validation Dice: 0.7930995826138797 for Model: RoiNetMultiSkip_Dice

==== Memoria GPU - Inicio de época ====
GPU 0 - Total: 40442.4 MB | Allocated: 474.9 MB | Cached: 644.0 MB


==== Memoria GPU - Inicio de época ====
GPU 0 - Total: 40442.4 MB | Allocated: 474.9 MB | Cached: 2530.0 MB

Validation Dice: 0.7407186627719552 for Model: RoiNetMultiSkip_Dice

==== Memoria GPU - Inicio de época ====
GPU 0 - Total: 40442.4 MB | Allocated: 474.9 MB | Cached: 644.0 MB


==== Memoria GPU - Inicio de época ====
GPU 0 - Total: 40442.4 MB | Allocated: 474.9 MB | Cached: 2530.0 MB

Validation Dice: 0.7948104889600419 for Model: RoiNetMultiSkip_Dice

==== Memoria GPU - Inicio de época ====
GPU 0 - Total: 40442.4 MB | Allocated: 474.9 MB | Cached: 644.0 MB


==== Memoria GPU - Inicio de época ====
GPU 0 - Total: 40442.4 MB | Allocated: 474.9 MB | Cached: 2530.0 MB

Validation Dice: 0.7630201193369693 for Model: RoiNetMultiSkip_Dice

==== Memoria GPU - Inicio de época ====
GPU 0 - Total: 40442.4 MB | Allocated: 474.9 MB | Cached: 644.0 MB


==== Memoria GPU - Inicio de época ====
GPU 0 - Total: 40442.4 MB | Allocated: 474.9 MB | Cached: 2530.0 MB

Validation Dice: 0.8050897242144982 for Model: RoiNetMultiSkip_Dice

==== Memoria GPU - Inicio de época ====
GPU 0 - Total: 40442.4 MB | Allocated: 474.9 MB | Cached: 644.0 MB


==== Memoria GPU - Inicio de época ====
GPU 0 - Total: 40442.4 MB | Allocated: 474.9 MB | Cached: 2530.0 MB

Validation Dice: 0.7995085554815722 for Model: RoiNetMultiSkip_Dice

==== Memoria GPU - Inicio de época ====
GPU 0 - Total: 40442.4 MB | Allocated: 474.9 MB | Cached: 644.0 MB


==== Memoria GPU - Inicio de época ====
GPU 0 - Total: 40442.4 MB | Allocated: 474.9 MB | Cached: 2530.0 MB

Validation Dice: 0.7908020278987058 for Model: RoiNetMultiSkip_Dice

==== Memoria GPU - Inicio de época ====
GPU 0 - Total: 40442.4 MB | Allocated: 474.9 MB | Cached: 644.0 MB


==== Memoria GPU - Inicio de época ====
GPU 0 - Total: 40442.4 MB | Allocated: 474.9 MB | Cached: 2530.0 MB

Validation Dice: 0.7845539233362553 for Model: RoiNetMultiSkip_Dice

==== Memoria GPU - Inicio de época ====
GPU 0 - Total: 40442.4 MB | Allocated: 474.9 MB | Cached: 644.0 MB


==== Memoria GPU - Inicio de época ====
GPU 0 - Total: 40442.4 MB | Allocated: 474.9 MB | Cached: 2530.0 MB

Validation Dice: 0.7869030630656985 for Model: RoiNetMultiSkip_Dice

==== Memoria GPU - Inicio de época ====
GPU 0 - Total: 40442.4 MB | Allocated: 474.9 MB | Cached: 644.0 MB


==== Memoria GPU - Inicio de época ====
GPU 0 - Total: 40442.4 MB | Allocated: 474.9 MB | Cached: 2530.0 MB

Validation Dice: 0.7415717484444682 for Model: RoiNetMultiSkip_Dice

==== Memoria GPU - Inicio de época ====
GPU 0 - Total: 40442.4 MB | Allocated: 474.9 MB | Cached: 644.0 MB


==== Memoria GPU - Inicio de época ====
GPU 0 - Total: 40442.4 MB | Allocated: 474.9 MB | Cached: 2530.0 MB

Validation Dice: 0.7808184177541385 for Model: RoiNetMultiSkip_Dice

==== Memoria GPU - Inicio de época ====
GPU 0 - Total: 40442.4 MB | Allocated: 474.9 MB | Cached: 644.0 MB


==== Memoria GPU - Inicio de época ====
GPU 0 - Total: 40442.4 MB | Allocated: 474.9 MB | Cached: 2530.0 MB

Validation Dice: 0.7981849290087295 for Model: RoiNetMultiSkip_Dice

==== Memoria GPU - Inicio de época ====
GPU 0 - Total: 40442.4 MB | Allocated: 474.9 MB | Cached: 644.0 MB


==== Memoria GPU - Inicio de época ====
GPU 0 - Total: 40442.4 MB | Allocated: 474.9 MB | Cached: 2530.0 MB

Validation Dice: 0.8058565783170759 for Model: RoiNetMultiSkip_Dice

==== Memoria GPU - Inicio de época ====
GPU 0 - Total: 40442.4 MB | Allocated: 474.9 MB | Cached: 644.0 MB


==== Memoria GPU - Inicio de época ====
GPU 0 - Total: 40442.4 MB | Allocated: 474.9 MB | Cached: 2530.0 MB

Validation Dice: 0.7892147215357858 for Model: RoiNetMultiSkip_Dice

==== Memoria GPU - Inicio de época ====
GPU 0 - Total: 40442.4 MB | Allocated: 474.9 MB | Cached: 644.0 MB


==== Memoria GPU - Inicio de época ====
GPU 0 - Total: 40442.4 MB | Allocated: 474.9 MB | Cached: 2530.0 MB

Validation Dice: 0.7472732840446109 for Model: RoiNetMultiSkip_Dice

==== Memoria GPU - Inicio de época ====
GPU 0 - Total: 40442.4 MB | Allocated: 474.9 MB | Cached: 644.0 MB


==== Memoria GPU - Inicio de época ====
GPU 0 - Total: 40442.4 MB | Allocated: 474.9 MB | Cached: 2530.0 MB

Validation Dice: 0.7634687565638965 for Model: RoiNetMultiSkip_Dice

==== Memoria GPU - Inicio de época ====
GPU 0 - Total: 40442.4 MB | Allocated: 474.9 MB | Cached: 644.0 MB


==== Memoria GPU - Inicio de época ====
GPU 0 - Total: 40442.4 MB | Allocated: 474.9 MB | Cached: 2530.0 MB

Validation Dice: 0.7534000611604385 for Model: RoiNetMultiSkip_Dice

==== Memoria GPU - Inicio de época ====
GPU 0 - Total: 40442.4 MB | Allocated: 474.9 MB | Cached: 644.0 MB


==== Memoria GPU - Inicio de época ====
GPU 0 - Total: 40442.4 MB | Allocated: 474.9 MB | Cached: 2530.0 MB

Validation Dice: 0.815602771956276 for Model: RoiNetMultiSkip_Dice
New best dice found, evaluating on test set...

==== Memoria GPU - Inicio de época ====
GPU 0 - Total: 40442.4 MB | Allocated: 474.9 MB | Cached: 2530.0 MB


==== Memoria GPU - Inicio de época ====
GPU 0 - Total: 40442.4 MB | Allocated: 474.9 MB | Cached: 644.0 MB


==== Memoria GPU - Inicio de época ====
GPU 0 - Total: 40442.4 MB | Allocated: 474.9 MB | Cached: 2530.0 MB

Validation Dice: 0.7533826213032411 for Model: RoiNetMultiSkip_Dice

==== Memoria GPU - Inicio de época ====
GPU 0 - Total: 40442.4 MB | Allocated: 474.9 MB | Cached: 644.0 MB


==== Memoria GPU - Inicio de época ====
GPU 0 - Total: 40442.4 MB | Allocated: 474.9 MB | Cached: 2530.0 MB

Validation Dice: 0.7189091402080258 for Model: RoiNetMultiSkip_Dice

==== Memoria GPU - Inicio de época ====
GPU 0 - Total: 40442.4 MB | Allocated: 474.9 MB | Cached: 644.0 MB


==== Memoria GPU - Inicio de época ====
GPU 0 - Total: 40442.4 MB | Allocated: 474.9 MB | Cached: 2530.0 MB

Validation Dice: 0.7464424842522824 for Model: RoiNetMultiSkip_Dice

==== Memoria GPU - Inicio de época ====
GPU 0 - Total: 40442.4 MB | Allocated: 474.9 MB | Cached: 644.0 MB


==== Memoria GPU - Inicio de época ====
GPU 0 - Total: 40442.4 MB | Allocated: 474.9 MB | Cached: 2530.0 MB

Validation Dice: 0.7861878151192797 for Model: RoiNetMultiSkip_Dice

==== Memoria GPU - Inicio de época ====
GPU 0 - Total: 40442.4 MB | Allocated: 474.9 MB | Cached: 644.0 MB


==== Memoria GPU - Inicio de época ====
GPU 0 - Total: 40442.4 MB | Allocated: 474.9 MB | Cached: 2530.0 MB

Validation Dice: 0.76673241358731 for Model: RoiNetMultiSkip_Dice

==== Memoria GPU - Inicio de época ====
GPU 0 - Total: 40442.4 MB | Allocated: 474.9 MB | Cached: 644.0 MB


==== Memoria GPU - Inicio de época ====
GPU 0 - Total: 40442.4 MB | Allocated: 474.9 MB | Cached: 2530.0 MB

Validation Dice: 0.7974790128863489 for Model: RoiNetMultiSkip_Dice

==== Memoria GPU - Inicio de época ====
GPU 0 - Total: 40442.4 MB | Allocated: 474.9 MB | Cached: 644.0 MB


==== Memoria GPU - Inicio de época ====
GPU 0 - Total: 40442.4 MB | Allocated: 474.9 MB | Cached: 2530.0 MB

Validation Dice: 0.8124782710664077 for Model: RoiNetMultiSkip_Dice

==== Memoria GPU - Inicio de época ====
GPU 0 - Total: 40442.4 MB | Allocated: 474.9 MB | Cached: 644.0 MB


==== Memoria GPU - Inicio de época ====
GPU 0 - Total: 40442.4 MB | Allocated: 474.9 MB | Cached: 2530.0 MB

Validation Dice: 0.7819091947406834 for Model: RoiNetMultiSkip_Dice

==== Memoria GPU - Inicio de época ====
GPU 0 - Total: 40442.4 MB | Allocated: 474.9 MB | Cached: 644.0 MB


==== Memoria GPU - Inicio de época ====
GPU 0 - Total: 40442.4 MB | Allocated: 474.9 MB | Cached: 2530.0 MB

Validation Dice: 0.747735756261628 for Model: RoiNetMultiSkip_Dice

==== Memoria GPU - Inicio de época ====
GPU 0 - Total: 40442.4 MB | Allocated: 474.9 MB | Cached: 644.0 MB


==== Memoria GPU - Inicio de época ====
GPU 0 - Total: 40442.4 MB | Allocated: 474.9 MB | Cached: 2530.0 MB

Validation Dice: 0.7473657105233408 for Model: RoiNetMultiSkip_Dice

==== Memoria GPU - Inicio de época ====
GPU 0 - Total: 40442.4 MB | Allocated: 474.9 MB | Cached: 644.0 MB


==== Memoria GPU - Inicio de época ====
GPU 0 - Total: 40442.4 MB | Allocated: 474.9 MB | Cached: 2530.0 MB

Validation Dice: 0.7757332086062158 for Model: RoiNetMultiSkip_Dice

==== Memoria GPU - Inicio de época ====
GPU 0 - Total: 40442.4 MB | Allocated: 474.9 MB | Cached: 644.0 MB


==== Memoria GPU - Inicio de época ====
GPU 0 - Total: 40442.4 MB | Allocated: 474.9 MB | Cached: 2530.0 MB

Validation Dice: 0.8066184871098084 for Model: RoiNetMultiSkip_Dice

==== Memoria GPU - Inicio de época ====
GPU 0 - Total: 40442.4 MB | Allocated: 474.9 MB | Cached: 644.0 MB


==== Memoria GPU - Inicio de época ====
GPU 0 - Total: 40442.4 MB | Allocated: 474.9 MB | Cached: 2530.0 MB

Validation Dice: 0.7846271150365212 for Model: RoiNetMultiSkip_Dice

==== Memoria GPU - Inicio de época ====
GPU 0 - Total: 40442.4 MB | Allocated: 474.9 MB | Cached: 644.0 MB


==== Memoria GPU - Inicio de época ====
GPU 0 - Total: 40442.4 MB | Allocated: 474.9 MB | Cached: 2530.0 MB

Validation Dice: 0.8249605870295228 for Model: RoiNetMultiSkip_Dice
New best dice found, evaluating on test set...

==== Memoria GPU - Inicio de época ====
GPU 0 - Total: 40442.4 MB | Allocated: 474.9 MB | Cached: 2530.0 MB


==== Memoria GPU - Inicio de época ====
GPU 0 - Total: 40442.4 MB | Allocated: 474.9 MB | Cached: 644.0 MB


==== Memoria GPU - Inicio de época ====
GPU 0 - Total: 40442.4 MB | Allocated: 474.9 MB | Cached: 2530.0 MB

Validation Dice: 0.8141307980708038 for Model: RoiNetMultiSkip_Dice

==== Memoria GPU - Inicio de época ====
GPU 0 - Total: 40442.4 MB | Allocated: 474.9 MB | Cached: 644.0 MB


==== Memoria GPU - Inicio de época ====
GPU 0 - Total: 40442.4 MB | Allocated: 474.9 MB | Cached: 2530.0 MB

Validation Dice: 0.7349656805169363 for Model: RoiNetMultiSkip_Dice

==== Memoria GPU - Inicio de época ====
GPU 0 - Total: 40442.4 MB | Allocated: 474.9 MB | Cached: 644.0 MB


==== Memoria GPU - Inicio de época ====
GPU 0 - Total: 40442.4 MB | Allocated: 474.9 MB | Cached: 2530.0 MB

Validation Dice: 0.7778614569859902 for Model: RoiNetMultiSkip_Dice

==== Memoria GPU - Inicio de época ====
GPU 0 - Total: 40442.4 MB | Allocated: 474.9 MB | Cached: 644.0 MB


==== Memoria GPU - Inicio de época ====
GPU 0 - Total: 40442.4 MB | Allocated: 474.9 MB | Cached: 2530.0 MB

Validation Dice: 0.797393853674408 for Model: RoiNetMultiSkip_Dice

==== Memoria GPU - Inicio de época ====
GPU 0 - Total: 40442.4 MB | Allocated: 474.9 MB | Cached: 644.0 MB


==== Memoria GPU - Inicio de época ====
GPU 0 - Total: 40442.4 MB | Allocated: 474.9 MB | Cached: 2530.0 MB

Validation Dice: 0.7725086010774126 for Model: RoiNetMultiSkip_Dice

==== Memoria GPU - Inicio de época ====
GPU 0 - Total: 40442.4 MB | Allocated: 474.9 MB | Cached: 644.0 MB


==== Memoria GPU - Inicio de época ====
GPU 0 - Total: 40442.4 MB | Allocated: 474.9 MB | Cached: 2530.0 MB

Validation Dice: 0.8096007282718527 for Model: RoiNetMultiSkip_Dice

==== Memoria GPU - Inicio de época ====
GPU 0 - Total: 40442.4 MB | Allocated: 474.9 MB | Cached: 644.0 MB


==== Memoria GPU - Inicio de época ====
GPU 0 - Total: 40442.4 MB | Allocated: 474.9 MB | Cached: 2530.0 MB

Validation Dice: 0.7686786151112052 for Model: RoiNetMultiSkip_Dice

==== Memoria GPU - Inicio de época ====
GPU 0 - Total: 40442.4 MB | Allocated: 474.9 MB | Cached: 644.0 MB


==== Memoria GPU - Inicio de época ====
GPU 0 - Total: 40442.4 MB | Allocated: 474.9 MB | Cached: 2530.0 MB

Validation Dice: 0.801353496930318 for Model: RoiNetMultiSkip_Dice

==== Memoria GPU - Inicio de época ====
GPU 0 - Total: 40442.4 MB | Allocated: 474.9 MB | Cached: 644.0 MB


==== Memoria GPU - Inicio de época ====
GPU 0 - Total: 40442.4 MB | Allocated: 474.9 MB | Cached: 2530.0 MB

Validation Dice: 0.773790929092813 for Model: RoiNetMultiSkip_Dice

==== Memoria GPU - Inicio de época ====
GPU 0 - Total: 40442.4 MB | Allocated: 474.9 MB | Cached: 644.0 MB


==== Memoria GPU - Inicio de época ====
GPU 0 - Total: 40442.4 MB | Allocated: 474.9 MB | Cached: 2530.0 MB

Validation Dice: 0.8040067468655078 for Model: RoiNetMultiSkip_Dice

==== Memoria GPU - Inicio de época ====
GPU 0 - Total: 40442.4 MB | Allocated: 474.9 MB | Cached: 644.0 MB


==== Memoria GPU - Inicio de época ====
GPU 0 - Total: 40442.4 MB | Allocated: 474.9 MB | Cached: 2530.0 MB

Validation Dice: 0.8051826874543299 for Model: RoiNetMultiSkip_Dice

==== Memoria GPU - Inicio de época ====
GPU 0 - Total: 40442.4 MB | Allocated: 474.9 MB | Cached: 644.0 MB


==== Memoria GPU - Inicio de época ====
GPU 0 - Total: 40442.4 MB | Allocated: 474.9 MB | Cached: 2530.0 MB

Validation Dice: 0.8160688373807398 for Model: RoiNetMultiSkip_Dice

==== Memoria GPU - Inicio de época ====
GPU 0 - Total: 40442.4 MB | Allocated: 474.9 MB | Cached: 644.0 MB


==== Memoria GPU - Inicio de época ====
GPU 0 - Total: 40442.4 MB | Allocated: 474.9 MB | Cached: 2530.0 MB

Validation Dice: 0.7858321799405404 for Model: RoiNetMultiSkip_Dice

==== Memoria GPU - Inicio de época ====
GPU 0 - Total: 40442.4 MB | Allocated: 474.9 MB | Cached: 644.0 MB


==== Memoria GPU - Inicio de época ====
GPU 0 - Total: 40442.4 MB | Allocated: 474.9 MB | Cached: 2530.0 MB

Validation Dice: 0.7911130372646262 for Model: RoiNetMultiSkip_Dice

==== Memoria GPU - Inicio de época ====
GPU 0 - Total: 40442.4 MB | Allocated: 474.9 MB | Cached: 644.0 MB


==== Memoria GPU - Inicio de época ====
GPU 0 - Total: 40442.4 MB | Allocated: 474.9 MB | Cached: 2530.0 MB

Validation Dice: 0.7602745886183101 for Model: RoiNetMultiSkip_Dice

==== Memoria GPU - Inicio de época ====
GPU 0 - Total: 40442.4 MB | Allocated: 474.9 MB | Cached: 644.0 MB


==== Memoria GPU - Inicio de época ====
GPU 0 - Total: 40442.4 MB | Allocated: 474.9 MB | Cached: 2530.0 MB

Validation Dice: 0.813988765884254 for Model: RoiNetMultiSkip_Dice

==== Memoria GPU - Inicio de época ====
GPU 0 - Total: 40442.4 MB | Allocated: 474.9 MB | Cached: 644.0 MB


==== Memoria GPU - Inicio de época ====
GPU 0 - Total: 40442.4 MB | Allocated: 474.9 MB | Cached: 2530.0 MB

Validation Dice: 0.7803202283609781 for Model: RoiNetMultiSkip_Dice

==== Memoria GPU - Inicio de época ====
GPU 0 - Total: 40442.4 MB | Allocated: 474.9 MB | Cached: 644.0 MB


==== Memoria GPU - Inicio de época ====
GPU 0 - Total: 40442.4 MB | Allocated: 474.9 MB | Cached: 2530.0 MB

Validation Dice: 0.7284037239989606 for Model: RoiNetMultiSkip_Dice

==== Memoria GPU - Inicio de época ====
GPU 0 - Total: 40442.4 MB | Allocated: 474.9 MB | Cached: 644.0 MB


==== Memoria GPU - Inicio de época ====
GPU 0 - Total: 40442.4 MB | Allocated: 474.9 MB | Cached: 2530.0 MB

Validation Dice: 0.7774557342321607 for Model: RoiNetMultiSkip_Dice

==== Memoria GPU - Inicio de época ====
GPU 0 - Total: 40442.4 MB | Allocated: 474.9 MB | Cached: 644.0 MB


==== Memoria GPU - Inicio de época ====
GPU 0 - Total: 40442.4 MB | Allocated: 474.9 MB | Cached: 2530.0 MB

Validation Dice: 0.7726787346351021 for Model: RoiNetMultiSkip_Dice

==== Memoria GPU - Inicio de época ====
GPU 0 - Total: 40442.4 MB | Allocated: 474.9 MB | Cached: 644.0 MB


==== Memoria GPU - Inicio de época ====
GPU 0 - Total: 40442.4 MB | Allocated: 474.9 MB | Cached: 2530.0 MB

Validation Dice: 0.803447684593609 for Model: RoiNetMultiSkip_Dice

==== Memoria GPU - Inicio de época ====
GPU 0 - Total: 40442.4 MB | Allocated: 474.9 MB | Cached: 644.0 MB


==== Memoria GPU - Inicio de época ====
GPU 0 - Total: 40442.4 MB | Allocated: 474.9 MB | Cached: 2530.0 MB

Validation Dice: 0.8013479689307124 for Model: RoiNetMultiSkip_Dice

==== Memoria GPU - Inicio de época ====
GPU 0 - Total: 40442.4 MB | Allocated: 474.9 MB | Cached: 644.0 MB


==== Memoria GPU - Inicio de época ====
GPU 0 - Total: 40442.4 MB | Allocated: 474.9 MB | Cached: 2530.0 MB

Validation Dice: 0.7970906698996566 for Model: RoiNetMultiSkip_Dice

==== Memoria GPU - Inicio de época ====
GPU 0 - Total: 40442.4 MB | Allocated: 474.9 MB | Cached: 644.0 MB


==== Memoria GPU - Inicio de época ====
GPU 0 - Total: 40442.4 MB | Allocated: 474.9 MB | Cached: 2530.0 MB

Validation Dice: 0.8069887714758476 for Model: RoiNetMultiSkip_Dice

==== Memoria GPU - Inicio de época ====
GPU 0 - Total: 40442.4 MB | Allocated: 474.9 MB | Cached: 644.0 MB


==== Memoria GPU - Inicio de época ====
GPU 0 - Total: 40442.4 MB | Allocated: 474.9 MB | Cached: 2530.0 MB

Validation Dice: 0.7734018155922913 for Model: RoiNetMultiSkip_Dice

==== Memoria GPU - Inicio de época ====
GPU 0 - Total: 40442.4 MB | Allocated: 474.9 MB | Cached: 644.0 MB


==== Memoria GPU - Inicio de época ====
GPU 0 - Total: 40442.4 MB | Allocated: 474.9 MB | Cached: 2530.0 MB

Validation Dice: 0.8034369057620302 for Model: RoiNetMultiSkip_Dice

==== Memoria GPU - Inicio de época ====
GPU 0 - Total: 40442.4 MB | Allocated: 474.9 MB | Cached: 644.0 MB


==== Memoria GPU - Inicio de época ====
GPU 0 - Total: 40442.4 MB | Allocated: 474.9 MB | Cached: 2530.0 MB

Validation Dice: 0.7876543380324857 for Model: RoiNetMultiSkip_Dice

==== Memoria GPU - Inicio de época ====
GPU 0 - Total: 40442.4 MB | Allocated: 474.9 MB | Cached: 644.0 MB


==== Memoria GPU - Inicio de época ====
GPU 0 - Total: 40442.4 MB | Allocated: 474.9 MB | Cached: 2530.0 MB

Validation Dice: 0.7807275179771423 for Model: RoiNetMultiSkip_Dice

==== Memoria GPU - Inicio de época ====
GPU 0 - Total: 40442.4 MB | Allocated: 474.9 MB | Cached: 644.0 MB


==== Memoria GPU - Inicio de época ====
GPU 0 - Total: 40442.4 MB | Allocated: 474.9 MB | Cached: 2530.0 MB

Validation Dice: 0.7866974217968776 for Model: RoiNetMultiSkip_Dice

==== Memoria GPU - Inicio de época ====
GPU 0 - Total: 40442.4 MB | Allocated: 474.9 MB | Cached: 644.0 MB


==== Memoria GPU - Inicio de época ====
GPU 0 - Total: 40442.4 MB | Allocated: 474.9 MB | Cached: 2530.0 MB

Validation Dice: 0.8090038954943983 for Model: RoiNetMultiSkip_Dice

==== Memoria GPU - Inicio de época ====
GPU 0 - Total: 40442.4 MB | Allocated: 474.9 MB | Cached: 644.0 MB


==== Memoria GPU - Inicio de época ====
GPU 0 - Total: 40442.4 MB | Allocated: 474.9 MB | Cached: 2530.0 MB

Validation Dice: 0.776538743709188 for Model: RoiNetMultiSkip_Dice

==== Memoria GPU - Inicio de época ====
GPU 0 - Total: 40442.4 MB | Allocated: 474.9 MB | Cached: 644.0 MB


==== Memoria GPU - Inicio de época ====
GPU 0 - Total: 40442.4 MB | Allocated: 474.9 MB | Cached: 2530.0 MB

Validation Dice: 0.7842100818902917 for Model: RoiNetMultiSkip_Dice

==== Memoria GPU - Inicio de época ====
GPU 0 - Total: 40442.4 MB | Allocated: 474.9 MB | Cached: 644.0 MB


==== Memoria GPU - Inicio de época ====
GPU 0 - Total: 40442.4 MB | Allocated: 474.9 MB | Cached: 2530.0 MB

Validation Dice: 0.7918037815939719 for Model: RoiNetMultiSkip_Dice

==== Memoria GPU - Inicio de época ====
GPU 0 - Total: 40442.4 MB | Allocated: 474.9 MB | Cached: 644.0 MB


==== Memoria GPU - Inicio de época ====
GPU 0 - Total: 40442.4 MB | Allocated: 474.9 MB | Cached: 2530.0 MB

Validation Dice: 0.7983713738129085 for Model: RoiNetMultiSkip_Dice

==== Memoria GPU - Inicio de época ====
GPU 0 - Total: 40442.4 MB | Allocated: 474.9 MB | Cached: 644.0 MB


==== Memoria GPU - Inicio de época ====
GPU 0 - Total: 40442.4 MB | Allocated: 474.9 MB | Cached: 2530.0 MB

Validation Dice: 0.7922583973934879 for Model: RoiNetMultiSkip_Dice

==== Memoria GPU - Inicio de época ====
GPU 0 - Total: 40442.4 MB | Allocated: 474.9 MB | Cached: 644.0 MB


==== Memoria GPU - Inicio de época ====
GPU 0 - Total: 40442.4 MB | Allocated: 474.9 MB | Cached: 2530.0 MB

Validation Dice: 0.7903137531327751 for Model: RoiNetMultiSkip_Dice

==== Memoria GPU - Inicio de época ====
GPU 0 - Total: 40442.4 MB | Allocated: 474.9 MB | Cached: 644.0 MB


==== Memoria GPU - Inicio de época ====
GPU 0 - Total: 40442.4 MB | Allocated: 474.9 MB | Cached: 2530.0 MB

Validation Dice: 0.7907215943543147 for Model: RoiNetMultiSkip_Dice

==== Memoria GPU - Inicio de época ====
GPU 0 - Total: 40442.4 MB | Allocated: 474.9 MB | Cached: 644.0 MB


==== Memoria GPU - Inicio de época ====
GPU 0 - Total: 40442.4 MB | Allocated: 474.9 MB | Cached: 2530.0 MB

Validation Dice: 0.7937787731241546 for Model: RoiNetMultiSkip_Dice

==== Memoria GPU - Inicio de época ====
GPU 0 - Total: 40442.4 MB | Allocated: 474.9 MB | Cached: 644.0 MB


==== Memoria GPU - Inicio de época ====
GPU 0 - Total: 40442.4 MB | Allocated: 474.9 MB | Cached: 2530.0 MB

Validation Dice: 0.7457243191686089 for Model: RoiNetMultiSkip_Dice

==== Memoria GPU - Inicio de época ====
GPU 0 - Total: 40442.4 MB | Allocated: 474.9 MB | Cached: 644.0 MB


==== Memoria GPU - Inicio de época ====
GPU 0 - Total: 40442.4 MB | Allocated: 474.9 MB | Cached: 2530.0 MB

Validation Dice: 0.7894290076345051 for Model: RoiNetMultiSkip_Dice

==== Memoria GPU - Inicio de época ====
GPU 0 - Total: 40442.4 MB | Allocated: 474.9 MB | Cached: 644.0 MB


==== Memoria GPU - Inicio de época ====
GPU 0 - Total: 40442.4 MB | Allocated: 474.9 MB | Cached: 2530.0 MB

Validation Dice: 0.7914233352136124 for Model: RoiNetMultiSkip_Dice

==== Memoria GPU - Inicio de época ====
GPU 0 - Total: 40442.4 MB | Allocated: 474.9 MB | Cached: 644.0 MB


==== Memoria GPU - Inicio de época ====
GPU 0 - Total: 40442.4 MB | Allocated: 474.9 MB | Cached: 2530.0 MB

Validation Dice: 0.810433619751826 for Model: RoiNetMultiSkip_Dice

==== Memoria GPU - Inicio de época ====
GPU 0 - Total: 40442.4 MB | Allocated: 474.9 MB | Cached: 644.0 MB


==== Memoria GPU - Inicio de época ====
GPU 0 - Total: 40442.4 MB | Allocated: 474.9 MB | Cached: 2530.0 MB

Validation Dice: 0.7712525823744221 for Model: RoiNetMultiSkip_Dice

==== Memoria GPU - Inicio de época ====
GPU 0 - Total: 40442.4 MB | Allocated: 474.9 MB | Cached: 644.0 MB


==== Memoria GPU - Inicio de época ====
GPU 0 - Total: 40442.4 MB | Allocated: 474.9 MB | Cached: 2530.0 MB

Validation Dice: 0.797100172164126 for Model: RoiNetMultiSkip_Dice

==== Memoria GPU - Inicio de época ====
GPU 0 - Total: 40442.4 MB | Allocated: 474.9 MB | Cached: 644.0 MB


==== Memoria GPU - Inicio de época ====
GPU 0 - Total: 40442.4 MB | Allocated: 474.9 MB | Cached: 2530.0 MB

Validation Dice: 0.7832874913724627 for Model: RoiNetMultiSkip_Dice

==== Memoria GPU - Inicio de época ====
GPU 0 - Total: 40442.4 MB | Allocated: 474.9 MB | Cached: 644.0 MB


==== Memoria GPU - Inicio de época ====
GPU 0 - Total: 40442.4 MB | Allocated: 474.9 MB | Cached: 2530.0 MB

Validation Dice: 0.8064899539383191 for Model: RoiNetMultiSkip_Dice

==== Memoria GPU - Inicio de época ====
GPU 0 - Total: 40442.4 MB | Allocated: 474.9 MB | Cached: 644.0 MB


==== Memoria GPU - Inicio de época ====
GPU 0 - Total: 40442.4 MB | Allocated: 474.9 MB | Cached: 2530.0 MB

Validation Dice: 0.8027071859260769 for Model: RoiNetMultiSkip_Dice

==== Memoria GPU - Inicio de época ====
GPU 0 - Total: 40442.4 MB | Allocated: 474.9 MB | Cached: 644.0 MB


==== Memoria GPU - Inicio de época ====
GPU 0 - Total: 40442.4 MB | Allocated: 474.9 MB | Cached: 2530.0 MB

Validation Dice: 0.7914660139878377 for Model: RoiNetMultiSkip_Dice

==== Memoria GPU - Inicio de época ====
GPU 0 - Total: 40442.4 MB | Allocated: 474.9 MB | Cached: 644.0 MB


==== Memoria GPU - Inicio de época ====
GPU 0 - Total: 40442.4 MB | Allocated: 474.9 MB | Cached: 2530.0 MB

Validation Dice: 0.7852556242323612 for Model: RoiNetMultiSkip_Dice

==== Memoria GPU - Inicio de época ====
GPU 0 - Total: 40442.4 MB | Allocated: 474.9 MB | Cached: 644.0 MB


==== Memoria GPU - Inicio de época ====
GPU 0 - Total: 40442.4 MB | Allocated: 474.9 MB | Cached: 2530.0 MB

Validation Dice: 0.8018331985154162 for Model: RoiNetMultiSkip_Dice

==== Memoria GPU - Inicio de época ====
GPU 0 - Total: 40442.4 MB | Allocated: 474.9 MB | Cached: 644.0 MB


==== Memoria GPU - Inicio de época ====
GPU 0 - Total: 40442.4 MB | Allocated: 474.9 MB | Cached: 2530.0 MB

Validation Dice: 0.7793873117389034 for Model: RoiNetMultiSkip_Dice

==== Memoria GPU - Inicio de época ====
GPU 0 - Total: 40442.4 MB | Allocated: 474.9 MB | Cached: 644.0 MB


==== Memoria GPU - Inicio de época ====
GPU 0 - Total: 40442.4 MB | Allocated: 474.9 MB | Cached: 2530.0 MB

Validation Dice: 0.7903090439891644 for Model: RoiNetMultiSkip_Dice

==== Memoria GPU - Inicio de época ====
GPU 0 - Total: 40442.4 MB | Allocated: 474.9 MB | Cached: 644.0 MB


==== Memoria GPU - Inicio de época ====
GPU 0 - Total: 40442.4 MB | Allocated: 474.9 MB | Cached: 2530.0 MB

Validation Dice: 0.76988225496422 for Model: RoiNetMultiSkip_Dice

==== Memoria GPU - Inicio de época ====
GPU 0 - Total: 40442.4 MB | Allocated: 474.9 MB | Cached: 644.0 MB


==== Memoria GPU - Inicio de época ====
GPU 0 - Total: 40442.4 MB | Allocated: 474.9 MB | Cached: 2530.0 MB

Validation Dice: 0.8097878230063053 for Model: RoiNetMultiSkip_Dice

==== Memoria GPU - Inicio de época ====
GPU 0 - Total: 40442.4 MB | Allocated: 474.9 MB | Cached: 644.0 MB


==== Memoria GPU - Inicio de época ====
GPU 0 - Total: 40442.4 MB | Allocated: 474.9 MB | Cached: 2530.0 MB

Validation Dice: 0.7927929287565849 for Model: RoiNetMultiSkip_Dice

==== Memoria GPU - Inicio de época ====
GPU 0 - Total: 40442.4 MB | Allocated: 474.9 MB | Cached: 644.0 MB


==== Memoria GPU - Inicio de época ====
GPU 0 - Total: 40442.4 MB | Allocated: 474.9 MB | Cached: 2530.0 MB

Validation Dice: 0.803028033363847 for Model: RoiNetMultiSkip_Dice

==== Memoria GPU - Inicio de época ====
GPU 0 - Total: 40442.4 MB | Allocated: 474.9 MB | Cached: 644.0 MB


==== Memoria GPU - Inicio de época ====
GPU 0 - Total: 40442.4 MB | Allocated: 474.9 MB | Cached: 2530.0 MB

Validation Dice: 0.6605764016734669 for Model: RoiNetMultiSkip_Dice

==== Memoria GPU - Inicio de época ====
GPU 0 - Total: 40442.4 MB | Allocated: 474.9 MB | Cached: 644.0 MB


==== Memoria GPU - Inicio de época ====
GPU 0 - Total: 40442.4 MB | Allocated: 474.9 MB | Cached: 2530.0 MB

Validation Dice: 0.7730251010959536 for Model: RoiNetMultiSkip_Dice

==== Memoria GPU - Inicio de época ====
GPU 0 - Total: 40442.4 MB | Allocated: 474.9 MB | Cached: 644.0 MB


==== Memoria GPU - Inicio de época ====
GPU 0 - Total: 40442.4 MB | Allocated: 474.9 MB | Cached: 2530.0 MB

Validation Dice: 0.8053610640556181 for Model: RoiNetMultiSkip_Dice

==== Memoria GPU - Inicio de época ====
GPU 0 - Total: 40442.4 MB | Allocated: 474.9 MB | Cached: 644.0 MB


==== Memoria GPU - Inicio de época ====
GPU 0 - Total: 40442.4 MB | Allocated: 474.9 MB | Cached: 2530.0 MB

Validation Dice: 0.7975662691805189 for Model: RoiNetMultiSkip_Dice

==== Memoria GPU - Inicio de época ====
GPU 0 - Total: 40442.4 MB | Allocated: 474.9 MB | Cached: 644.0 MB


==== Memoria GPU - Inicio de época ====
GPU 0 - Total: 40442.4 MB | Allocated: 474.9 MB | Cached: 2530.0 MB

Validation Dice: 0.7984642985998424 for Model: RoiNetMultiSkip_Dice

==== Memoria GPU - Inicio de época ====
GPU 0 - Total: 40442.4 MB | Allocated: 474.9 MB | Cached: 644.0 MB


==== Memoria GPU - Inicio de época ====
GPU 0 - Total: 40442.4 MB | Allocated: 474.9 MB | Cached: 2530.0 MB

Validation Dice: 0.786523681823073 for Model: RoiNetMultiSkip_Dice

==== Memoria GPU - Inicio de época ====
GPU 0 - Total: 40442.4 MB | Allocated: 474.9 MB | Cached: 644.0 MB


==== Memoria GPU - Inicio de época ====
GPU 0 - Total: 40442.4 MB | Allocated: 474.9 MB | Cached: 2530.0 MB

Validation Dice: 0.7998786872496821 for Model: RoiNetMultiSkip_Dice

==== Memoria GPU - Inicio de época ====
GPU 0 - Total: 40442.4 MB | Allocated: 474.9 MB | Cached: 644.0 MB


==== Memoria GPU - Inicio de época ====
GPU 0 - Total: 40442.4 MB | Allocated: 474.9 MB | Cached: 2530.0 MB

Validation Dice: 0.7820931057835662 for Model: RoiNetMultiSkip_Dice

==== Memoria GPU - Inicio de época ====
GPU 0 - Total: 40442.4 MB | Allocated: 474.9 MB | Cached: 644.0 MB


==== Memoria GPU - Inicio de época ====
GPU 0 - Total: 40442.4 MB | Allocated: 474.9 MB | Cached: 2530.0 MB

Validation Dice: 0.7993470346234445 for Model: RoiNetMultiSkip_Dice

==== Memoria GPU - Inicio de época ====
GPU 0 - Total: 40442.4 MB | Allocated: 474.9 MB | Cached: 644.0 MB


==== Memoria GPU - Inicio de época ====
GPU 0 - Total: 40442.4 MB | Allocated: 474.9 MB | Cached: 2530.0 MB

Validation Dice: 0.7571605467622545 for Model: RoiNetMultiSkip_Dice

==== Memoria GPU - Inicio de época ====
GPU 0 - Total: 40442.4 MB | Allocated: 474.9 MB | Cached: 644.0 MB


==== Memoria GPU - Inicio de época ====
GPU 0 - Total: 40442.4 MB | Allocated: 474.9 MB | Cached: 2530.0 MB

Validation Dice: 0.8071090282083492 for Model: RoiNetMultiSkip_Dice

==== Memoria GPU - Inicio de época ====
GPU 0 - Total: 40442.4 MB | Allocated: 474.9 MB | Cached: 644.0 MB


==== Memoria GPU - Inicio de época ====
GPU 0 - Total: 40442.4 MB | Allocated: 474.9 MB | Cached: 2530.0 MB

Validation Dice: 0.7487482193273479 for Model: RoiNetMultiSkip_Dice

==== Memoria GPU - Inicio de época ====
GPU 0 - Total: 40442.4 MB | Allocated: 474.9 MB | Cached: 644.0 MB


==== Memoria GPU - Inicio de época ====
GPU 0 - Total: 40442.4 MB | Allocated: 474.9 MB | Cached: 2530.0 MB

Validation Dice: 0.7852107431661816 for Model: RoiNetMultiSkip_Dice

==== Memoria GPU - Inicio de época ====
GPU 0 - Total: 40442.4 MB | Allocated: 474.9 MB | Cached: 644.0 MB


==== Memoria GPU - Inicio de época ====
GPU 0 - Total: 40442.4 MB | Allocated: 474.9 MB | Cached: 2530.0 MB

Validation Dice: 0.8008466788689539 for Model: RoiNetMultiSkip_Dice

==== Memoria GPU - Inicio de época ====
GPU 0 - Total: 40442.4 MB | Allocated: 474.9 MB | Cached: 644.0 MB


==== Memoria GPU - Inicio de época ====
GPU 0 - Total: 40442.4 MB | Allocated: 474.9 MB | Cached: 2530.0 MB

Validation Dice: 0.7942458862507654 for Model: RoiNetMultiSkip_Dice

==== Memoria GPU - Inicio de época ====
GPU 0 - Total: 40442.4 MB | Allocated: 474.9 MB | Cached: 644.0 MB


==== Memoria GPU - Inicio de época ====
GPU 0 - Total: 40442.4 MB | Allocated: 474.9 MB | Cached: 2530.0 MB

Validation Dice: 0.7953063237587874 for Model: RoiNetMultiSkip_Dice

==== Memoria GPU - Inicio de época ====
GPU 0 - Total: 40442.4 MB | Allocated: 474.9 MB | Cached: 644.0 MB


==== Memoria GPU - Inicio de época ====
GPU 0 - Total: 40442.4 MB | Allocated: 474.9 MB | Cached: 2530.0 MB

Validation Dice: 0.7997279695284026 for Model: RoiNetMultiSkip_Dice

==== Memoria GPU - Inicio de época ====
GPU 0 - Total: 40442.4 MB | Allocated: 474.9 MB | Cached: 644.0 MB


==== Memoria GPU - Inicio de época ====
GPU 0 - Total: 40442.4 MB | Allocated: 474.9 MB | Cached: 2530.0 MB

Validation Dice: 0.7924268729441296 for Model: RoiNetMultiSkip_Dice

==== Memoria GPU - Inicio de época ====
GPU 0 - Total: 40442.4 MB | Allocated: 474.9 MB | Cached: 644.0 MB


==== Memoria GPU - Inicio de época ====
GPU 0 - Total: 40442.4 MB | Allocated: 474.9 MB | Cached: 2530.0 MB

Validation Dice: 0.7846039735238218 for Model: RoiNetMultiSkip_Dice

==== Memoria GPU - Inicio de época ====
GPU 0 - Total: 40442.4 MB | Allocated: 474.9 MB | Cached: 644.0 MB


==== Memoria GPU - Inicio de época ====
GPU 0 - Total: 40442.4 MB | Allocated: 474.9 MB | Cached: 2530.0 MB

Validation Dice: 0.8157227460970516 for Model: RoiNetMultiSkip_Dice

==== Memoria GPU - Inicio de época ====
GPU 0 - Total: 40442.4 MB | Allocated: 474.9 MB | Cached: 644.0 MB


==== Memoria GPU - Inicio de época ====
GPU 0 - Total: 40442.4 MB | Allocated: 474.9 MB | Cached: 2530.0 MB

Validation Dice: 0.7907318010319976 for Model: RoiNetMultiSkip_Dice

==== Memoria GPU - Inicio de época ====
GPU 0 - Total: 40442.4 MB | Allocated: 474.9 MB | Cached: 644.0 MB


==== Memoria GPU - Inicio de época ====
GPU 0 - Total: 40442.4 MB | Allocated: 474.9 MB | Cached: 2530.0 MB

Validation Dice: 0.79626520650644 for Model: RoiNetMultiSkip_Dice

==== Memoria GPU - Inicio de época ====
GPU 0 - Total: 40442.4 MB | Allocated: 474.9 MB | Cached: 644.0 MB


==== Memoria GPU - Inicio de época ====
GPU 0 - Total: 40442.4 MB | Allocated: 474.9 MB | Cached: 2530.0 MB

Validation Dice: 0.8014555581659 for Model: RoiNetMultiSkip_Dice

==== Memoria GPU - Inicio de época ====
GPU 0 - Total: 40442.4 MB | Allocated: 474.9 MB | Cached: 644.0 MB


==== Memoria GPU - Inicio de época ====
GPU 0 - Total: 40442.4 MB | Allocated: 474.9 MB | Cached: 2530.0 MB

Validation Dice: 0.7992513159846742 for Model: RoiNetMultiSkip_Dice

==== Memoria GPU - Inicio de época ====
GPU 0 - Total: 40442.4 MB | Allocated: 474.9 MB | Cached: 644.0 MB


==== Memoria GPU - Inicio de época ====
GPU 0 - Total: 40442.4 MB | Allocated: 474.9 MB | Cached: 2530.0 MB

Validation Dice: 0.7839541148520427 for Model: RoiNetMultiSkip_Dice

==== Memoria GPU - Inicio de época ====
GPU 0 - Total: 40442.4 MB | Allocated: 474.9 MB | Cached: 644.0 MB


==== Memoria GPU - Inicio de época ====
GPU 0 - Total: 40442.4 MB | Allocated: 474.9 MB | Cached: 2530.0 MB

Validation Dice: 0.762255473826169 for Model: RoiNetMultiSkip_Dice

==== Memoria GPU - Inicio de época ====
GPU 0 - Total: 40442.4 MB | Allocated: 474.9 MB | Cached: 644.0 MB


==== Memoria GPU - Inicio de época ====
GPU 0 - Total: 40442.4 MB | Allocated: 474.9 MB | Cached: 2530.0 MB

Validation Dice: 0.805162037603373 for Model: RoiNetMultiSkip_Dice

==== Memoria GPU - Inicio de época ====
GPU 0 - Total: 40442.4 MB | Allocated: 474.9 MB | Cached: 644.0 MB


==== Memoria GPU - Inicio de época ====
GPU 0 - Total: 40442.4 MB | Allocated: 474.9 MB | Cached: 2530.0 MB

Validation Dice: 0.7805315487313682 for Model: RoiNetMultiSkip_Dice

==== Memoria GPU - Inicio de época ====
GPU 0 - Total: 40442.4 MB | Allocated: 474.9 MB | Cached: 644.0 MB


==== Memoria GPU - Inicio de época ====
GPU 0 - Total: 40442.4 MB | Allocated: 474.9 MB | Cached: 2530.0 MB

Validation Dice: 0.7998311589665316 for Model: RoiNetMultiSkip_Dice

==== Memoria GPU - Inicio de época ====
GPU 0 - Total: 40442.4 MB | Allocated: 474.9 MB | Cached: 644.0 MB


==== Memoria GPU - Inicio de época ====
GPU 0 - Total: 40442.4 MB | Allocated: 474.9 MB | Cached: 2530.0 MB

Validation Dice: 0.7753235232412009 for Model: RoiNetMultiSkip_Dice

==== Memoria GPU - Inicio de época ====
GPU 0 - Total: 40442.4 MB | Allocated: 474.9 MB | Cached: 644.0 MB


==== Memoria GPU - Inicio de época ====
GPU 0 - Total: 40442.4 MB | Allocated: 474.9 MB | Cached: 2530.0 MB

Validation Dice: 0.7853443353398367 for Model: RoiNetMultiSkip_Dice

==== Memoria GPU - Inicio de época ====
GPU 0 - Total: 40442.4 MB | Allocated: 474.9 MB | Cached: 644.0 MB


==== Memoria GPU - Inicio de época ====
GPU 0 - Total: 40442.4 MB | Allocated: 474.9 MB | Cached: 2530.0 MB

Validation Dice: 0.7937796940777182 for Model: RoiNetMultiSkip_Dice

==== Memoria GPU - Inicio de época ====
GPU 0 - Total: 40442.4 MB | Allocated: 474.9 MB | Cached: 644.0 MB


==== Memoria GPU - Inicio de época ====
GPU 0 - Total: 40442.4 MB | Allocated: 474.9 MB | Cached: 2530.0 MB

Validation Dice: 0.7533060470518905 for Model: RoiNetMultiSkip_Dice

==== Memoria GPU - Inicio de época ====
GPU 0 - Total: 40442.4 MB | Allocated: 474.9 MB | Cached: 644.0 MB


==== Memoria GPU - Inicio de época ====
GPU 0 - Total: 40442.4 MB | Allocated: 474.9 MB | Cached: 2530.0 MB

Validation Dice: 0.7965833469479554 for Model: RoiNetMultiSkip_Dice

==== Memoria GPU - Inicio de época ====
GPU 0 - Total: 40442.4 MB | Allocated: 474.9 MB | Cached: 644.0 MB


==== Memoria GPU - Inicio de época ====
GPU 0 - Total: 40442.4 MB | Allocated: 474.9 MB | Cached: 2530.0 MB

Validation Dice: 0.7891097114115908 for Model: RoiNetMultiSkip_Dice

==== Memoria GPU - Inicio de época ====
GPU 0 - Total: 40442.4 MB | Allocated: 474.9 MB | Cached: 644.0 MB


==== Memoria GPU - Inicio de época ====
GPU 0 - Total: 40442.4 MB | Allocated: 474.9 MB | Cached: 2530.0 MB

Validation Dice: 0.7569843183847617 for Model: RoiNetMultiSkip_Dice

==== Memoria GPU - Inicio de época ====
GPU 0 - Total: 40442.4 MB | Allocated: 474.9 MB | Cached: 644.0 MB


==== Memoria GPU - Inicio de época ====
GPU 0 - Total: 40442.4 MB | Allocated: 474.9 MB | Cached: 2530.0 MB

Validation Dice: 0.7750629453103323 for Model: RoiNetMultiSkip_Dice

==== Memoria GPU - Inicio de época ====
GPU 0 - Total: 40442.4 MB | Allocated: 474.9 MB | Cached: 644.0 MB


==== Memoria GPU - Inicio de época ====
GPU 0 - Total: 40442.4 MB | Allocated: 474.9 MB | Cached: 2530.0 MB

Validation Dice: 0.7610747580498248 for Model: RoiNetMultiSkip_Dice

==== Memoria GPU - Inicio de época ====
GPU 0 - Total: 40442.4 MB | Allocated: 474.9 MB | Cached: 644.0 MB


==== Memoria GPU - Inicio de época ====
GPU 0 - Total: 40442.4 MB | Allocated: 474.9 MB | Cached: 2530.0 MB

Validation Dice: 0.7998227081559053 for Model: RoiNetMultiSkip_Dice

==== Memoria GPU - Inicio de época ====
GPU 0 - Total: 40442.4 MB | Allocated: 474.9 MB | Cached: 644.0 MB


==== Memoria GPU - Inicio de época ====
GPU 0 - Total: 40442.4 MB | Allocated: 474.9 MB | Cached: 2530.0 MB

Validation Dice: 0.7986907148449798 for Model: RoiNetMultiSkip_Dice

==== Memoria GPU - Inicio de época ====
GPU 0 - Total: 40442.4 MB | Allocated: 474.9 MB | Cached: 644.0 MB


==== Memoria GPU - Inicio de época ====
GPU 0 - Total: 40442.4 MB | Allocated: 474.9 MB | Cached: 2530.0 MB

Validation Dice: 0.7755565393313479 for Model: RoiNetMultiSkip_Dice

==== Memoria GPU - Inicio de época ====
GPU 0 - Total: 40442.4 MB | Allocated: 474.9 MB | Cached: 644.0 MB


==== Memoria GPU - Inicio de época ====
GPU 0 - Total: 40442.4 MB | Allocated: 474.9 MB | Cached: 2530.0 MB

Validation Dice: 0.8042256149117484 for Model: RoiNetMultiSkip_Dice

==== Memoria GPU - Inicio de época ====
GPU 0 - Total: 40442.4 MB | Allocated: 474.9 MB | Cached: 644.0 MB


==== Memoria GPU - Inicio de época ====
GPU 0 - Total: 40442.4 MB | Allocated: 474.9 MB | Cached: 2530.0 MB

Validation Dice: 0.7320877566713725 for Model: RoiNetMultiSkip_Dice

==== Memoria GPU - Inicio de época ====
GPU 0 - Total: 40442.4 MB | Allocated: 474.9 MB | Cached: 644.0 MB


==== Memoria GPU - Inicio de época ====
GPU 0 - Total: 40442.4 MB | Allocated: 474.9 MB | Cached: 2530.0 MB

Validation Dice: 0.7877858491173965 for Model: RoiNetMultiSkip_Dice
Stopping training: no improvement in last 100 epochs.
