slurmstepd: info: Setting TMPDIR to /scratch/11060994. Previous errors about TMPDIR can be discarded
Restormer model not found. Restormer preprocessing will be disabled.
##DEBUG: Found FRNet
##DEBUG: Found RoiNet
##DEBUG: Found RoiNet
##DEBUG: Found RoiNet
##DEBUG: Found RoiNet
##DEBUG: Found RoiNet
##DEBUG: Found RoiNet
##DEBUG: Found RoiNet
##DEBUG: Found RoiNet_1bottleneck
##DEBUG: Found RoiNet_3bottleneck
##DEBUG: Found RoiNetTest1bottleneck
##DEBUG: Found RoiNetTest3bottleneck
##DEBUG: Found RoiNetTest2bottleneck
##DEBUG: Found RoiNetTest1bottleneck
##DEBUG: Found RoiNetTest3bottleneck
##DEBUG: Found RoiNetTest2bottleneck
##DEBUG: Found RoiNetNoSkip
##DEBUG: Found RoiNetSumFusion
##DEBUG: Found RoiNetAttnSkip
Available Models: ['FRNet', 'RoiNet11', 'RoiNet9', 'RoiNet9_plusk', 'RoiNet7', 'RoiNet5', 'RoiNet3', 'RoiNetR', 'RoiNet_1bottleneck_residual', 'RoiNet_3bottleneck_residual', 'RoiNetTest1bottleneck_residual', 'RoiNetTest3bottleneck_residual', 'RoiNetTest2bottleneck_residual', 'RoiNetTest1bottleneck_simple', 'RoiNetTest3bottleneck_simple', 'RoiNetTest2bottleneck_simple', 'RoiNetNoSkip', 'RoiNetSumFusion', 'RoiNetAttnSkip']
Datasets_library: {'FIVES512': {'paths': {'train': 'dataset/FIVES512/train', 'val': 'dataset/FIVES512/val', 'test': 'dataset/FIVES512/test'}, 'preprocessing': {'start': 0, 'end': 1}}, 'FIVES': {'paths': {'train': 'dataset/FIVES/train', 'val': 'dataset/FIVES/val', 'test': 'dataset/FIVES/test'}, 'preprocessing': {'start': 0, 'end': 1}}}
USING CHANNELS = 3
Available Datasets: ['FIVES512', 'FIVES']

All datasets: {'FIVES512': {'train': <ds.dataset.SegmentationDataset object at 0x14c2f960bd50>, 'val': <ds.dataset.SegmentationDataset object at 0x14c2f9616710>, 'test': <ds.dataset.SegmentationDataset object at 0x14c2f9617390>}, 'FIVES': {'train': <ds.dataset.SegmentationDataset object at 0x14c2f95e5e10>, 'val': <ds.dataset.SegmentationDataset object at 0x14c2f95f7850>, 'test': <ds.dataset.SegmentationDataset object at 0x14c2f95f9710>}}
Dataset a usar: {'train': <ds.dataset.SegmentationDataset object at 0x14c2f95e5e10>, 'val': <ds.dataset.SegmentationDataset object at 0x14c2f95f7850>, 'test': <ds.dataset.SegmentationDataset object at 0x14c2f95f9710>}
Configuración de Entrenamiento:
  Model: RoiNetAttnSkip
  Dataset: FIVES
  Config File: code/config/config.json
  Epochs: 300
  Thresh Value: 100
  Batch Size: 1
  Num Workers: 32
  Learning Rate: 0.0001
  Weight Decay: 0.001
  Loss Function: Dice
  Loss Alpha: 0.2
  Loss Beta: 0.8
  Loss Gamma: 0.5
  Logging Enabled: True
  Output Prefix: RoiNetAttnSkip_
  Augmentation Config: {'enabled': True, 'geometric': False, 'elastic': False, 'intensity_and_color': False, 'gamma': False, 'noise': False, 'otrosfives': True}
  Restormer Enabled: False
  Output Directory: run_benchmark_runs/RoiNetAttnSkip_result_2025-03-17_19-07-35
Parameters logged to: run_benchmark_runs/RoiNetAttnSkip_result_2025-03-17_19-07-35/parameters_FIVES_RoiNetAttnSkip_Dice_True_False.log

Modelo cargado en GPU: RoiNetAttnSkip(
  (dict_module): ModuleDict(
    (conv0): ResidualBlock(
      (conv1): Conv2d(3, 32, kernel_size=(9, 9), stride=(1, 1), padding=(4, 4), bias=False)
      (bn1): BatchNorm2d(32, eps=1e-05, momentum=0.1, affine=True, track_running_stats=True)
      (the_bn1): BatchNorm2d(3, eps=1e-05, momentum=0.1, affine=True, track_running_stats=True)
      (conv2): Conv2d(32, 32, kernel_size=(9, 9), stride=(1, 1), padding=(4, 4), bias=False)
      (bn2): BatchNorm2d(32, eps=1e-05, momentum=0.1, affine=True, track_running_stats=True)
      (shortcut): Sequential(
        (0): Conv2d(3, 32, kernel_size=(1, 1), stride=(1, 1), bias=False)
        (1): BatchNorm2d(32, eps=1e-05, momentum=0.1, affine=True, track_running_stats=True)
      )
    )
    (conv1): ResidualBlock(
      (conv1): Conv2d(32, 64, kernel_size=(9, 9), stride=(1, 1), padding=(4, 4), bias=False)
      (bn1): BatchNorm2d(64, eps=1e-05, momentum=0.1, affine=True, track_running_stats=True)
      (the_bn1): BatchNorm2d(32, eps=1e-05, momentum=0.1, affine=True, track_running_stats=True)
      (conv2): Conv2d(64, 64, kernel_size=(9, 9), stride=(1, 1), padding=(4, 4), bias=False)
      (bn2): BatchNorm2d(64, eps=1e-05, momentum=0.1, affine=True, track_running_stats=True)
      (shortcut): Sequential(
        (0): Conv2d(32, 64, kernel_size=(1, 1), stride=(1, 1), bias=False)
        (1): BatchNorm2d(64, eps=1e-05, momentum=0.1, affine=True, track_running_stats=True)
      )
    )
    (pool1): Sequential(
      (0): MaxPool2d(kernel_size=2, stride=2, padding=0, dilation=1, ceil_mode=False)
      (1): Conv2d(64, 128, kernel_size=(1, 1), stride=(1, 1))
    )
    (conv2): ResidualBlock(
      (conv1): Conv2d(128, 128, kernel_size=(9, 9), stride=(1, 1), padding=(4, 4), bias=False)
      (bn1): BatchNorm2d(128, eps=1e-05, momentum=0.1, affine=True, track_running_stats=True)
      (the_bn1): BatchNorm2d(128, eps=1e-05, momentum=0.1, affine=True, track_running_stats=True)
      (conv2): Conv2d(128, 128, kernel_size=(9, 9), stride=(1, 1), padding=(4, 4), bias=False)
      (bn2): BatchNorm2d(128, eps=1e-05, momentum=0.1, affine=True, track_running_stats=True)
      (shortcut): Sequential()
    )
    (pool2): Sequential(
      (0): MaxPool2d(kernel_size=2, stride=2, padding=0, dilation=1, ceil_mode=False)
      (1): Conv2d(128, 256, kernel_size=(1, 1), stride=(1, 1))
    )
    (bottle1): ResidualBlock(
      (conv1): Conv2d(256, 256, kernel_size=(9, 9), stride=(1, 1), padding=(4, 4), bias=False)
      (bn1): BatchNorm2d(256, eps=1e-05, momentum=0.1, affine=True, track_running_stats=True)
      (the_bn1): BatchNorm2d(256, eps=1e-05, momentum=0.1, affine=True, track_running_stats=True)
      (conv2): Conv2d(256, 256, kernel_size=(9, 9), stride=(1, 1), padding=(4, 4), bias=False)
      (bn2): BatchNorm2d(256, eps=1e-05, momentum=0.1, affine=True, track_running_stats=True)
      (shortcut): Sequential()
    )
    (bottle2): ResidualBlock(
      (conv1): Conv2d(256, 256, kernel_size=(9, 9), stride=(1, 1), padding=(4, 4), bias=False)
      (bn1): BatchNorm2d(256, eps=1e-05, momentum=0.1, affine=True, track_running_stats=True)
      (the_bn1): BatchNorm2d(256, eps=1e-05, momentum=0.1, affine=True, track_running_stats=True)
      (conv2): Conv2d(256, 256, kernel_size=(9, 9), stride=(1, 1), padding=(4, 4), bias=False)
      (bn2): BatchNorm2d(256, eps=1e-05, momentum=0.1, affine=True, track_running_stats=True)
      (shortcut): Sequential()
    )
    (merge2): Sequential(
      (0): Conv2d(512, 256, kernel_size=(3, 3), stride=(1, 1), padding=(1, 1), bias=False)
      (1): BatchNorm2d(256, eps=1e-05, momentum=0.1, affine=True, track_running_stats=True)
      (2): ReLU(inplace=True)
    )
    (conv3): ResidualBlock(
      (conv1): Conv2d(256, 128, kernel_size=(9, 9), stride=(1, 1), padding=(4, 4), bias=False)
      (bn1): BatchNorm2d(128, eps=1e-05, momentum=0.1, affine=True, track_running_stats=True)
      (the_bn1): BatchNorm2d(256, eps=1e-05, momentum=0.1, affine=True, track_running_stats=True)
      (conv2): Conv2d(128, 128, kernel_size=(9, 9), stride=(1, 1), padding=(4, 4), bias=False)
      (bn2): BatchNorm2d(128, eps=1e-05, momentum=0.1, affine=True, track_running_stats=True)
      (shortcut): Sequential(
        (0): Conv2d(256, 128, kernel_size=(1, 1), stride=(1, 1), bias=False)
        (1): BatchNorm2d(128, eps=1e-05, momentum=0.1, affine=True, track_running_stats=True)
      )
    )
    (up3): Sequential(
      (0): ConvTranspose2d(128, 64, kernel_size=(2, 2), stride=(2, 2))
    )
    (merge3): Sequential(
      (0): Conv2d(192, 64, kernel_size=(3, 3), stride=(1, 1), padding=(1, 1), bias=False)
      (1): BatchNorm2d(64, eps=1e-05, momentum=0.1, affine=True, track_running_stats=True)
      (2): ReLU(inplace=True)
    )
    (conv4): ResidualBlock(
      (conv1): Conv2d(64, 64, kernel_size=(9, 9), stride=(1, 1), padding=(4, 4), bias=False)
      (bn1): BatchNorm2d(64, eps=1e-05, momentum=0.1, affine=True, track_running_stats=True)
      (the_bn1): BatchNorm2d(64, eps=1e-05, momentum=0.1, affine=True, track_running_stats=True)
      (conv2): Conv2d(64, 64, kernel_size=(9, 9), stride=(1, 1), padding=(4, 4), bias=False)
      (bn2): BatchNorm2d(64, eps=1e-05, momentum=0.1, affine=True, track_running_stats=True)
      (shortcut): Sequential()
    )
    (up4): Sequential(
      (0): ConvTranspose2d(64, 32, kernel_size=(2, 2), stride=(2, 2))
    )
    (merge4): Sequential(
      (0): Conv2d(64, 32, kernel_size=(3, 3), stride=(1, 1), padding=(1, 1), bias=False)
      (1): BatchNorm2d(32, eps=1e-05, momentum=0.1, affine=True, track_running_stats=True)
      (2): ReLU(inplace=True)
    )
    (conv5): ResidualBlock(
      (conv1): Conv2d(32, 32, kernel_size=(9, 9), stride=(1, 1), padding=(4, 4), bias=False)
      (bn1): BatchNorm2d(32, eps=1e-05, momentum=0.1, affine=True, track_running_stats=True)
      (the_bn1): BatchNorm2d(32, eps=1e-05, momentum=0.1, affine=True, track_running_stats=True)
      (conv2): Conv2d(32, 32, kernel_size=(9, 9), stride=(1, 1), padding=(4, 4), bias=False)
      (bn2): BatchNorm2d(32, eps=1e-05, momentum=0.1, affine=True, track_running_stats=True)
      (shortcut): Sequential()
    )
    (final): Sequential(
      (0): Conv2d(32, 1, kernel_size=(1, 1), stride=(1, 1), bias=False)
      (1): Sigmoid()
    )
  )
  (attn_skip1): AttentionGate(
    (W_g): Sequential(
      (0): Conv2d(64, 64, kernel_size=(1, 1), stride=(1, 1))
      (1): BatchNorm2d(64, eps=1e-05, momentum=0.1, affine=True, track_running_stats=True)
    )
    (W_x): Sequential(
      (0): Conv2d(128, 64, kernel_size=(1, 1), stride=(1, 1))
      (1): BatchNorm2d(64, eps=1e-05, momentum=0.1, affine=True, track_running_stats=True)
    )
    (psi): Sequential(
      (0): Conv2d(64, 1, kernel_size=(1, 1), stride=(1, 1))
      (1): BatchNorm2d(1, eps=1e-05, momentum=0.1, affine=True, track_running_stats=True)
      (2): Sigmoid()
    )
    (relu): ReLU(inplace=True)
  )
  (attn_skip0): AttentionGate(
    (W_g): Sequential(
      (0): Conv2d(32, 32, kernel_size=(1, 1), stride=(1, 1))
      (1): BatchNorm2d(32, eps=1e-05, momentum=0.1, affine=True, track_running_stats=True)
    )
    (W_x): Sequential(
      (0): Conv2d(32, 32, kernel_size=(1, 1), stride=(1, 1))
      (1): BatchNorm2d(32, eps=1e-05, momentum=0.1, affine=True, track_running_stats=True)
    )
    (psi): Sequential(
      (0): Conv2d(32, 1, kernel_size=(1, 1), stride=(1, 1))
      (1): BatchNorm2d(1, eps=1e-05, momentum=0.1, affine=True, track_running_stats=True)
      (2): Sigmoid()
    )
    (relu): ReLU(inplace=True)
  )
)
- Parámetros totales: 30735084
- Memoria ocupada por modelo en GPU: 117.25 MB

==== Memoria GPU - Después de cargar el modelo en GPU ====
GPU 0 - Total: 40442.4 MB | Allocated: 118.3 MB | Cached: 144.0 MB


USING: Dice

==== Memoria GPU - Inicio de época ====
GPU 0 - Total: 40442.4 MB | Allocated: 118.3 MB | Cached: 144.0 MB


==== Memoria GPU - Inicio de época ====
GPU 0 - Total: 40442.4 MB | Allocated: 473.9 MB | Cached: 35348.0 MB

Validation Dice: 0.6875806171195112 for Model: RoiNetAttnSkip_Dice
New best dice found, evaluating on test set...

==== Memoria GPU - Inicio de época ====
GPU 0 - Total: 40442.4 MB | Allocated: 473.9 MB | Cached: 35348.0 MB


==== Memoria GPU - Inicio de época ====
GPU 0 - Total: 40442.4 MB | Allocated: 473.9 MB | Cached: 3302.0 MB


==== Memoria GPU - Inicio de época ====
GPU 0 - Total: 40442.4 MB | Allocated: 473.9 MB | Cached: 35632.0 MB

Validation Dice: 0.6871244073245779 for Model: RoiNetAttnSkip_Dice

==== Memoria GPU - Inicio de época ====
GPU 0 - Total: 40442.4 MB | Allocated: 473.9 MB | Cached: 3302.0 MB


==== Memoria GPU - Inicio de época ====
GPU 0 - Total: 40442.4 MB | Allocated: 473.9 MB | Cached: 35632.0 MB

Validation Dice: 0.736904291510336 for Model: RoiNetAttnSkip_Dice
New best dice found, evaluating on test set...

==== Memoria GPU - Inicio de época ====
GPU 0 - Total: 40442.4 MB | Allocated: 473.9 MB | Cached: 35632.0 MB


==== Memoria GPU - Inicio de época ====
GPU 0 - Total: 40442.4 MB | Allocated: 473.9 MB | Cached: 3302.0 MB


==== Memoria GPU - Inicio de época ====
GPU 0 - Total: 40442.4 MB | Allocated: 473.9 MB | Cached: 35632.0 MB

Validation Dice: 0.690850141333146 for Model: RoiNetAttnSkip_Dice

==== Memoria GPU - Inicio de época ====
GPU 0 - Total: 40442.4 MB | Allocated: 473.9 MB | Cached: 3302.0 MB


==== Memoria GPU - Inicio de época ====
GPU 0 - Total: 40442.4 MB | Allocated: 473.9 MB | Cached: 35632.0 MB

Validation Dice: 0.7588972594395677 for Model: RoiNetAttnSkip_Dice
New best dice found, evaluating on test set...

==== Memoria GPU - Inicio de época ====
GPU 0 - Total: 40442.4 MB | Allocated: 473.9 MB | Cached: 35632.0 MB


==== Memoria GPU - Inicio de época ====
GPU 0 - Total: 40442.4 MB | Allocated: 473.9 MB | Cached: 3302.0 MB


==== Memoria GPU - Inicio de época ====
GPU 0 - Total: 40442.4 MB | Allocated: 473.9 MB | Cached: 35632.0 MB

Validation Dice: 0.7477616673465113 for Model: RoiNetAttnSkip_Dice

==== Memoria GPU - Inicio de época ====
GPU 0 - Total: 40442.4 MB | Allocated: 473.9 MB | Cached: 3302.0 MB


==== Memoria GPU - Inicio de época ====
GPU 0 - Total: 40442.4 MB | Allocated: 473.9 MB | Cached: 35632.0 MB

Validation Dice: 0.734973067874304 for Model: RoiNetAttnSkip_Dice

==== Memoria GPU - Inicio de época ====
GPU 0 - Total: 40442.4 MB | Allocated: 473.9 MB | Cached: 3302.0 MB


==== Memoria GPU - Inicio de época ====
GPU 0 - Total: 40442.4 MB | Allocated: 473.9 MB | Cached: 35632.0 MB

Validation Dice: 0.7886888559137504 for Model: RoiNetAttnSkip_Dice
New best dice found, evaluating on test set...

==== Memoria GPU - Inicio de época ====
GPU 0 - Total: 40442.4 MB | Allocated: 473.9 MB | Cached: 35632.0 MB


==== Memoria GPU - Inicio de época ====
GPU 0 - Total: 40442.4 MB | Allocated: 473.9 MB | Cached: 3302.0 MB


==== Memoria GPU - Inicio de época ====
GPU 0 - Total: 40442.4 MB | Allocated: 473.9 MB | Cached: 35632.0 MB

Validation Dice: 0.761718196759683 for Model: RoiNetAttnSkip_Dice

==== Memoria GPU - Inicio de época ====
GPU 0 - Total: 40442.4 MB | Allocated: 473.9 MB | Cached: 3302.0 MB


==== Memoria GPU - Inicio de época ====
GPU 0 - Total: 40442.4 MB | Allocated: 473.9 MB | Cached: 35632.0 MB

Validation Dice: 0.7892494436163692 for Model: RoiNetAttnSkip_Dice
New best dice found, evaluating on test set...

==== Memoria GPU - Inicio de época ====
GPU 0 - Total: 40442.4 MB | Allocated: 473.9 MB | Cached: 35632.0 MB


==== Memoria GPU - Inicio de época ====
GPU 0 - Total: 40442.4 MB | Allocated: 473.9 MB | Cached: 3302.0 MB


==== Memoria GPU - Inicio de época ====
GPU 0 - Total: 40442.4 MB | Allocated: 473.9 MB | Cached: 35632.0 MB

Validation Dice: 0.7977906881923266 for Model: RoiNetAttnSkip_Dice
New best dice found, evaluating on test set...

==== Memoria GPU - Inicio de época ====
GPU 0 - Total: 40442.4 MB | Allocated: 473.9 MB | Cached: 35632.0 MB


==== Memoria GPU - Inicio de época ====
GPU 0 - Total: 40442.4 MB | Allocated: 473.9 MB | Cached: 3302.0 MB


==== Memoria GPU - Inicio de época ====
GPU 0 - Total: 40442.4 MB | Allocated: 473.9 MB | Cached: 35632.0 MB

Validation Dice: 0.7837534096821765 for Model: RoiNetAttnSkip_Dice

==== Memoria GPU - Inicio de época ====
GPU 0 - Total: 40442.4 MB | Allocated: 473.9 MB | Cached: 3302.0 MB


==== Memoria GPU - Inicio de época ====
GPU 0 - Total: 40442.4 MB | Allocated: 473.9 MB | Cached: 35632.0 MB

Validation Dice: 0.7743681420585699 for Model: RoiNetAttnSkip_Dice

==== Memoria GPU - Inicio de época ====
GPU 0 - Total: 40442.4 MB | Allocated: 473.9 MB | Cached: 3302.0 MB


==== Memoria GPU - Inicio de época ====
GPU 0 - Total: 40442.4 MB | Allocated: 473.9 MB | Cached: 35632.0 MB

Validation Dice: 0.8149543138637364 for Model: RoiNetAttnSkip_Dice
New best dice found, evaluating on test set...

==== Memoria GPU - Inicio de época ====
GPU 0 - Total: 40442.4 MB | Allocated: 473.9 MB | Cached: 35632.0 MB


==== Memoria GPU - Inicio de época ====
GPU 0 - Total: 40442.4 MB | Allocated: 473.9 MB | Cached: 3302.0 MB


==== Memoria GPU - Inicio de época ====
GPU 0 - Total: 40442.4 MB | Allocated: 473.9 MB | Cached: 35632.0 MB

Validation Dice: 0.7617921226738906 for Model: RoiNetAttnSkip_Dice

==== Memoria GPU - Inicio de época ====
GPU 0 - Total: 40442.4 MB | Allocated: 473.9 MB | Cached: 3302.0 MB


==== Memoria GPU - Inicio de época ====
GPU 0 - Total: 40442.4 MB | Allocated: 473.9 MB | Cached: 35632.0 MB

Validation Dice: 0.7606679764784862 for Model: RoiNetAttnSkip_Dice

==== Memoria GPU - Inicio de época ====
GPU 0 - Total: 40442.4 MB | Allocated: 473.9 MB | Cached: 3302.0 MB


==== Memoria GPU - Inicio de época ====
GPU 0 - Total: 40442.4 MB | Allocated: 473.9 MB | Cached: 35632.0 MB

Validation Dice: 0.7900528712141316 for Model: RoiNetAttnSkip_Dice

==== Memoria GPU - Inicio de época ====
GPU 0 - Total: 40442.4 MB | Allocated: 473.9 MB | Cached: 3302.0 MB


==== Memoria GPU - Inicio de época ====
GPU 0 - Total: 40442.4 MB | Allocated: 473.9 MB | Cached: 35632.0 MB

Validation Dice: 0.7982287445641606 for Model: RoiNetAttnSkip_Dice

==== Memoria GPU - Inicio de época ====
GPU 0 - Total: 40442.4 MB | Allocated: 473.9 MB | Cached: 3302.0 MB


==== Memoria GPU - Inicio de época ====
GPU 0 - Total: 40442.4 MB | Allocated: 473.9 MB | Cached: 35632.0 MB

Validation Dice: 0.7971057542150661 for Model: RoiNetAttnSkip_Dice

==== Memoria GPU - Inicio de época ====
GPU 0 - Total: 40442.4 MB | Allocated: 473.9 MB | Cached: 3302.0 MB


==== Memoria GPU - Inicio de época ====
GPU 0 - Total: 40442.4 MB | Allocated: 473.9 MB | Cached: 35632.0 MB

Validation Dice: 0.8094671112700524 for Model: RoiNetAttnSkip_Dice

==== Memoria GPU - Inicio de época ====
GPU 0 - Total: 40442.4 MB | Allocated: 473.9 MB | Cached: 3302.0 MB


==== Memoria GPU - Inicio de época ====
GPU 0 - Total: 40442.4 MB | Allocated: 473.9 MB | Cached: 35632.0 MB

Validation Dice: 0.8135979688263071 for Model: RoiNetAttnSkip_Dice

==== Memoria GPU - Inicio de época ====
GPU 0 - Total: 40442.4 MB | Allocated: 473.9 MB | Cached: 3302.0 MB


==== Memoria GPU - Inicio de época ====
GPU 0 - Total: 40442.4 MB | Allocated: 473.9 MB | Cached: 35632.0 MB

Validation Dice: 0.8029092593443019 for Model: RoiNetAttnSkip_Dice

==== Memoria GPU - Inicio de época ====
GPU 0 - Total: 40442.4 MB | Allocated: 473.9 MB | Cached: 3302.0 MB


==== Memoria GPU - Inicio de época ====
GPU 0 - Total: 40442.4 MB | Allocated: 473.9 MB | Cached: 35632.0 MB

Validation Dice: 0.7874040370642111 for Model: RoiNetAttnSkip_Dice

==== Memoria GPU - Inicio de época ====
GPU 0 - Total: 40442.4 MB | Allocated: 473.9 MB | Cached: 3302.0 MB


==== Memoria GPU - Inicio de época ====
GPU 0 - Total: 40442.4 MB | Allocated: 473.9 MB | Cached: 35632.0 MB

Validation Dice: 0.80369535036012 for Model: RoiNetAttnSkip_Dice

==== Memoria GPU - Inicio de época ====
GPU 0 - Total: 40442.4 MB | Allocated: 473.9 MB | Cached: 3302.0 MB


==== Memoria GPU - Inicio de época ====
GPU 0 - Total: 40442.4 MB | Allocated: 473.9 MB | Cached: 35632.0 MB

Validation Dice: 0.8187036512260973 for Model: RoiNetAttnSkip_Dice
New best dice found, evaluating on test set...

==== Memoria GPU - Inicio de época ====
GPU 0 - Total: 40442.4 MB | Allocated: 473.9 MB | Cached: 35632.0 MB


==== Memoria GPU - Inicio de época ====
GPU 0 - Total: 40442.4 MB | Allocated: 473.9 MB | Cached: 3302.0 MB


==== Memoria GPU - Inicio de época ====
GPU 0 - Total: 40442.4 MB | Allocated: 473.9 MB | Cached: 35632.0 MB

Validation Dice: 0.7901050264858611 for Model: RoiNetAttnSkip_Dice

==== Memoria GPU - Inicio de época ====
GPU 0 - Total: 40442.4 MB | Allocated: 473.9 MB | Cached: 3302.0 MB


==== Memoria GPU - Inicio de época ====
GPU 0 - Total: 40442.4 MB | Allocated: 473.9 MB | Cached: 35632.0 MB

Validation Dice: 0.5868927090862177 for Model: RoiNetAttnSkip_Dice

==== Memoria GPU - Inicio de época ====
GPU 0 - Total: 40442.4 MB | Allocated: 473.9 MB | Cached: 3302.0 MB


==== Memoria GPU - Inicio de época ====
GPU 0 - Total: 40442.4 MB | Allocated: 473.9 MB | Cached: 35632.0 MB

Validation Dice: 0.8129199653436504 for Model: RoiNetAttnSkip_Dice

==== Memoria GPU - Inicio de época ====
GPU 0 - Total: 40442.4 MB | Allocated: 473.9 MB | Cached: 3302.0 MB


==== Memoria GPU - Inicio de época ====
GPU 0 - Total: 40442.4 MB | Allocated: 473.9 MB | Cached: 35632.0 MB

Validation Dice: 0.8300844073842204 for Model: RoiNetAttnSkip_Dice
New best dice found, evaluating on test set...

==== Memoria GPU - Inicio de época ====
GPU 0 - Total: 40442.4 MB | Allocated: 473.9 MB | Cached: 35632.0 MB


==== Memoria GPU - Inicio de época ====
GPU 0 - Total: 40442.4 MB | Allocated: 473.9 MB | Cached: 3302.0 MB


==== Memoria GPU - Inicio de época ====
GPU 0 - Total: 40442.4 MB | Allocated: 473.9 MB | Cached: 35632.0 MB

Validation Dice: 0.843211063318408 for Model: RoiNetAttnSkip_Dice
New best dice found, evaluating on test set...

==== Memoria GPU - Inicio de época ====
GPU 0 - Total: 40442.4 MB | Allocated: 473.9 MB | Cached: 35632.0 MB


==== Memoria GPU - Inicio de época ====
GPU 0 - Total: 40442.4 MB | Allocated: 473.9 MB | Cached: 3302.0 MB


==== Memoria GPU - Inicio de época ====
GPU 0 - Total: 40442.4 MB | Allocated: 473.9 MB | Cached: 35632.0 MB

Validation Dice: 0.7331773579110068 for Model: RoiNetAttnSkip_Dice

==== Memoria GPU - Inicio de época ====
GPU 0 - Total: 40442.4 MB | Allocated: 473.9 MB | Cached: 3302.0 MB


==== Memoria GPU - Inicio de época ====
GPU 0 - Total: 40442.4 MB | Allocated: 473.9 MB | Cached: 35632.0 MB

Validation Dice: 0.8489260732641071 for Model: RoiNetAttnSkip_Dice
New best dice found, evaluating on test set...

==== Memoria GPU - Inicio de época ====
GPU 0 - Total: 40442.4 MB | Allocated: 473.9 MB | Cached: 35632.0 MB


==== Memoria GPU - Inicio de época ====
GPU 0 - Total: 40442.4 MB | Allocated: 473.9 MB | Cached: 3302.0 MB


==== Memoria GPU - Inicio de época ====
GPU 0 - Total: 40442.4 MB | Allocated: 473.9 MB | Cached: 35632.0 MB

Validation Dice: 0.7939880794296452 for Model: RoiNetAttnSkip_Dice

==== Memoria GPU - Inicio de época ====
GPU 0 - Total: 40442.4 MB | Allocated: 473.9 MB | Cached: 3302.0 MB


==== Memoria GPU - Inicio de época ====
GPU 0 - Total: 40442.4 MB | Allocated: 473.9 MB | Cached: 35632.0 MB

Validation Dice: 0.818951807550213 for Model: RoiNetAttnSkip_Dice

==== Memoria GPU - Inicio de época ====
GPU 0 - Total: 40442.4 MB | Allocated: 473.9 MB | Cached: 3302.0 MB


==== Memoria GPU - Inicio de época ====
GPU 0 - Total: 40442.4 MB | Allocated: 473.9 MB | Cached: 35632.0 MB

Validation Dice: 0.8380897740384393 for Model: RoiNetAttnSkip_Dice

==== Memoria GPU - Inicio de época ====
GPU 0 - Total: 40442.4 MB | Allocated: 473.9 MB | Cached: 3302.0 MB


==== Memoria GPU - Inicio de época ====
GPU 0 - Total: 40442.4 MB | Allocated: 473.9 MB | Cached: 35632.0 MB

Validation Dice: 0.8235642582651452 for Model: RoiNetAttnSkip_Dice

==== Memoria GPU - Inicio de época ====
GPU 0 - Total: 40442.4 MB | Allocated: 473.9 MB | Cached: 3302.0 MB


==== Memoria GPU - Inicio de época ====
GPU 0 - Total: 40442.4 MB | Allocated: 473.9 MB | Cached: 35632.0 MB

Validation Dice: 0.8330496886103214 for Model: RoiNetAttnSkip_Dice

==== Memoria GPU - Inicio de época ====
GPU 0 - Total: 40442.4 MB | Allocated: 473.9 MB | Cached: 3302.0 MB


==== Memoria GPU - Inicio de época ====
GPU 0 - Total: 40442.4 MB | Allocated: 473.9 MB | Cached: 35632.0 MB

Validation Dice: 0.7349967458694615 for Model: RoiNetAttnSkip_Dice

==== Memoria GPU - Inicio de época ====
GPU 0 - Total: 40442.4 MB | Allocated: 473.9 MB | Cached: 3302.0 MB


==== Memoria GPU - Inicio de época ====
GPU 0 - Total: 40442.4 MB | Allocated: 473.9 MB | Cached: 35632.0 MB

Validation Dice: 0.8371845679484141 for Model: RoiNetAttnSkip_Dice

==== Memoria GPU - Inicio de época ====
GPU 0 - Total: 40442.4 MB | Allocated: 473.9 MB | Cached: 3302.0 MB


==== Memoria GPU - Inicio de época ====
GPU 0 - Total: 40442.4 MB | Allocated: 473.9 MB | Cached: 35632.0 MB

Validation Dice: 0.7829389617102772 for Model: RoiNetAttnSkip_Dice

==== Memoria GPU - Inicio de época ====
GPU 0 - Total: 40442.4 MB | Allocated: 473.9 MB | Cached: 3302.0 MB


==== Memoria GPU - Inicio de época ====
GPU 0 - Total: 40442.4 MB | Allocated: 473.9 MB | Cached: 35632.0 MB

Validation Dice: 0.8382061993131386 for Model: RoiNetAttnSkip_Dice

==== Memoria GPU - Inicio de época ====
GPU 0 - Total: 40442.4 MB | Allocated: 473.9 MB | Cached: 3302.0 MB


==== Memoria GPU - Inicio de época ====
GPU 0 - Total: 40442.4 MB | Allocated: 473.9 MB | Cached: 35632.0 MB

Validation Dice: 0.8171128613632448 for Model: RoiNetAttnSkip_Dice

==== Memoria GPU - Inicio de época ====
GPU 0 - Total: 40442.4 MB | Allocated: 473.9 MB | Cached: 3302.0 MB


==== Memoria GPU - Inicio de época ====
GPU 0 - Total: 40442.4 MB | Allocated: 473.9 MB | Cached: 35632.0 MB

Validation Dice: 0.8365893706718645 for Model: RoiNetAttnSkip_Dice

==== Memoria GPU - Inicio de época ====
GPU 0 - Total: 40442.4 MB | Allocated: 473.9 MB | Cached: 3302.0 MB


==== Memoria GPU - Inicio de época ====
GPU 0 - Total: 40442.4 MB | Allocated: 473.9 MB | Cached: 35632.0 MB

Validation Dice: 0.7971842482379679 for Model: RoiNetAttnSkip_Dice

==== Memoria GPU - Inicio de época ====
GPU 0 - Total: 40442.4 MB | Allocated: 473.9 MB | Cached: 3302.0 MB


==== Memoria GPU - Inicio de época ====
GPU 0 - Total: 40442.4 MB | Allocated: 473.9 MB | Cached: 35632.0 MB

Validation Dice: 0.8224690528797287 for Model: RoiNetAttnSkip_Dice

==== Memoria GPU - Inicio de época ====
GPU 0 - Total: 40442.4 MB | Allocated: 473.9 MB | Cached: 3302.0 MB


==== Memoria GPU - Inicio de época ====
GPU 0 - Total: 40442.4 MB | Allocated: 473.9 MB | Cached: 35632.0 MB

Validation Dice: 0.8474608789227521 for Model: RoiNetAttnSkip_Dice

==== Memoria GPU - Inicio de época ====
GPU 0 - Total: 40442.4 MB | Allocated: 473.9 MB | Cached: 3302.0 MB


==== Memoria GPU - Inicio de época ====
GPU 0 - Total: 40442.4 MB | Allocated: 473.9 MB | Cached: 35632.0 MB

Validation Dice: 0.8343426027593835 for Model: RoiNetAttnSkip_Dice

==== Memoria GPU - Inicio de época ====
GPU 0 - Total: 40442.4 MB | Allocated: 473.9 MB | Cached: 3302.0 MB


==== Memoria GPU - Inicio de época ====
GPU 0 - Total: 40442.4 MB | Allocated: 473.9 MB | Cached: 35632.0 MB

Validation Dice: 0.8258813608890334 for Model: RoiNetAttnSkip_Dice

==== Memoria GPU - Inicio de época ====
GPU 0 - Total: 40442.4 MB | Allocated: 473.9 MB | Cached: 3302.0 MB


==== Memoria GPU - Inicio de época ====
GPU 0 - Total: 40442.4 MB | Allocated: 473.9 MB | Cached: 35632.0 MB

Validation Dice: 0.7985024949167198 for Model: RoiNetAttnSkip_Dice

==== Memoria GPU - Inicio de época ====
GPU 0 - Total: 40442.4 MB | Allocated: 473.9 MB | Cached: 3302.0 MB


==== Memoria GPU - Inicio de época ====
GPU 0 - Total: 40442.4 MB | Allocated: 473.9 MB | Cached: 35632.0 MB

Validation Dice: 0.8022562760071689 for Model: RoiNetAttnSkip_Dice

==== Memoria GPU - Inicio de época ====
GPU 0 - Total: 40442.4 MB | Allocated: 473.9 MB | Cached: 3302.0 MB


==== Memoria GPU - Inicio de época ====
GPU 0 - Total: 40442.4 MB | Allocated: 473.9 MB | Cached: 35632.0 MB

Validation Dice: 0.8255268265587384 for Model: RoiNetAttnSkip_Dice

==== Memoria GPU - Inicio de época ====
GPU 0 - Total: 40442.4 MB | Allocated: 473.9 MB | Cached: 3302.0 MB


==== Memoria GPU - Inicio de época ====
GPU 0 - Total: 40442.4 MB | Allocated: 473.9 MB | Cached: 35632.0 MB

Validation Dice: 0.8396893548306058 for Model: RoiNetAttnSkip_Dice

==== Memoria GPU - Inicio de época ====
GPU 0 - Total: 40442.4 MB | Allocated: 473.9 MB | Cached: 3302.0 MB


==== Memoria GPU - Inicio de época ====
GPU 0 - Total: 40442.4 MB | Allocated: 473.9 MB | Cached: 35632.0 MB

Validation Dice: 0.7961600661084419 for Model: RoiNetAttnSkip_Dice

==== Memoria GPU - Inicio de época ====
GPU 0 - Total: 40442.4 MB | Allocated: 473.9 MB | Cached: 3302.0 MB


==== Memoria GPU - Inicio de época ====
GPU 0 - Total: 40442.4 MB | Allocated: 473.9 MB | Cached: 35632.0 MB

Validation Dice: 0.8318522253180437 for Model: RoiNetAttnSkip_Dice

==== Memoria GPU - Inicio de época ====
GPU 0 - Total: 40442.4 MB | Allocated: 473.9 MB | Cached: 3302.0 MB


==== Memoria GPU - Inicio de época ====
GPU 0 - Total: 40442.4 MB | Allocated: 473.9 MB | Cached: 35632.0 MB

Validation Dice: 0.8265644715626759 for Model: RoiNetAttnSkip_Dice

==== Memoria GPU - Inicio de época ====
GPU 0 - Total: 40442.4 MB | Allocated: 473.9 MB | Cached: 3302.0 MB


==== Memoria GPU - Inicio de época ====
GPU 0 - Total: 40442.4 MB | Allocated: 473.9 MB | Cached: 35632.0 MB

Validation Dice: 0.8417684901877636 for Model: RoiNetAttnSkip_Dice

==== Memoria GPU - Inicio de época ====
GPU 0 - Total: 40442.4 MB | Allocated: 473.9 MB | Cached: 3302.0 MB


==== Memoria GPU - Inicio de época ====
GPU 0 - Total: 40442.4 MB | Allocated: 473.9 MB | Cached: 35632.0 MB

Validation Dice: 0.8602512266904138 for Model: RoiNetAttnSkip_Dice
New best dice found, evaluating on test set...

==== Memoria GPU - Inicio de época ====
GPU 0 - Total: 40442.4 MB | Allocated: 473.9 MB | Cached: 35632.0 MB


==== Memoria GPU - Inicio de época ====
GPU 0 - Total: 40442.4 MB | Allocated: 473.9 MB | Cached: 3302.0 MB


==== Memoria GPU - Inicio de época ====
GPU 0 - Total: 40442.4 MB | Allocated: 473.9 MB | Cached: 35632.0 MB

Validation Dice: 0.8437311297992031 for Model: RoiNetAttnSkip_Dice

==== Memoria GPU - Inicio de época ====
GPU 0 - Total: 40442.4 MB | Allocated: 473.9 MB | Cached: 3302.0 MB


==== Memoria GPU - Inicio de época ====
GPU 0 - Total: 40442.4 MB | Allocated: 473.9 MB | Cached: 35632.0 MB

Validation Dice: 0.8243338087186535 for Model: RoiNetAttnSkip_Dice

==== Memoria GPU - Inicio de época ====
GPU 0 - Total: 40442.4 MB | Allocated: 473.9 MB | Cached: 3302.0 MB


==== Memoria GPU - Inicio de época ====
GPU 0 - Total: 40442.4 MB | Allocated: 473.9 MB | Cached: 35632.0 MB

Validation Dice: 0.837619584688707 for Model: RoiNetAttnSkip_Dice

==== Memoria GPU - Inicio de época ====
GPU 0 - Total: 40442.4 MB | Allocated: 473.9 MB | Cached: 3302.0 MB


==== Memoria GPU - Inicio de época ====
GPU 0 - Total: 40442.4 MB | Allocated: 473.9 MB | Cached: 35632.0 MB

Validation Dice: 0.8560424831323339 for Model: RoiNetAttnSkip_Dice

==== Memoria GPU - Inicio de época ====
GPU 0 - Total: 40442.4 MB | Allocated: 473.9 MB | Cached: 3302.0 MB


==== Memoria GPU - Inicio de época ====
GPU 0 - Total: 40442.4 MB | Allocated: 473.9 MB | Cached: 35632.0 MB

Validation Dice: 0.8238526844827461 for Model: RoiNetAttnSkip_Dice

==== Memoria GPU - Inicio de época ====
GPU 0 - Total: 40442.4 MB | Allocated: 473.9 MB | Cached: 3302.0 MB


==== Memoria GPU - Inicio de época ====
GPU 0 - Total: 40442.4 MB | Allocated: 473.9 MB | Cached: 35632.0 MB

Validation Dice: 0.834645910128966 for Model: RoiNetAttnSkip_Dice

==== Memoria GPU - Inicio de época ====
GPU 0 - Total: 40442.4 MB | Allocated: 473.9 MB | Cached: 3302.0 MB


==== Memoria GPU - Inicio de época ====
GPU 0 - Total: 40442.4 MB | Allocated: 473.9 MB | Cached: 35632.0 MB

Validation Dice: 0.8438251809547219 for Model: RoiNetAttnSkip_Dice

==== Memoria GPU - Inicio de época ====
GPU 0 - Total: 40442.4 MB | Allocated: 473.9 MB | Cached: 3302.0 MB


==== Memoria GPU - Inicio de época ====
GPU 0 - Total: 40442.4 MB | Allocated: 473.9 MB | Cached: 35632.0 MB

Validation Dice: 0.8389819237539148 for Model: RoiNetAttnSkip_Dice

==== Memoria GPU - Inicio de época ====
GPU 0 - Total: 40442.4 MB | Allocated: 473.9 MB | Cached: 3302.0 MB


==== Memoria GPU - Inicio de época ====
GPU 0 - Total: 40442.4 MB | Allocated: 473.9 MB | Cached: 35632.0 MB

Validation Dice: 0.8508353170064713 for Model: RoiNetAttnSkip_Dice

==== Memoria GPU - Inicio de época ====
GPU 0 - Total: 40442.4 MB | Allocated: 473.9 MB | Cached: 3302.0 MB


==== Memoria GPU - Inicio de época ====
GPU 0 - Total: 40442.4 MB | Allocated: 473.9 MB | Cached: 35632.0 MB

Validation Dice: 0.8553952375093499 for Model: RoiNetAttnSkip_Dice

==== Memoria GPU - Inicio de época ====
GPU 0 - Total: 40442.4 MB | Allocated: 473.9 MB | Cached: 3302.0 MB


==== Memoria GPU - Inicio de época ====
GPU 0 - Total: 40442.4 MB | Allocated: 473.9 MB | Cached: 35632.0 MB

Validation Dice: 0.831030904374325 for Model: RoiNetAttnSkip_Dice

==== Memoria GPU - Inicio de época ====
GPU 0 - Total: 40442.4 MB | Allocated: 473.9 MB | Cached: 3302.0 MB


==== Memoria GPU - Inicio de época ====
GPU 0 - Total: 40442.4 MB | Allocated: 473.9 MB | Cached: 35632.0 MB

Validation Dice: 0.8245605237114193 for Model: RoiNetAttnSkip_Dice

==== Memoria GPU - Inicio de época ====
GPU 0 - Total: 40442.4 MB | Allocated: 473.9 MB | Cached: 3302.0 MB


==== Memoria GPU - Inicio de época ====
GPU 0 - Total: 40442.4 MB | Allocated: 473.9 MB | Cached: 35632.0 MB

Validation Dice: 0.7409562454861897 for Model: RoiNetAttnSkip_Dice

==== Memoria GPU - Inicio de época ====
GPU 0 - Total: 40442.4 MB | Allocated: 473.9 MB | Cached: 3302.0 MB


==== Memoria GPU - Inicio de época ====
GPU 0 - Total: 40442.4 MB | Allocated: 473.9 MB | Cached: 35632.0 MB

Validation Dice: 0.7662538541720451 for Model: RoiNetAttnSkip_Dice

==== Memoria GPU - Inicio de época ====
GPU 0 - Total: 40442.4 MB | Allocated: 473.9 MB | Cached: 3302.0 MB


==== Memoria GPU - Inicio de época ====
GPU 0 - Total: 40442.4 MB | Allocated: 473.9 MB | Cached: 35632.0 MB

Validation Dice: 0.8564119755877937 for Model: RoiNetAttnSkip_Dice

==== Memoria GPU - Inicio de época ====
GPU 0 - Total: 40442.4 MB | Allocated: 473.9 MB | Cached: 3302.0 MB


==== Memoria GPU - Inicio de época ====
GPU 0 - Total: 40442.4 MB | Allocated: 473.9 MB | Cached: 35632.0 MB

Validation Dice: 0.743111694560842 for Model: RoiNetAttnSkip_Dice

==== Memoria GPU - Inicio de época ====
GPU 0 - Total: 40442.4 MB | Allocated: 473.9 MB | Cached: 3302.0 MB


==== Memoria GPU - Inicio de época ====
GPU 0 - Total: 40442.4 MB | Allocated: 473.9 MB | Cached: 35632.0 MB

Validation Dice: 0.8490175799591168 for Model: RoiNetAttnSkip_Dice

==== Memoria GPU - Inicio de época ====
GPU 0 - Total: 40442.4 MB | Allocated: 473.9 MB | Cached: 3302.0 MB


==== Memoria GPU - Inicio de época ====
GPU 0 - Total: 40442.4 MB | Allocated: 473.9 MB | Cached: 35632.0 MB

Validation Dice: 0.861305268215425 for Model: RoiNetAttnSkip_Dice
New best dice found, evaluating on test set...

==== Memoria GPU - Inicio de época ====
GPU 0 - Total: 40442.4 MB | Allocated: 473.9 MB | Cached: 35632.0 MB


==== Memoria GPU - Inicio de época ====
GPU 0 - Total: 40442.4 MB | Allocated: 473.9 MB | Cached: 3302.0 MB


==== Memoria GPU - Inicio de época ====
GPU 0 - Total: 40442.4 MB | Allocated: 473.9 MB | Cached: 35632.0 MB

Validation Dice: 0.8658937353312818 for Model: RoiNetAttnSkip_Dice
New best dice found, evaluating on test set...

==== Memoria GPU - Inicio de época ====
GPU 0 - Total: 40442.4 MB | Allocated: 473.9 MB | Cached: 35632.0 MB


==== Memoria GPU - Inicio de época ====
GPU 0 - Total: 40442.4 MB | Allocated: 473.9 MB | Cached: 3302.0 MB


==== Memoria GPU - Inicio de época ====
GPU 0 - Total: 40442.4 MB | Allocated: 473.9 MB | Cached: 35632.0 MB

Validation Dice: 0.848269301494239 for Model: RoiNetAttnSkip_Dice

==== Memoria GPU - Inicio de época ====
GPU 0 - Total: 40442.4 MB | Allocated: 473.9 MB | Cached: 3302.0 MB


==== Memoria GPU - Inicio de época ====
GPU 0 - Total: 40442.4 MB | Allocated: 473.9 MB | Cached: 35632.0 MB

Validation Dice: 0.8573787383976724 for Model: RoiNetAttnSkip_Dice

==== Memoria GPU - Inicio de época ====
GPU 0 - Total: 40442.4 MB | Allocated: 473.9 MB | Cached: 3302.0 MB


==== Memoria GPU - Inicio de época ====
GPU 0 - Total: 40442.4 MB | Allocated: 473.9 MB | Cached: 35632.0 MB

Validation Dice: 0.86632130610228 for Model: RoiNetAttnSkip_Dice
New best dice found, evaluating on test set...

==== Memoria GPU - Inicio de época ====
GPU 0 - Total: 40442.4 MB | Allocated: 473.9 MB | Cached: 35632.0 MB


==== Memoria GPU - Inicio de época ====
GPU 0 - Total: 40442.4 MB | Allocated: 473.9 MB | Cached: 3302.0 MB


==== Memoria GPU - Inicio de época ====
GPU 0 - Total: 40442.4 MB | Allocated: 473.9 MB | Cached: 35632.0 MB

Validation Dice: 0.8413731769726732 for Model: RoiNetAttnSkip_Dice

==== Memoria GPU - Inicio de época ====
GPU 0 - Total: 40442.4 MB | Allocated: 473.9 MB | Cached: 3302.0 MB


==== Memoria GPU - Inicio de época ====
GPU 0 - Total: 40442.4 MB | Allocated: 473.9 MB | Cached: 35632.0 MB

Validation Dice: 0.8595707124073847 for Model: RoiNetAttnSkip_Dice

==== Memoria GPU - Inicio de época ====
GPU 0 - Total: 40442.4 MB | Allocated: 473.9 MB | Cached: 3302.0 MB


==== Memoria GPU - Inicio de época ====
GPU 0 - Total: 40442.4 MB | Allocated: 473.9 MB | Cached: 35632.0 MB

Validation Dice: 0.7965834169090625 for Model: RoiNetAttnSkip_Dice

==== Memoria GPU - Inicio de época ====
GPU 0 - Total: 40442.4 MB | Allocated: 473.9 MB | Cached: 3302.0 MB


==== Memoria GPU - Inicio de época ====
GPU 0 - Total: 40442.4 MB | Allocated: 473.9 MB | Cached: 35632.0 MB

Validation Dice: 0.6485977602490816 for Model: RoiNetAttnSkip_Dice

==== Memoria GPU - Inicio de época ====
GPU 0 - Total: 40442.4 MB | Allocated: 473.9 MB | Cached: 3302.0 MB


==== Memoria GPU - Inicio de época ====
GPU 0 - Total: 40442.4 MB | Allocated: 473.9 MB | Cached: 35632.0 MB

Validation Dice: 0.8431750720127693 for Model: RoiNetAttnSkip_Dice

==== Memoria GPU - Inicio de época ====
GPU 0 - Total: 40442.4 MB | Allocated: 473.9 MB | Cached: 3302.0 MB


==== Memoria GPU - Inicio de época ====
GPU 0 - Total: 40442.4 MB | Allocated: 473.9 MB | Cached: 35632.0 MB

Validation Dice: 0.8265704407013745 for Model: RoiNetAttnSkip_Dice

==== Memoria GPU - Inicio de época ====
GPU 0 - Total: 40442.4 MB | Allocated: 473.9 MB | Cached: 3302.0 MB


==== Memoria GPU - Inicio de época ====
GPU 0 - Total: 40442.4 MB | Allocated: 473.9 MB | Cached: 35632.0 MB

Validation Dice: 0.854189688836599 for Model: RoiNetAttnSkip_Dice

==== Memoria GPU - Inicio de época ====
GPU 0 - Total: 40442.4 MB | Allocated: 473.9 MB | Cached: 3302.0 MB


==== Memoria GPU - Inicio de época ====
GPU 0 - Total: 40442.4 MB | Allocated: 473.9 MB | Cached: 35632.0 MB

Validation Dice: 0.8539895900991745 for Model: RoiNetAttnSkip_Dice

==== Memoria GPU - Inicio de época ====
GPU 0 - Total: 40442.4 MB | Allocated: 473.9 MB | Cached: 3302.0 MB


==== Memoria GPU - Inicio de época ====
GPU 0 - Total: 40442.4 MB | Allocated: 473.9 MB | Cached: 35632.0 MB

Validation Dice: 0.8463648483410454 for Model: RoiNetAttnSkip_Dice

==== Memoria GPU - Inicio de época ====
GPU 0 - Total: 40442.4 MB | Allocated: 473.9 MB | Cached: 3302.0 MB


==== Memoria GPU - Inicio de época ====
GPU 0 - Total: 40442.4 MB | Allocated: 473.9 MB | Cached: 35632.0 MB

Validation Dice: 0.8545681006038611 for Model: RoiNetAttnSkip_Dice

==== Memoria GPU - Inicio de época ====
GPU 0 - Total: 40442.4 MB | Allocated: 473.9 MB | Cached: 3302.0 MB


==== Memoria GPU - Inicio de época ====
GPU 0 - Total: 40442.4 MB | Allocated: 473.9 MB | Cached: 35632.0 MB

Validation Dice: 0.8462003182413937 for Model: RoiNetAttnSkip_Dice

==== Memoria GPU - Inicio de época ====
GPU 0 - Total: 40442.4 MB | Allocated: 473.9 MB | Cached: 3302.0 MB

