slurmstepd: info: Setting TMPDIR to /scratch/11060958. Previous errors about TMPDIR can be discarded
Restormer model not found. Restormer preprocessing will be disabled.
##DEBUG: Found FRNet
##DEBUG: Found RoiNet
##DEBUG: Found RoiNet
##DEBUG: Found RoiNet
##DEBUG: Found RoiNet
##DEBUG: Found RoiNet
##DEBUG: Found RoiNet
##DEBUG: Found RoiNet
##DEBUG: Found RoiNet_1bottleneck
##DEBUG: Found RoiNet_3bottleneck
##DEBUG: Found RoiNetTest1bottleneck
##DEBUG: Found RoiNetTest3bottleneck
##DEBUG: Found RoiNetTest2bottleneck
##DEBUG: Found RoiNetTest1bottleneck
##DEBUG: Found RoiNetTest3bottleneck
##DEBUG: Found RoiNetTest2bottleneck
##DEBUG: Found RoiNetNoSkip
##DEBUG: Found RoiNetSumFusion
##DEBUG: Found RoiNetAttnSkip
Available Models: ['FRNet', 'RoiNet11', 'RoiNet9', 'RoiNet9_plusk', 'RoiNet7', 'RoiNet5', 'RoiNet3', 'RoiNetR', 'RoiNet_1bottleneck_residual', 'RoiNet_3bottleneck_residual', 'RoiNetTest1bottleneck_residual', 'RoiNetTest3bottleneck_residual', 'RoiNetTest2bottleneck_residual', 'RoiNetTest1bottleneck_simple', 'RoiNetTest3bottleneck_simple', 'RoiNetTest2bottleneck_simple', 'RoiNetNoSkip', 'RoiNetSumFusion', 'RoiNetAttnSkip']
Datasets_library: {'FIVES512': {'paths': {'train': 'dataset/FIVES512/train', 'val': 'dataset/FIVES512/val', 'test': 'dataset/FIVES512/test'}, 'preprocessing': {'start': 0, 'end': 1}}, 'FIVES': {'paths': {'train': 'dataset/FIVES/train', 'val': 'dataset/FIVES/val', 'test': 'dataset/FIVES/test'}, 'preprocessing': {'start': 0, 'end': 1}}}
USING CHANNELS = 3
Available Datasets: ['FIVES512', 'FIVES']

All datasets: {'FIVES512': {'train': <ds.dataset.SegmentationDataset object at 0x14a2c4404190>, 'val': <ds.dataset.SegmentationDataset object at 0x14a2c4413b10>, 'test': <ds.dataset.SegmentationDataset object at 0x14a2c44163d0>}, 'FIVES': {'train': <ds.dataset.SegmentationDataset object at 0x14a2c4464e50>, 'val': <ds.dataset.SegmentationDataset object at 0x14a2c4478890>, 'test': <ds.dataset.SegmentationDataset object at 0x14a2c4479750>}}
Dataset a usar: {'train': <ds.dataset.SegmentationDataset object at 0x14a2c4464e50>, 'val': <ds.dataset.SegmentationDataset object at 0x14a2c4478890>, 'test': <ds.dataset.SegmentationDataset object at 0x14a2c4479750>}
Configuración de Entrenamiento:
  Model: RoiNetSumFusion
  Dataset: FIVES
  Config File: code/config/config.json
  Epochs: 300
  Thresh Value: 100
  Batch Size: 1
  Num Workers: 32
  Learning Rate: 0.0001
  Weight Decay: 0.001
  Loss Function: Dice
  Loss Alpha: 0.2
  Loss Beta: 0.8
  Loss Gamma: 0.5
  Logging Enabled: True
  Output Prefix: RoiNetSumFusion_
  Augmentation Config: {'enabled': True, 'geometric': False, 'elastic': False, 'intensity_and_color': False, 'gamma': False, 'noise': False, 'otrosfives': True}
  Restormer Enabled: False
  Output Directory: run_benchmark_runs/RoiNetSumFusion_result_2025-03-17_19-06-27
Parameters logged to: run_benchmark_runs/RoiNetSumFusion_result_2025-03-17_19-06-27/parameters_FIVES_RoiNetSumFusion_Dice_True_False.log

Modelo cargado en GPU: RoiNetSumFusion(
  (dict_module): ModuleDict(
    (conv0): ResidualBlock(
      (conv1): Conv2d(3, 32, kernel_size=(9, 9), stride=(1, 1), padding=(4, 4), bias=False)
      (bn1): BatchNorm2d(32, eps=1e-05, momentum=0.1, affine=True, track_running_stats=True)
      (the_bn1): BatchNorm2d(3, eps=1e-05, momentum=0.1, affine=True, track_running_stats=True)
      (conv2): Conv2d(32, 32, kernel_size=(9, 9), stride=(1, 1), padding=(4, 4), bias=False)
      (bn2): BatchNorm2d(32, eps=1e-05, momentum=0.1, affine=True, track_running_stats=True)
      (shortcut): Sequential(
        (0): Conv2d(3, 32, kernel_size=(1, 1), stride=(1, 1), bias=False)
        (1): BatchNorm2d(32, eps=1e-05, momentum=0.1, affine=True, track_running_stats=True)
      )
    )
    (conv1): ResidualBlock(
      (conv1): Conv2d(32, 64, kernel_size=(9, 9), stride=(1, 1), padding=(4, 4), bias=False)
      (bn1): BatchNorm2d(64, eps=1e-05, momentum=0.1, affine=True, track_running_stats=True)
      (the_bn1): BatchNorm2d(32, eps=1e-05, momentum=0.1, affine=True, track_running_stats=True)
      (conv2): Conv2d(64, 64, kernel_size=(9, 9), stride=(1, 1), padding=(4, 4), bias=False)
      (bn2): BatchNorm2d(64, eps=1e-05, momentum=0.1, affine=True, track_running_stats=True)
      (shortcut): Sequential(
        (0): Conv2d(32, 64, kernel_size=(1, 1), stride=(1, 1), bias=False)
        (1): BatchNorm2d(64, eps=1e-05, momentum=0.1, affine=True, track_running_stats=True)
      )
    )
    (pool1): Sequential(
      (0): MaxPool2d(kernel_size=2, stride=2, padding=0, dilation=1, ceil_mode=False)
      (1): Conv2d(64, 128, kernel_size=(1, 1), stride=(1, 1))
    )
    (conv2): ResidualBlock(
      (conv1): Conv2d(128, 128, kernel_size=(9, 9), stride=(1, 1), padding=(4, 4), bias=False)
      (bn1): BatchNorm2d(128, eps=1e-05, momentum=0.1, affine=True, track_running_stats=True)
      (the_bn1): BatchNorm2d(128, eps=1e-05, momentum=0.1, affine=True, track_running_stats=True)
      (conv2): Conv2d(128, 128, kernel_size=(9, 9), stride=(1, 1), padding=(4, 4), bias=False)
      (bn2): BatchNorm2d(128, eps=1e-05, momentum=0.1, affine=True, track_running_stats=True)
      (shortcut): Sequential()
    )
    (pool2): Sequential(
      (0): MaxPool2d(kernel_size=2, stride=2, padding=0, dilation=1, ceil_mode=False)
      (1): Conv2d(128, 256, kernel_size=(1, 1), stride=(1, 1))
    )
    (bottle1): ResidualBlock(
      (conv1): Conv2d(256, 256, kernel_size=(9, 9), stride=(1, 1), padding=(4, 4), bias=False)
      (bn1): BatchNorm2d(256, eps=1e-05, momentum=0.1, affine=True, track_running_stats=True)
      (the_bn1): BatchNorm2d(256, eps=1e-05, momentum=0.1, affine=True, track_running_stats=True)
      (conv2): Conv2d(256, 256, kernel_size=(9, 9), stride=(1, 1), padding=(4, 4), bias=False)
      (bn2): BatchNorm2d(256, eps=1e-05, momentum=0.1, affine=True, track_running_stats=True)
      (shortcut): Sequential()
    )
    (bottle2): ResidualBlock(
      (conv1): Conv2d(256, 256, kernel_size=(9, 9), stride=(1, 1), padding=(4, 4), bias=False)
      (bn1): BatchNorm2d(256, eps=1e-05, momentum=0.1, affine=True, track_running_stats=True)
      (the_bn1): BatchNorm2d(256, eps=1e-05, momentum=0.1, affine=True, track_running_stats=True)
      (conv2): Conv2d(256, 256, kernel_size=(9, 9), stride=(1, 1), padding=(4, 4), bias=False)
      (bn2): BatchNorm2d(256, eps=1e-05, momentum=0.1, affine=True, track_running_stats=True)
      (shortcut): Sequential()
    )
    (merge2): Sequential(
      (0): Conv2d(512, 256, kernel_size=(3, 3), stride=(1, 1), padding=(1, 1), bias=False)
      (1): BatchNorm2d(256, eps=1e-05, momentum=0.1, affine=True, track_running_stats=True)
      (2): ReLU(inplace=True)
    )
    (conv3): ResidualBlock(
      (conv1): Conv2d(256, 128, kernel_size=(9, 9), stride=(1, 1), padding=(4, 4), bias=False)
      (bn1): BatchNorm2d(128, eps=1e-05, momentum=0.1, affine=True, track_running_stats=True)
      (the_bn1): BatchNorm2d(256, eps=1e-05, momentum=0.1, affine=True, track_running_stats=True)
      (conv2): Conv2d(128, 128, kernel_size=(9, 9), stride=(1, 1), padding=(4, 4), bias=False)
      (bn2): BatchNorm2d(128, eps=1e-05, momentum=0.1, affine=True, track_running_stats=True)
      (shortcut): Sequential(
        (0): Conv2d(256, 128, kernel_size=(1, 1), stride=(1, 1), bias=False)
        (1): BatchNorm2d(128, eps=1e-05, momentum=0.1, affine=True, track_running_stats=True)
      )
    )
    (up3): Sequential(
      (0): ConvTranspose2d(128, 64, kernel_size=(2, 2), stride=(2, 2))
    )
    (merge3): Sequential(
      (0): Conv2d(64, 64, kernel_size=(3, 3), stride=(1, 1), padding=(1, 1), bias=False)
      (1): BatchNorm2d(64, eps=1e-05, momentum=0.1, affine=True, track_running_stats=True)
      (2): ReLU(inplace=True)
    )
    (conv4): ResidualBlock(
      (conv1): Conv2d(64, 64, kernel_size=(9, 9), stride=(1, 1), padding=(4, 4), bias=False)
      (bn1): BatchNorm2d(64, eps=1e-05, momentum=0.1, affine=True, track_running_stats=True)
      (the_bn1): BatchNorm2d(64, eps=1e-05, momentum=0.1, affine=True, track_running_stats=True)
      (conv2): Conv2d(64, 64, kernel_size=(9, 9), stride=(1, 1), padding=(4, 4), bias=False)
      (bn2): BatchNorm2d(64, eps=1e-05, momentum=0.1, affine=True, track_running_stats=True)
      (shortcut): Sequential()
    )
    (up4): Sequential(
      (0): ConvTranspose2d(64, 32, kernel_size=(2, 2), stride=(2, 2))
    )
    (merge4): Sequential(
      (0): Conv2d(32, 32, kernel_size=(3, 3), stride=(1, 1), padding=(1, 1), bias=False)
      (1): BatchNorm2d(32, eps=1e-05, momentum=0.1, affine=True, track_running_stats=True)
      (2): ReLU(inplace=True)
    )
    (conv5): ResidualBlock(
      (conv1): Conv2d(32, 32, kernel_size=(9, 9), stride=(1, 1), padding=(4, 4), bias=False)
      (bn1): BatchNorm2d(32, eps=1e-05, momentum=0.1, affine=True, track_running_stats=True)
      (the_bn1): BatchNorm2d(32, eps=1e-05, momentum=0.1, affine=True, track_running_stats=True)
      (conv2): Conv2d(32, 32, kernel_size=(9, 9), stride=(1, 1), padding=(4, 4), bias=False)
      (bn2): BatchNorm2d(32, eps=1e-05, momentum=0.1, affine=True, track_running_stats=True)
      (shortcut): Sequential()
    )
    (final): Sequential(
      (0): Conv2d(32, 1, kernel_size=(1, 1), stride=(1, 1), bias=False)
      (1): Sigmoid()
    )
  )
  (proj_skip1): Conv2d(128, 64, kernel_size=(1, 1), stride=(1, 1), bias=False)
)
- Parámetros totales: 30645318
- Memoria ocupada por modelo en GPU: 116.90 MB

==== Memoria GPU - Después de cargar el modelo en GPU ====
GPU 0 - Total: 40442.4 MB | Allocated: 117.9 MB | Cached: 144.0 MB


USING: Dice

==== Memoria GPU - Inicio de época ====
GPU 0 - Total: 40442.4 MB | Allocated: 117.9 MB | Cached: 144.0 MB


==== Memoria GPU - Inicio de época ====
GPU 0 - Total: 40442.4 MB | Allocated: 473.8 MB | Cached: 29456.0 MB

Validation Dice: 0.6556363895786959 for Model: RoiNetSumFusion_Dice
New best dice found, evaluating on test set...

==== Memoria GPU - Inicio de época ====
GPU 0 - Total: 40442.4 MB | Allocated: 473.8 MB | Cached: 29456.0 MB


==== Memoria GPU - Inicio de época ====
GPU 0 - Total: 40442.4 MB | Allocated: 473.8 MB | Cached: 3300.0 MB


==== Memoria GPU - Inicio de época ====
GPU 0 - Total: 40442.4 MB | Allocated: 473.8 MB | Cached: 29740.0 MB

Validation Dice: 0.716483540121568 for Model: RoiNetSumFusion_Dice
New best dice found, evaluating on test set...

==== Memoria GPU - Inicio de época ====
GPU 0 - Total: 40442.4 MB | Allocated: 473.8 MB | Cached: 29740.0 MB


==== Memoria GPU - Inicio de época ====
GPU 0 - Total: 40442.4 MB | Allocated: 473.8 MB | Cached: 3300.0 MB


==== Memoria GPU - Inicio de época ====
GPU 0 - Total: 40442.4 MB | Allocated: 473.8 MB | Cached: 29740.0 MB

Validation Dice: 0.752435914822632 for Model: RoiNetSumFusion_Dice
New best dice found, evaluating on test set...

==== Memoria GPU - Inicio de época ====
GPU 0 - Total: 40442.4 MB | Allocated: 473.8 MB | Cached: 29740.0 MB


==== Memoria GPU - Inicio de época ====
GPU 0 - Total: 40442.4 MB | Allocated: 473.8 MB | Cached: 3300.0 MB


==== Memoria GPU - Inicio de época ====
GPU 0 - Total: 40442.4 MB | Allocated: 473.8 MB | Cached: 29740.0 MB

Validation Dice: 0.8042274570598598 for Model: RoiNetSumFusion_Dice
New best dice found, evaluating on test set...

==== Memoria GPU - Inicio de época ====
GPU 0 - Total: 40442.4 MB | Allocated: 473.8 MB | Cached: 29740.0 MB


==== Memoria GPU - Inicio de época ====
GPU 0 - Total: 40442.4 MB | Allocated: 473.8 MB | Cached: 3300.0 MB


==== Memoria GPU - Inicio de época ====
GPU 0 - Total: 40442.4 MB | Allocated: 473.8 MB | Cached: 29740.0 MB

Validation Dice: 0.5727786261142108 for Model: RoiNetSumFusion_Dice

==== Memoria GPU - Inicio de época ====
GPU 0 - Total: 40442.4 MB | Allocated: 473.8 MB | Cached: 3300.0 MB


==== Memoria GPU - Inicio de época ====
GPU 0 - Total: 40442.4 MB | Allocated: 473.8 MB | Cached: 29740.0 MB

Validation Dice: 0.7305337436827704 for Model: RoiNetSumFusion_Dice

==== Memoria GPU - Inicio de época ====
GPU 0 - Total: 40442.4 MB | Allocated: 473.8 MB | Cached: 3300.0 MB


==== Memoria GPU - Inicio de época ====
GPU 0 - Total: 40442.4 MB | Allocated: 473.8 MB | Cached: 29740.0 MB

Validation Dice: 0.7780229840529874 for Model: RoiNetSumFusion_Dice

==== Memoria GPU - Inicio de época ====
GPU 0 - Total: 40442.4 MB | Allocated: 473.8 MB | Cached: 3300.0 MB


==== Memoria GPU - Inicio de época ====
GPU 0 - Total: 40442.4 MB | Allocated: 473.8 MB | Cached: 29740.0 MB

Validation Dice: 0.7712703416922315 for Model: RoiNetSumFusion_Dice

==== Memoria GPU - Inicio de época ====
GPU 0 - Total: 40442.4 MB | Allocated: 473.8 MB | Cached: 3300.0 MB


==== Memoria GPU - Inicio de época ====
GPU 0 - Total: 40442.4 MB | Allocated: 473.8 MB | Cached: 29740.0 MB

Validation Dice: 0.7525838400929875 for Model: RoiNetSumFusion_Dice

==== Memoria GPU - Inicio de época ====
GPU 0 - Total: 40442.4 MB | Allocated: 473.8 MB | Cached: 3300.0 MB


==== Memoria GPU - Inicio de época ====
GPU 0 - Total: 40442.4 MB | Allocated: 473.8 MB | Cached: 29740.0 MB

Validation Dice: 0.7573463542308829 for Model: RoiNetSumFusion_Dice

==== Memoria GPU - Inicio de época ====
GPU 0 - Total: 40442.4 MB | Allocated: 473.8 MB | Cached: 3300.0 MB


==== Memoria GPU - Inicio de época ====
GPU 0 - Total: 40442.4 MB | Allocated: 473.8 MB | Cached: 29740.0 MB

Validation Dice: 0.8224509076844766 for Model: RoiNetSumFusion_Dice
New best dice found, evaluating on test set...

==== Memoria GPU - Inicio de época ====
GPU 0 - Total: 40442.4 MB | Allocated: 473.8 MB | Cached: 29740.0 MB


==== Memoria GPU - Inicio de época ====
GPU 0 - Total: 40442.4 MB | Allocated: 473.8 MB | Cached: 3300.0 MB


==== Memoria GPU - Inicio de época ====
GPU 0 - Total: 40442.4 MB | Allocated: 473.8 MB | Cached: 29740.0 MB

Validation Dice: 0.8187307053391883 for Model: RoiNetSumFusion_Dice

==== Memoria GPU - Inicio de época ====
GPU 0 - Total: 40442.4 MB | Allocated: 473.8 MB | Cached: 3300.0 MB


==== Memoria GPU - Inicio de época ====
GPU 0 - Total: 40442.4 MB | Allocated: 473.8 MB | Cached: 29740.0 MB

Validation Dice: 0.8004556947491892 for Model: RoiNetSumFusion_Dice

==== Memoria GPU - Inicio de época ====
GPU 0 - Total: 40442.4 MB | Allocated: 473.8 MB | Cached: 3300.0 MB


==== Memoria GPU - Inicio de época ====
GPU 0 - Total: 40442.4 MB | Allocated: 473.8 MB | Cached: 29740.0 MB

Validation Dice: 0.7045556101171953 for Model: RoiNetSumFusion_Dice

==== Memoria GPU - Inicio de época ====
GPU 0 - Total: 40442.4 MB | Allocated: 473.8 MB | Cached: 3300.0 MB


==== Memoria GPU - Inicio de época ====
GPU 0 - Total: 40442.4 MB | Allocated: 473.8 MB | Cached: 29740.0 MB

Validation Dice: 0.7821061605247684 for Model: RoiNetSumFusion_Dice

==== Memoria GPU - Inicio de época ====
GPU 0 - Total: 40442.4 MB | Allocated: 473.8 MB | Cached: 3300.0 MB


==== Memoria GPU - Inicio de época ====
GPU 0 - Total: 40442.4 MB | Allocated: 473.8 MB | Cached: 29740.0 MB

Validation Dice: 0.7481815466784164 for Model: RoiNetSumFusion_Dice

==== Memoria GPU - Inicio de época ====
GPU 0 - Total: 40442.4 MB | Allocated: 473.8 MB | Cached: 3300.0 MB


==== Memoria GPU - Inicio de época ====
GPU 0 - Total: 40442.4 MB | Allocated: 473.8 MB | Cached: 29740.0 MB

Validation Dice: 0.7538132964308524 for Model: RoiNetSumFusion_Dice

==== Memoria GPU - Inicio de época ====
GPU 0 - Total: 40442.4 MB | Allocated: 473.8 MB | Cached: 3300.0 MB


==== Memoria GPU - Inicio de época ====
GPU 0 - Total: 40442.4 MB | Allocated: 473.8 MB | Cached: 29740.0 MB

Validation Dice: 0.7700743482143307 for Model: RoiNetSumFusion_Dice

==== Memoria GPU - Inicio de época ====
GPU 0 - Total: 40442.4 MB | Allocated: 473.8 MB | Cached: 3300.0 MB


==== Memoria GPU - Inicio de época ====
GPU 0 - Total: 40442.4 MB | Allocated: 473.8 MB | Cached: 29740.0 MB

Validation Dice: 0.8040160089142899 for Model: RoiNetSumFusion_Dice

==== Memoria GPU - Inicio de época ====
GPU 0 - Total: 40442.4 MB | Allocated: 473.8 MB | Cached: 3300.0 MB


==== Memoria GPU - Inicio de época ====
GPU 0 - Total: 40442.4 MB | Allocated: 473.8 MB | Cached: 29740.0 MB

Validation Dice: 0.8172019673428044 for Model: RoiNetSumFusion_Dice

==== Memoria GPU - Inicio de época ====
GPU 0 - Total: 40442.4 MB | Allocated: 473.8 MB | Cached: 3300.0 MB


==== Memoria GPU - Inicio de época ====
GPU 0 - Total: 40442.4 MB | Allocated: 473.8 MB | Cached: 29740.0 MB

Validation Dice: 0.7871767667461024 for Model: RoiNetSumFusion_Dice

==== Memoria GPU - Inicio de época ====
GPU 0 - Total: 40442.4 MB | Allocated: 473.8 MB | Cached: 3300.0 MB


==== Memoria GPU - Inicio de época ====
GPU 0 - Total: 40442.4 MB | Allocated: 473.8 MB | Cached: 29740.0 MB

Validation Dice: 0.7888956345824317 for Model: RoiNetSumFusion_Dice

==== Memoria GPU - Inicio de época ====
GPU 0 - Total: 40442.4 MB | Allocated: 473.8 MB | Cached: 3300.0 MB


==== Memoria GPU - Inicio de época ====
GPU 0 - Total: 40442.4 MB | Allocated: 473.8 MB | Cached: 29740.0 MB

Validation Dice: 0.8114952231069458 for Model: RoiNetSumFusion_Dice

==== Memoria GPU - Inicio de época ====
GPU 0 - Total: 40442.4 MB | Allocated: 473.8 MB | Cached: 3300.0 MB


==== Memoria GPU - Inicio de época ====
GPU 0 - Total: 40442.4 MB | Allocated: 473.8 MB | Cached: 29740.0 MB

Validation Dice: 0.7368321822573755 for Model: RoiNetSumFusion_Dice

==== Memoria GPU - Inicio de época ====
GPU 0 - Total: 40442.4 MB | Allocated: 473.8 MB | Cached: 3300.0 MB


==== Memoria GPU - Inicio de época ====
GPU 0 - Total: 40442.4 MB | Allocated: 473.8 MB | Cached: 29740.0 MB

Validation Dice: 0.8217449866930675 for Model: RoiNetSumFusion_Dice

==== Memoria GPU - Inicio de época ====
GPU 0 - Total: 40442.4 MB | Allocated: 473.8 MB | Cached: 3300.0 MB


==== Memoria GPU - Inicio de época ====
GPU 0 - Total: 40442.4 MB | Allocated: 473.8 MB | Cached: 29740.0 MB

Validation Dice: 0.7951414353700784 for Model: RoiNetSumFusion_Dice

==== Memoria GPU - Inicio de época ====
GPU 0 - Total: 40442.4 MB | Allocated: 473.8 MB | Cached: 3300.0 MB


==== Memoria GPU - Inicio de época ====
GPU 0 - Total: 40442.4 MB | Allocated: 473.8 MB | Cached: 29740.0 MB

Validation Dice: 0.82621875702785 for Model: RoiNetSumFusion_Dice
New best dice found, evaluating on test set...

==== Memoria GPU - Inicio de época ====
GPU 0 - Total: 40442.4 MB | Allocated: 473.8 MB | Cached: 29740.0 MB


==== Memoria GPU - Inicio de época ====
GPU 0 - Total: 40442.4 MB | Allocated: 473.8 MB | Cached: 3300.0 MB


==== Memoria GPU - Inicio de época ====
GPU 0 - Total: 40442.4 MB | Allocated: 473.8 MB | Cached: 29740.0 MB

Validation Dice: 0.8318809017526132 for Model: RoiNetSumFusion_Dice
New best dice found, evaluating on test set...

==== Memoria GPU - Inicio de época ====
GPU 0 - Total: 40442.4 MB | Allocated: 473.8 MB | Cached: 29740.0 MB


==== Memoria GPU - Inicio de época ====
GPU 0 - Total: 40442.4 MB | Allocated: 473.8 MB | Cached: 3300.0 MB


==== Memoria GPU - Inicio de época ====
GPU 0 - Total: 40442.4 MB | Allocated: 473.8 MB | Cached: 29740.0 MB

Validation Dice: 0.8120554873090654 for Model: RoiNetSumFusion_Dice

==== Memoria GPU - Inicio de época ====
GPU 0 - Total: 40442.4 MB | Allocated: 473.8 MB | Cached: 3300.0 MB


==== Memoria GPU - Inicio de época ====
GPU 0 - Total: 40442.4 MB | Allocated: 473.8 MB | Cached: 29740.0 MB

Validation Dice: 0.7971137236539246 for Model: RoiNetSumFusion_Dice

==== Memoria GPU - Inicio de época ====
GPU 0 - Total: 40442.4 MB | Allocated: 473.8 MB | Cached: 3300.0 MB


==== Memoria GPU - Inicio de época ====
GPU 0 - Total: 40442.4 MB | Allocated: 473.8 MB | Cached: 29740.0 MB

Validation Dice: 0.8411902846983078 for Model: RoiNetSumFusion_Dice
New best dice found, evaluating on test set...

==== Memoria GPU - Inicio de época ====
GPU 0 - Total: 40442.4 MB | Allocated: 473.8 MB | Cached: 29740.0 MB


==== Memoria GPU - Inicio de época ====
GPU 0 - Total: 40442.4 MB | Allocated: 473.8 MB | Cached: 3300.0 MB


==== Memoria GPU - Inicio de época ====
GPU 0 - Total: 40442.4 MB | Allocated: 473.8 MB | Cached: 29740.0 MB

Validation Dice: 0.8569244848435119 for Model: RoiNetSumFusion_Dice
New best dice found, evaluating on test set...

==== Memoria GPU - Inicio de época ====
GPU 0 - Total: 40442.4 MB | Allocated: 473.8 MB | Cached: 29740.0 MB


==== Memoria GPU - Inicio de época ====
GPU 0 - Total: 40442.4 MB | Allocated: 473.8 MB | Cached: 3300.0 MB


==== Memoria GPU - Inicio de época ====
GPU 0 - Total: 40442.4 MB | Allocated: 473.8 MB | Cached: 29740.0 MB

Validation Dice: 0.8022587253884883 for Model: RoiNetSumFusion_Dice

==== Memoria GPU - Inicio de época ====
GPU 0 - Total: 40442.4 MB | Allocated: 473.8 MB | Cached: 3300.0 MB


==== Memoria GPU - Inicio de época ====
GPU 0 - Total: 40442.4 MB | Allocated: 473.8 MB | Cached: 29740.0 MB

Validation Dice: 0.8082527064452589 for Model: RoiNetSumFusion_Dice

==== Memoria GPU - Inicio de época ====
GPU 0 - Total: 40442.4 MB | Allocated: 473.8 MB | Cached: 3300.0 MB


==== Memoria GPU - Inicio de época ====
GPU 0 - Total: 40442.4 MB | Allocated: 473.8 MB | Cached: 29740.0 MB

Validation Dice: 0.8325334246030061 for Model: RoiNetSumFusion_Dice

==== Memoria GPU - Inicio de época ====
GPU 0 - Total: 40442.4 MB | Allocated: 473.8 MB | Cached: 3300.0 MB


==== Memoria GPU - Inicio de época ====
GPU 0 - Total: 40442.4 MB | Allocated: 473.8 MB | Cached: 29740.0 MB

Validation Dice: 0.8301672930458309 for Model: RoiNetSumFusion_Dice

==== Memoria GPU - Inicio de época ====
GPU 0 - Total: 40442.4 MB | Allocated: 473.8 MB | Cached: 3300.0 MB


==== Memoria GPU - Inicio de época ====
GPU 0 - Total: 40442.4 MB | Allocated: 473.8 MB | Cached: 29740.0 MB

Validation Dice: 0.8332541502191727 for Model: RoiNetSumFusion_Dice

==== Memoria GPU - Inicio de época ====
GPU 0 - Total: 40442.4 MB | Allocated: 473.8 MB | Cached: 3300.0 MB


==== Memoria GPU - Inicio de época ====
GPU 0 - Total: 40442.4 MB | Allocated: 473.8 MB | Cached: 29740.0 MB

Validation Dice: 0.8359813451145267 for Model: RoiNetSumFusion_Dice

==== Memoria GPU - Inicio de época ====
GPU 0 - Total: 40442.4 MB | Allocated: 473.8 MB | Cached: 3300.0 MB


==== Memoria GPU - Inicio de época ====
GPU 0 - Total: 40442.4 MB | Allocated: 473.8 MB | Cached: 29740.0 MB

Validation Dice: 0.8550578022349626 for Model: RoiNetSumFusion_Dice

==== Memoria GPU - Inicio de época ====
GPU 0 - Total: 40442.4 MB | Allocated: 473.8 MB | Cached: 3300.0 MB


==== Memoria GPU - Inicio de época ====
GPU 0 - Total: 40442.4 MB | Allocated: 473.8 MB | Cached: 29740.0 MB

Validation Dice: 0.8344085372259573 for Model: RoiNetSumFusion_Dice

==== Memoria GPU - Inicio de época ====
GPU 0 - Total: 40442.4 MB | Allocated: 473.8 MB | Cached: 3300.0 MB


==== Memoria GPU - Inicio de época ====
GPU 0 - Total: 40442.4 MB | Allocated: 473.8 MB | Cached: 29740.0 MB

Validation Dice: 0.7972099616042776 for Model: RoiNetSumFusion_Dice

==== Memoria GPU - Inicio de época ====
GPU 0 - Total: 40442.4 MB | Allocated: 473.8 MB | Cached: 3300.0 MB


==== Memoria GPU - Inicio de época ====
GPU 0 - Total: 40442.4 MB | Allocated: 473.8 MB | Cached: 29740.0 MB

Validation Dice: 0.8005199095601637 for Model: RoiNetSumFusion_Dice

==== Memoria GPU - Inicio de época ====
GPU 0 - Total: 40442.4 MB | Allocated: 473.8 MB | Cached: 3300.0 MB


==== Memoria GPU - Inicio de época ====
GPU 0 - Total: 40442.4 MB | Allocated: 473.8 MB | Cached: 29740.0 MB

Validation Dice: 0.837305505994668 for Model: RoiNetSumFusion_Dice

==== Memoria GPU - Inicio de época ====
GPU 0 - Total: 40442.4 MB | Allocated: 473.8 MB | Cached: 3300.0 MB


==== Memoria GPU - Inicio de época ====
GPU 0 - Total: 40442.4 MB | Allocated: 473.8 MB | Cached: 29740.0 MB

Validation Dice: 0.8387829618851479 for Model: RoiNetSumFusion_Dice

==== Memoria GPU - Inicio de época ====
GPU 0 - Total: 40442.4 MB | Allocated: 473.8 MB | Cached: 3300.0 MB


==== Memoria GPU - Inicio de época ====
GPU 0 - Total: 40442.4 MB | Allocated: 473.8 MB | Cached: 29740.0 MB

Validation Dice: 0.8275040802382608 for Model: RoiNetSumFusion_Dice

==== Memoria GPU - Inicio de época ====
GPU 0 - Total: 40442.4 MB | Allocated: 473.8 MB | Cached: 3300.0 MB


==== Memoria GPU - Inicio de época ====
GPU 0 - Total: 40442.4 MB | Allocated: 473.8 MB | Cached: 29740.0 MB

Validation Dice: 0.848237968826202 for Model: RoiNetSumFusion_Dice

==== Memoria GPU - Inicio de época ====
GPU 0 - Total: 40442.4 MB | Allocated: 473.8 MB | Cached: 3300.0 MB


==== Memoria GPU - Inicio de época ====
GPU 0 - Total: 40442.4 MB | Allocated: 473.8 MB | Cached: 29740.0 MB

Validation Dice: 0.8180276436975915 for Model: RoiNetSumFusion_Dice

==== Memoria GPU - Inicio de época ====
GPU 0 - Total: 40442.4 MB | Allocated: 473.8 MB | Cached: 3300.0 MB


==== Memoria GPU - Inicio de época ====
GPU 0 - Total: 40442.4 MB | Allocated: 473.8 MB | Cached: 29740.0 MB

Validation Dice: 0.7722714541338668 for Model: RoiNetSumFusion_Dice

==== Memoria GPU - Inicio de época ====
GPU 0 - Total: 40442.4 MB | Allocated: 473.8 MB | Cached: 3300.0 MB


==== Memoria GPU - Inicio de época ====
GPU 0 - Total: 40442.4 MB | Allocated: 473.8 MB | Cached: 29740.0 MB

Validation Dice: 0.8015437988842656 for Model: RoiNetSumFusion_Dice

==== Memoria GPU - Inicio de época ====
GPU 0 - Total: 40442.4 MB | Allocated: 473.8 MB | Cached: 3300.0 MB


==== Memoria GPU - Inicio de época ====
GPU 0 - Total: 40442.4 MB | Allocated: 473.8 MB | Cached: 29740.0 MB

Validation Dice: 0.8146585567437625 for Model: RoiNetSumFusion_Dice

==== Memoria GPU - Inicio de época ====
GPU 0 - Total: 40442.4 MB | Allocated: 473.8 MB | Cached: 3300.0 MB


==== Memoria GPU - Inicio de época ====
GPU 0 - Total: 40442.4 MB | Allocated: 473.8 MB | Cached: 29740.0 MB

Validation Dice: 0.8367668160866172 for Model: RoiNetSumFusion_Dice

==== Memoria GPU - Inicio de época ====
GPU 0 - Total: 40442.4 MB | Allocated: 473.8 MB | Cached: 3300.0 MB


==== Memoria GPU - Inicio de época ====
GPU 0 - Total: 40442.4 MB | Allocated: 473.8 MB | Cached: 29740.0 MB

Validation Dice: 0.8067405909604586 for Model: RoiNetSumFusion_Dice

==== Memoria GPU - Inicio de época ====
GPU 0 - Total: 40442.4 MB | Allocated: 473.8 MB | Cached: 3300.0 MB


==== Memoria GPU - Inicio de época ====
GPU 0 - Total: 40442.4 MB | Allocated: 473.8 MB | Cached: 29740.0 MB

Validation Dice: 0.8405318943645689 for Model: RoiNetSumFusion_Dice

==== Memoria GPU - Inicio de época ====
GPU 0 - Total: 40442.4 MB | Allocated: 473.8 MB | Cached: 3300.0 MB


==== Memoria GPU - Inicio de época ====
GPU 0 - Total: 40442.4 MB | Allocated: 473.8 MB | Cached: 29740.0 MB

Validation Dice: 0.8505222515370885 for Model: RoiNetSumFusion_Dice

==== Memoria GPU - Inicio de época ====
GPU 0 - Total: 40442.4 MB | Allocated: 473.8 MB | Cached: 3300.0 MB


==== Memoria GPU - Inicio de época ====
GPU 0 - Total: 40442.4 MB | Allocated: 473.8 MB | Cached: 29740.0 MB

Validation Dice: 0.8454936063945269 for Model: RoiNetSumFusion_Dice

==== Memoria GPU - Inicio de época ====
GPU 0 - Total: 40442.4 MB | Allocated: 473.8 MB | Cached: 3300.0 MB


==== Memoria GPU - Inicio de época ====
GPU 0 - Total: 40442.4 MB | Allocated: 473.8 MB | Cached: 29740.0 MB

Validation Dice: 0.8362593227531647 for Model: RoiNetSumFusion_Dice

==== Memoria GPU - Inicio de época ====
GPU 0 - Total: 40442.4 MB | Allocated: 473.8 MB | Cached: 3300.0 MB


==== Memoria GPU - Inicio de época ====
GPU 0 - Total: 40442.4 MB | Allocated: 473.8 MB | Cached: 29740.0 MB

Validation Dice: 0.8161036547602701 for Model: RoiNetSumFusion_Dice

==== Memoria GPU - Inicio de época ====
GPU 0 - Total: 40442.4 MB | Allocated: 473.8 MB | Cached: 3300.0 MB


==== Memoria GPU - Inicio de época ====
GPU 0 - Total: 40442.4 MB | Allocated: 473.8 MB | Cached: 29740.0 MB

Validation Dice: 0.836878225645948 for Model: RoiNetSumFusion_Dice

==== Memoria GPU - Inicio de época ====
GPU 0 - Total: 40442.4 MB | Allocated: 473.8 MB | Cached: 3300.0 MB


==== Memoria GPU - Inicio de época ====
GPU 0 - Total: 40442.4 MB | Allocated: 473.8 MB | Cached: 29740.0 MB

Validation Dice: 0.8417427699131352 for Model: RoiNetSumFusion_Dice

==== Memoria GPU - Inicio de época ====
GPU 0 - Total: 40442.4 MB | Allocated: 473.8 MB | Cached: 3300.0 MB


==== Memoria GPU - Inicio de época ====
GPU 0 - Total: 40442.4 MB | Allocated: 473.8 MB | Cached: 29740.0 MB

Validation Dice: 0.8203690646110711 for Model: RoiNetSumFusion_Dice

==== Memoria GPU - Inicio de época ====
GPU 0 - Total: 40442.4 MB | Allocated: 473.8 MB | Cached: 3300.0 MB


==== Memoria GPU - Inicio de época ====
GPU 0 - Total: 40442.4 MB | Allocated: 473.8 MB | Cached: 29740.0 MB

Validation Dice: 0.7968345675178428 for Model: RoiNetSumFusion_Dice

==== Memoria GPU - Inicio de época ====
GPU 0 - Total: 40442.4 MB | Allocated: 473.8 MB | Cached: 3300.0 MB


==== Memoria GPU - Inicio de época ====
GPU 0 - Total: 40442.4 MB | Allocated: 473.8 MB | Cached: 29740.0 MB

Validation Dice: 0.8603082870720461 for Model: RoiNetSumFusion_Dice
New best dice found, evaluating on test set...

==== Memoria GPU - Inicio de época ====
GPU 0 - Total: 40442.4 MB | Allocated: 473.8 MB | Cached: 29740.0 MB


==== Memoria GPU - Inicio de época ====
GPU 0 - Total: 40442.4 MB | Allocated: 473.8 MB | Cached: 3300.0 MB


==== Memoria GPU - Inicio de época ====
GPU 0 - Total: 40442.4 MB | Allocated: 473.8 MB | Cached: 29740.0 MB

Validation Dice: 0.817075927058863 for Model: RoiNetSumFusion_Dice

==== Memoria GPU - Inicio de época ====
GPU 0 - Total: 40442.4 MB | Allocated: 473.8 MB | Cached: 3300.0 MB


==== Memoria GPU - Inicio de época ====
GPU 0 - Total: 40442.4 MB | Allocated: 473.8 MB | Cached: 29740.0 MB

Validation Dice: 0.8382145179959892 for Model: RoiNetSumFusion_Dice

==== Memoria GPU - Inicio de época ====
GPU 0 - Total: 40442.4 MB | Allocated: 473.8 MB | Cached: 3300.0 MB


==== Memoria GPU - Inicio de época ====
GPU 0 - Total: 40442.4 MB | Allocated: 473.8 MB | Cached: 29740.0 MB

Validation Dice: 0.8549469102484746 for Model: RoiNetSumFusion_Dice

==== Memoria GPU - Inicio de época ====
GPU 0 - Total: 40442.4 MB | Allocated: 473.8 MB | Cached: 3300.0 MB


==== Memoria GPU - Inicio de época ====
GPU 0 - Total: 40442.4 MB | Allocated: 473.8 MB | Cached: 29740.0 MB

Validation Dice: 0.8371159918025112 for Model: RoiNetSumFusion_Dice

==== Memoria GPU - Inicio de época ====
GPU 0 - Total: 40442.4 MB | Allocated: 473.8 MB | Cached: 3300.0 MB


==== Memoria GPU - Inicio de época ====
GPU 0 - Total: 40442.4 MB | Allocated: 473.8 MB | Cached: 29740.0 MB

Validation Dice: 0.8496528263169332 for Model: RoiNetSumFusion_Dice

==== Memoria GPU - Inicio de época ====
GPU 0 - Total: 40442.4 MB | Allocated: 473.8 MB | Cached: 3300.0 MB


==== Memoria GPU - Inicio de época ====
GPU 0 - Total: 40442.4 MB | Allocated: 473.8 MB | Cached: 29740.0 MB

Validation Dice: 0.85155125064014 for Model: RoiNetSumFusion_Dice

==== Memoria GPU - Inicio de época ====
GPU 0 - Total: 40442.4 MB | Allocated: 473.8 MB | Cached: 3300.0 MB


==== Memoria GPU - Inicio de época ====
GPU 0 - Total: 40442.4 MB | Allocated: 473.8 MB | Cached: 29740.0 MB

Validation Dice: 0.8359118352887845 for Model: RoiNetSumFusion_Dice

==== Memoria GPU - Inicio de época ====
GPU 0 - Total: 40442.4 MB | Allocated: 473.8 MB | Cached: 3300.0 MB


==== Memoria GPU - Inicio de época ====
GPU 0 - Total: 40442.4 MB | Allocated: 473.8 MB | Cached: 29740.0 MB

Validation Dice: 0.836544040197487 for Model: RoiNetSumFusion_Dice

==== Memoria GPU - Inicio de época ====
GPU 0 - Total: 40442.4 MB | Allocated: 473.8 MB | Cached: 3300.0 MB


==== Memoria GPU - Inicio de época ====
GPU 0 - Total: 40442.4 MB | Allocated: 473.8 MB | Cached: 29740.0 MB

Validation Dice: 0.852995875593334 for Model: RoiNetSumFusion_Dice

==== Memoria GPU - Inicio de época ====
GPU 0 - Total: 40442.4 MB | Allocated: 473.8 MB | Cached: 3300.0 MB


==== Memoria GPU - Inicio de época ====
GPU 0 - Total: 40442.4 MB | Allocated: 473.8 MB | Cached: 29740.0 MB

Validation Dice: 0.830501395826157 for Model: RoiNetSumFusion_Dice

==== Memoria GPU - Inicio de época ====
GPU 0 - Total: 40442.4 MB | Allocated: 473.8 MB | Cached: 3300.0 MB


==== Memoria GPU - Inicio de época ====
GPU 0 - Total: 40442.4 MB | Allocated: 473.8 MB | Cached: 29740.0 MB

Validation Dice: 0.8084634419622768 for Model: RoiNetSumFusion_Dice

==== Memoria GPU - Inicio de época ====
GPU 0 - Total: 40442.4 MB | Allocated: 473.8 MB | Cached: 3300.0 MB


==== Memoria GPU - Inicio de época ====
GPU 0 - Total: 40442.4 MB | Allocated: 473.8 MB | Cached: 29740.0 MB

Validation Dice: 0.8453613341087867 for Model: RoiNetSumFusion_Dice

==== Memoria GPU - Inicio de época ====
GPU 0 - Total: 40442.4 MB | Allocated: 473.8 MB | Cached: 3300.0 MB


==== Memoria GPU - Inicio de época ====
GPU 0 - Total: 40442.4 MB | Allocated: 473.8 MB | Cached: 29740.0 MB

Validation Dice: 0.8414946661163617 for Model: RoiNetSumFusion_Dice

==== Memoria GPU - Inicio de época ====
GPU 0 - Total: 40442.4 MB | Allocated: 473.8 MB | Cached: 3300.0 MB


==== Memoria GPU - Inicio de época ====
GPU 0 - Total: 40442.4 MB | Allocated: 473.8 MB | Cached: 29740.0 MB

Validation Dice: 0.8138627630642128 for Model: RoiNetSumFusion_Dice

==== Memoria GPU - Inicio de época ====
GPU 0 - Total: 40442.4 MB | Allocated: 473.8 MB | Cached: 3300.0 MB


==== Memoria GPU - Inicio de época ====
GPU 0 - Total: 40442.4 MB | Allocated: 473.8 MB | Cached: 29740.0 MB

Validation Dice: 0.850391497472607 for Model: RoiNetSumFusion_Dice

==== Memoria GPU - Inicio de época ====
GPU 0 - Total: 40442.4 MB | Allocated: 473.8 MB | Cached: 3300.0 MB


==== Memoria GPU - Inicio de época ====
GPU 0 - Total: 40442.4 MB | Allocated: 473.8 MB | Cached: 29740.0 MB

Validation Dice: 0.8323865744217613 for Model: RoiNetSumFusion_Dice

==== Memoria GPU - Inicio de época ====
GPU 0 - Total: 40442.4 MB | Allocated: 473.8 MB | Cached: 3300.0 MB


==== Memoria GPU - Inicio de época ====
GPU 0 - Total: 40442.4 MB | Allocated: 473.8 MB | Cached: 29740.0 MB

Validation Dice: 0.8303571134879194 for Model: RoiNetSumFusion_Dice

==== Memoria GPU - Inicio de época ====
GPU 0 - Total: 40442.4 MB | Allocated: 473.8 MB | Cached: 3300.0 MB


==== Memoria GPU - Inicio de época ====
GPU 0 - Total: 40442.4 MB | Allocated: 473.8 MB | Cached: 29740.0 MB

Validation Dice: 0.8371002629514677 for Model: RoiNetSumFusion_Dice

==== Memoria GPU - Inicio de época ====
GPU 0 - Total: 40442.4 MB | Allocated: 473.8 MB | Cached: 3300.0 MB


==== Memoria GPU - Inicio de época ====
GPU 0 - Total: 40442.4 MB | Allocated: 473.8 MB | Cached: 29740.0 MB

Validation Dice: 0.8428154371888747 for Model: RoiNetSumFusion_Dice

==== Memoria GPU - Inicio de época ====
GPU 0 - Total: 40442.4 MB | Allocated: 473.8 MB | Cached: 3300.0 MB


==== Memoria GPU - Inicio de época ====
GPU 0 - Total: 40442.4 MB | Allocated: 473.8 MB | Cached: 29740.0 MB

Validation Dice: 0.8480592069810323 for Model: RoiNetSumFusion_Dice

==== Memoria GPU - Inicio de época ====
GPU 0 - Total: 40442.4 MB | Allocated: 473.8 MB | Cached: 3300.0 MB


==== Memoria GPU - Inicio de época ====
GPU 0 - Total: 40442.4 MB | Allocated: 473.8 MB | Cached: 29740.0 MB

Validation Dice: 0.6244023715781037 for Model: RoiNetSumFusion_Dice

==== Memoria GPU - Inicio de época ====
GPU 0 - Total: 40442.4 MB | Allocated: 473.8 MB | Cached: 3300.0 MB


==== Memoria GPU - Inicio de época ====
GPU 0 - Total: 40442.4 MB | Allocated: 473.8 MB | Cached: 29740.0 MB

Validation Dice: 0.8204734330832479 for Model: RoiNetSumFusion_Dice

==== Memoria GPU - Inicio de época ====
GPU 0 - Total: 40442.4 MB | Allocated: 473.8 MB | Cached: 3300.0 MB


==== Memoria GPU - Inicio de época ====
GPU 0 - Total: 40442.4 MB | Allocated: 473.8 MB | Cached: 29740.0 MB

Validation Dice: 0.8517191965019333 for Model: RoiNetSumFusion_Dice

==== Memoria GPU - Inicio de época ====
GPU 0 - Total: 40442.4 MB | Allocated: 473.8 MB | Cached: 3300.0 MB


==== Memoria GPU - Inicio de época ====
GPU 0 - Total: 40442.4 MB | Allocated: 473.8 MB | Cached: 29740.0 MB

Validation Dice: 0.8330299342147895 for Model: RoiNetSumFusion_Dice

==== Memoria GPU - Inicio de época ====
GPU 0 - Total: 40442.4 MB | Allocated: 473.8 MB | Cached: 3300.0 MB


==== Memoria GPU - Inicio de época ====
GPU 0 - Total: 40442.4 MB | Allocated: 473.8 MB | Cached: 29740.0 MB

Validation Dice: 0.8490250950669984 for Model: RoiNetSumFusion_Dice

==== Memoria GPU - Inicio de época ====
GPU 0 - Total: 40442.4 MB | Allocated: 473.8 MB | Cached: 3300.0 MB


==== Memoria GPU - Inicio de época ====
GPU 0 - Total: 40442.4 MB | Allocated: 473.8 MB | Cached: 29740.0 MB

Validation Dice: 0.8538037045724797 for Model: RoiNetSumFusion_Dice

==== Memoria GPU - Inicio de época ====
GPU 0 - Total: 40442.4 MB | Allocated: 473.8 MB | Cached: 3300.0 MB


==== Memoria GPU - Inicio de época ====
GPU 0 - Total: 40442.4 MB | Allocated: 473.8 MB | Cached: 29740.0 MB

Validation Dice: 0.8589097741676013 for Model: RoiNetSumFusion_Dice

==== Memoria GPU - Inicio de época ====
GPU 0 - Total: 40442.4 MB | Allocated: 473.8 MB | Cached: 3300.0 MB


==== Memoria GPU - Inicio de época ====
GPU 0 - Total: 40442.4 MB | Allocated: 473.8 MB | Cached: 29740.0 MB

Validation Dice: 0.8484475630920051 for Model: RoiNetSumFusion_Dice

==== Memoria GPU - Inicio de época ====
GPU 0 - Total: 40442.4 MB | Allocated: 473.8 MB | Cached: 3300.0 MB


==== Memoria GPU - Inicio de época ====
GPU 0 - Total: 40442.4 MB | Allocated: 473.8 MB | Cached: 29740.0 MB

Validation Dice: 0.8218568187427567 for Model: RoiNetSumFusion_Dice

==== Memoria GPU - Inicio de época ====
GPU 0 - Total: 40442.4 MB | Allocated: 473.8 MB | Cached: 3300.0 MB


==== Memoria GPU - Inicio de época ====
GPU 0 - Total: 40442.4 MB | Allocated: 473.8 MB | Cached: 29740.0 MB

Validation Dice: 0.8414552609591411 for Model: RoiNetSumFusion_Dice

==== Memoria GPU - Inicio de época ====
GPU 0 - Total: 40442.4 MB | Allocated: 473.8 MB | Cached: 3300.0 MB


==== Memoria GPU - Inicio de época ====
GPU 0 - Total: 40442.4 MB | Allocated: 473.8 MB | Cached: 29740.0 MB

Validation Dice: 0.8664149371558516 for Model: RoiNetSumFusion_Dice
New best dice found, evaluating on test set...

==== Memoria GPU - Inicio de época ====
GPU 0 - Total: 40442.4 MB | Allocated: 473.8 MB | Cached: 29740.0 MB


==== Memoria GPU - Inicio de época ====
GPU 0 - Total: 40442.4 MB | Allocated: 473.8 MB | Cached: 3300.0 MB


==== Memoria GPU - Inicio de época ====
GPU 0 - Total: 40442.4 MB | Allocated: 473.8 MB | Cached: 29740.0 MB

Validation Dice: 0.7916554454478154 for Model: RoiNetSumFusion_Dice

==== Memoria GPU - Inicio de época ====
GPU 0 - Total: 40442.4 MB | Allocated: 473.8 MB | Cached: 3300.0 MB


==== Memoria GPU - Inicio de época ====
GPU 0 - Total: 40442.4 MB | Allocated: 473.8 MB | Cached: 29740.0 MB

Validation Dice: 0.8323314215108429 for Model: RoiNetSumFusion_Dice

==== Memoria GPU - Inicio de época ====
GPU 0 - Total: 40442.4 MB | Allocated: 473.8 MB | Cached: 3300.0 MB


==== Memoria GPU - Inicio de época ====
GPU 0 - Total: 40442.4 MB | Allocated: 473.8 MB | Cached: 29740.0 MB

Validation Dice: 0.8114467032257872 for Model: RoiNetSumFusion_Dice

==== Memoria GPU - Inicio de época ====
GPU 0 - Total: 40442.4 MB | Allocated: 473.8 MB | Cached: 3300.0 MB


==== Memoria GPU - Inicio de época ====
GPU 0 - Total: 40442.4 MB | Allocated: 473.8 MB | Cached: 29740.0 MB

Validation Dice: 0.8409301979437579 for Model: RoiNetSumFusion_Dice

==== Memoria GPU - Inicio de época ====
GPU 0 - Total: 40442.4 MB | Allocated: 473.8 MB | Cached: 3300.0 MB


==== Memoria GPU - Inicio de época ====
GPU 0 - Total: 40442.4 MB | Allocated: 473.8 MB | Cached: 29740.0 MB

Validation Dice: 0.8361848328956435 for Model: RoiNetSumFusion_Dice

==== Memoria GPU - Inicio de época ====
GPU 0 - Total: 40442.4 MB | Allocated: 473.8 MB | Cached: 3300.0 MB

