\BOOKMARK [0][-]{chapter.1}{Introducci\363n}{}% 1
\BOOKMARK [0][-]{chapter.2}{Estado del arte}{}% 2
\BOOKMARK [1][-]{section.2.1}{M\351todos tradicionales}{chapter.2}% 3
\BOOKMARK [1][-]{section.2.2}{M\351todos basados en aprendizaje autom\341tico}{chapter.2}% 4
\BOOKMARK [1][-]{section.2.3}{M\351todos basados en aprendizaje profundo}{chapter.2}% 5
\BOOKMARK [2][-]{subsection.2.3.1}{Datasets disponibles}{section.2.3}% 6
\BOOKMARK [0][-]{chapter.3}{Objetivos del Trabajo Fin de Grado}{}% 7
\BOOKMARK [0][-]{chapter.4}{Metodolog\355a}{}% 8
\BOOKMARK [1][-]{section.4.1}{Arquitectura FRNet \(Full Resolution Network\)}{chapter.4}% 9
\BOOKMARK [2][-]{subsection.4.1.1}{Fundamentos y dise\361o conceptual}{section.4.1}% 10
\BOOKMARK [2][-]{subsection.4.1.2}{Implementaci\363n t\351cnica}{section.4.1}% 11
\BOOKMARK [2][-]{subsection.4.1.3}{ResidualBlock como unidad b\341sica}{section.4.1}% 12
\BOOKMARK [2][-]{subsection.4.1.4}{Capa final especializada}{section.4.1}% 13
\BOOKMARK [2][-]{subsection.4.1.5}{Efectos esperados y consideraciones}{section.4.1}% 14
\BOOKMARK [1][-]{section.4.2}{Arquitectura RoiNet \(VesselView\)}{chapter.4}% 15
\BOOKMARK [2][-]{subsection.4.2.1}{Fundamentos y dise\361o conceptual}{section.4.2}% 16
\BOOKMARK [2][-]{subsection.4.2.2}{Implementaci\363n t\351cnica}{section.4.2}% 17
\BOOKMARK [2][-]{subsection.4.2.3}{Flujo de procesamiento y skip connections}{section.4.2}% 18
\BOOKMARK [2][-]{subsection.4.2.4}{Comparativa t\351cnica FRNet vs RoiNet}{section.4.2}% 19
\BOOKMARK [2][-]{subsection.4.2.5}{Innovaciones arquitect\363nicas clave en RoiNet}{section.4.2}% 20
\BOOKMARK [2][-]{subsection.4.2.6}{Aportaciones y Modificaciones del Autor sobre RoiNet}{section.4.2}% 21
\BOOKMARK [1][-]{section.4.3}{Funciones de p\351rdida especializadas}{chapter.4}% 22
\BOOKMARK [2][-]{subsection.4.3.1}{SoftCLDiceLoss}{section.4.3}% 23
\BOOKMARK [2][-]{subsection.4.3.2}{ConexLoss}{section.4.3}% 24
\BOOKMARK [2][-]{subsection.4.3.3}{DistanceWeightedBCELoss}{section.4.3}% 25
\BOOKMARK [2][-]{subsection.4.3.4}{VesselHaloLoss}{section.4.3}% 26
\BOOKMARK [2][-]{subsection.4.3.5}{HaloCLDiceLoss}{section.4.3}% 27
\BOOKMARK [1][-]{section.4.4}{Conjunto de datos y preprocesamiento}{chapter.4}% 28
\BOOKMARK [2][-]{subsection.4.4.1}{Dataset FIVES}{section.4.4}% 29
\BOOKMARK [2][-]{subsection.4.4.2}{Preprocesamiento de datos}{section.4.4}% 30
\BOOKMARK [2][-]{subsection.4.4.3}{Estrategias de aumentaci\363n de datos}{section.4.4}% 31
\BOOKMARK [0][-]{chapter.5}{Experimentos y Resultados}{}% 32
\BOOKMARK [1][-]{section.5.1}{Configuraci\363n experimental}{chapter.5}% 33
\BOOKMARK [2][-]{subsection.5.1.1}{Entorno de implementaci\363n}{section.5.1}% 34
\BOOKMARK [2][-]{subsection.5.1.2}{M\351tricas de evaluaci\363n}{section.5.1}% 35
\BOOKMARK [1][-]{section.5.2}{Comparativa de arquitecturas}{chapter.5}% 36
\BOOKMARK [2][-]{subsection.5.2.1}{FRNet vs. RoiNet \(versi\363n del autor\)}{section.5.2}% 37
\BOOKMARK [2][-]{subsection.5.2.2}{Estudio de ablaci\363n \(sobre RoiNet\)}{section.5.2}% 38
\BOOKMARK [1][-]{section.5.3}{Evaluaci\363n de funciones de p\351rdida}{chapter.5}% 39
\BOOKMARK [1][-]{section.5.4}{An\341lisis cualitativo}{chapter.5}% 40
\BOOKMARK [1][-]{section.5.5}{Interpretaci\363n de Resultados y Discusi\363n}{chapter.5}% 41
\BOOKMARK [0][-]{chapter.6}{Conclusiones y Trabajo Futuro}{}% 42
\BOOKMARK [1][-]{section.6.1}{Conclusiones principales}{chapter.6}% 43
\BOOKMARK [1][-]{section.6.2}{Valoraci\363n de lo Aprendido}{chapter.6}% 44
\BOOKMARK [1][-]{section.6.3}{Trabajo futuro \(sobre la evoluci\363n de RoiNet/SantosNet\)}{chapter.6}% 45
\BOOKMARK [0][-]{chapter.7}{Referencias bibliogr\341ficas}{}% 46
