This is pdfTeX, Version 3.14159265-2.6-1.40.21 (TeX Live 2020 Gentoo Linux) (preloaded format=pdflatex 2021.4.6)  16 MAY 2025 18:58
entering extended mode
 restricted \write18 enabled.
 file:line:error style messages enabled.
 %&-line parsing enabled.
**/mnt/netapp2/Store_uni/home/usc/ci/avs/tfg/tfg/fork-roi/fivesegmentor/redaction/latex/latex_code.tex
(/mnt/netapp2/Store_uni/home/usc/ci/avs/tfg/tfg/fork-roi/fivesegmentor/redaction/latex/latex_code.tex
LaTeX2e <2020-02-02> patch level 5
L3 programming layer <2020-02-25> (/mnt/netapp1/Optcesga_FT2_RHEL7/2020/gentoo/22072020/usr/share/texmf-dist/tex/latex/base/report.cls
Document Class: report 2019/12/20 v1.4l Standard LaTeX document class
(/mnt/netapp1/Optcesga_FT2_RHEL7/2020/gentoo/22072020/usr/share/texmf-dist/tex/latex/base/size11.clo
File: size11.clo 2019/12/20 v1.4l Standard LaTeX file (size option)
)
\c@part=\count167
\c@chapter=\count168
\c@section=\count169
\c@subsection=\count170
\c@subsubsection=\count171
\c@paragraph=\count172
\c@subparagraph=\count173
\c@figure=\count174
\c@table=\count175
\abovecaptionskip=\skip47
\belowcaptionskip=\skip48
\bibindent=\dimen134
) (/mnt/netapp1/Optcesga_FT2_RHEL7/2020/gentoo/22072020/usr/share/texmf-dist/tex/latex/base/inputenc.sty
Package: inputenc 2018/08/11 v1.3c Input encoding file
\inpenc@prehook=\toks15
\inpenc@posthook=\toks16
) (/mnt/netapp1/Optcesga_FT2_RHEL7/2020/gentoo/22072020/usr/share/texmf-dist/tex/generic/babel/babel.sty
Package: babel 2020/02/28 3.41 The Babel package
 (/mnt/netapp1/Optcesga_FT2_RHEL7/2020/gentoo/22072020/usr/share/texmf-dist/tex/generic/babel/switch.def
File: switch.def 2020/02/28 3.41 Babel switching mechanism
)

/mnt/netapp1/Optcesga_FT2_RHEL7/2020/gentoo/22072020/usr/share/texmf-dist/tex/generic/babel/babel.sty:542: Package babel Error: Unknown option `spanish'. Either you misspelled it
(babel)                or the language definition file spanish.ldf was not found.

See the babel package documentation for explanation.
Type  H <return>  for immediate help.
 ...                                              
                                                  
l.542 \ProcessOptions*
                      
Valid options are: shorthands=, KeepShorthandsActive,
activeacute, activegrave, noconfigs, safe=, main=, math=
headfoot=, strings=, config=, hyphenmap=, or a language name.

Package babel Info: You haven't specified a language. I'll use 'nil'
(babel)             as the main language. Reported on input line 572.
(/mnt/netapp1/Optcesga_FT2_RHEL7/2020/gentoo/22072020/usr/share/texmf-dist/tex/generic/babel/nil.ldf
Language: nil 2020/02/28 3.41 Nil language
 (/mnt/netapp1/Optcesga_FT2_RHEL7/2020/gentoo/22072020/usr/share/texmf-dist/tex/generic/babel/babel.def
File: babel.def 2020/02/28 3.41 Babel common definitions
\babel@savecnt=\count176
\U@D=\dimen135
 (/mnt/netapp1/Optcesga_FT2_RHEL7/2020/gentoo/22072020/usr/share/texmf-dist/tex/generic/babel/txtbabel.def)
\bbl@readstream=\read2
\bbl@dirlevel=\count177
)
\l@nil=\language7
)) (/mnt/netapp1/Optcesga_FT2_RHEL7/2020/gentoo/22072020/usr/share/texmf-dist/tex/latex/base/fontenc.sty
Package: fontenc 2020/02/11 v2.0o Standard LaTeX package
) (/mnt/netapp1/Optcesga_FT2_RHEL7/2020/gentoo/22072020/usr/share/texmf-dist/tex/latex/lm/lmodern.sty
Package: lmodern 2009/10/30 v1.6 Latin Modern Fonts
LaTeX Font Info:    Overwriting symbol font `operators' in version `normal'
(Font)                  OT1/cmr/m/n --> OT1/lmr/m/n on input line 22.
LaTeX Font Info:    Overwriting symbol font `letters' in version `normal'
(Font)                  OML/cmm/m/it --> OML/lmm/m/it on input line 23.
LaTeX Font Info:    Overwriting symbol font `symbols' in version `normal'
(Font)                  OMS/cmsy/m/n --> OMS/lmsy/m/n on input line 24.
LaTeX Font Info:    Overwriting symbol font `largesymbols' in version `normal'
(Font)                  OMX/cmex/m/n --> OMX/lmex/m/n on input line 25.
LaTeX Font Info:    Overwriting symbol font `operators' in version `bold'
(Font)                  OT1/cmr/bx/n --> OT1/lmr/bx/n on input line 26.
LaTeX Font Info:    Overwriting symbol font `letters' in version `bold'
(Font)                  OML/cmm/b/it --> OML/lmm/b/it on input line 27.
LaTeX Font Info:    Overwriting symbol font `symbols' in version `bold'
(Font)                  OMS/cmsy/b/n --> OMS/lmsy/b/n on input line 28.
LaTeX Font Info:    Overwriting symbol font `largesymbols' in version `bold'
(Font)                  OMX/cmex/m/n --> OMX/lmex/m/n on input line 29.
LaTeX Font Info:    Overwriting math alphabet `\mathbf' in version `normal'
(Font)                  OT1/cmr/bx/n --> OT1/lmr/bx/n on input line 31.
LaTeX Font Info:    Overwriting math alphabet `\mathsf' in version `normal'
(Font)                  OT1/cmss/m/n --> OT1/lmss/m/n on input line 32.
LaTeX Font Info:    Overwriting math alphabet `\mathit' in version `normal'
(Font)                  OT1/cmr/m/it --> OT1/lmr/m/it on input line 33.
LaTeX Font Info:    Overwriting math alphabet `\mathtt' in version `normal'
(Font)                  OT1/cmtt/m/n --> OT1/lmtt/m/n on input line 34.
LaTeX Font Info:    Overwriting math alphabet `\mathbf' in version `bold'
(Font)                  OT1/cmr/bx/n --> OT1/lmr/bx/n on input line 35.
LaTeX Font Info:    Overwriting math alphabet `\mathsf' in version `bold'
(Font)                  OT1/cmss/bx/n --> OT1/lmss/bx/n on input line 36.
LaTeX Font Info:    Overwriting math alphabet `\mathit' in version `bold'
(Font)                  OT1/cmr/bx/it --> OT1/lmr/bx/it on input line 37.
LaTeX Font Info:    Overwriting math alphabet `\mathtt' in version `bold'
(Font)                  OT1/cmtt/m/n --> OT1/lmtt/m/n on input line 38.
) (/mnt/netapp1/Optcesga_FT2_RHEL7/2020/gentoo/22072020/usr/share/texmf-dist/tex/latex/microtype/microtype.sty
Package: microtype 2019/11/18 v2.7d Micro-typographical refinements (RS)
 (/mnt/netapp1/Optcesga_FT2_RHEL7/2020/gentoo/22072020/usr/share/texmf-dist/tex/latex/graphics/keyval.sty
Package: keyval 2014/10/28 v1.15 key=value parser (DPC)
\KV@toks@=\toks17
)
\MT@toks=\toks18
\MT@count=\count178
LaTeX Info: Redefining \textls on input line 790.
\MT@outer@kern=\dimen136
LaTeX Info: Redefining \textmicrotypecontext on input line 1354.
\MT@listname@count=\count179
 (/mnt/netapp1/Optcesga_FT2_RHEL7/2020/gentoo/22072020/usr/share/texmf-dist/tex/latex/microtype/microtype-pdftex.def
File: microtype-pdftex.def 2019/11/18 v2.7d Definitions specific to pdftex (RS)
LaTeX Info: Redefining \lsstyle on input line 914.
LaTeX Info: Redefining \lslig on input line 914.
\MT@outer@space=\skip49
)
Package microtype Info: Loading configuration file microtype.cfg.
 (/mnt/netapp1/Optcesga_FT2_RHEL7/2020/gentoo/22072020/usr/share/texmf-dist/tex/latex/microtype/microtype.cfg
File: microtype.cfg 2019/11/18 v2.7d microtype main configuration file (RS)
)) (/mnt/netapp1/Optcesga_FT2_RHEL7/2020/gentoo/22072020/usr/share/texmf-dist/tex/latex/geometry/geometry.sty
Package: geometry 2020/01/02 v5.9 Page Geometry
 (/mnt/netapp1/Optcesga_FT2_RHEL7/2020/gentoo/22072020/usr/share/texmf-dist/tex/generic/iftex/ifvtex.sty
Package: ifvtex 2019/10/25 v1.7 ifvtex legacy package. Use iftex instead.
 (/mnt/netapp1/Optcesga_FT2_RHEL7/2020/gentoo/22072020/usr/share/texmf-dist/tex/generic/iftex/iftex.sty
Package: iftex 2019/11/07 v1.0c TeX engine tests
))
\Gm@cnth=\count180
\Gm@cntv=\count181
\c@Gm@tempcnt=\count182
\Gm@bindingoffset=\dimen137
\Gm@wd@mp=\dimen138
\Gm@odd@mp=\dimen139
\Gm@even@mp=\dimen140
\Gm@layoutwidth=\dimen141
\Gm@layoutheight=\dimen142
\Gm@layouthoffset=\dimen143
\Gm@layoutvoffset=\dimen144
\Gm@dimlist=\toks19
) (/mnt/netapp1/Optcesga_FT2_RHEL7/2020/gentoo/22072020/usr/share/texmf-dist/tex/latex/setspace/setspace.sty
Package: setspace 2011/12/19 v6.7a set line spacing
) (/mnt/netapp1/Optcesga_FT2_RHEL7/2020/gentoo/22072020/usr/share/texmf-dist/tex/latex/titlesec/titlesec.sty
Package: titlesec 2019/10/16 v2.13 Sectioning titles
\ttl@box=\box45
\beforetitleunit=\skip50
\aftertitleunit=\skip51
\ttl@plus=\dimen145
\ttl@minus=\dimen146
\ttl@toksa=\toks20
\titlewidth=\dimen147
\titlewidthlast=\dimen148
\titlewidthfirst=\dimen149
) (/mnt/netapp1/Optcesga_FT2_RHEL7/2020/gentoo/22072020/usr/share/texmf-dist/tex/latex/fancyhdr/fancyhdr.sty
Package: fancyhdr 2019/01/31 v3.10 Extensive control of page headers and footers
\f@nch@headwidth=\skip52
\f@nch@O@elh=\skip53
\f@nch@O@erh=\skip54
\f@nch@O@olh=\skip55
\f@nch@O@orh=\skip56
\f@nch@O@elf=\skip57
\f@nch@O@erf=\skip58
\f@nch@O@olf=\skip59
\f@nch@O@orf=\skip60
) (/mnt/netapp1/Optcesga_FT2_RHEL7/2020/gentoo/22072020/usr/share/texmf-dist/tex/latex/amsmath/amsmath.sty
Package: amsmath 2020/01/20 v2.17e AMS math features
\@mathmargin=\skip61

For additional information on amsmath, use the `?' option.
(/mnt/netapp1/Optcesga_FT2_RHEL7/2020/gentoo/22072020/usr/share/texmf-dist/tex/latex/amsmath/amstext.sty
Package: amstext 2000/06/29 v2.01 AMS text
 (/mnt/netapp1/Optcesga_FT2_RHEL7/2020/gentoo/22072020/usr/share/texmf-dist/tex/latex/amsmath/amsgen.sty
File: amsgen.sty 1999/11/30 v2.0 generic functions
\@emptytoks=\toks21
\ex@=\dimen150
)) (/mnt/netapp1/Optcesga_FT2_RHEL7/2020/gentoo/22072020/usr/share/texmf-dist/tex/latex/amsmath/amsbsy.sty
Package: amsbsy 1999/11/29 v1.2d Bold Symbols
\pmbraise@=\dimen151
) (/mnt/netapp1/Optcesga_FT2_RHEL7/2020/gentoo/22072020/usr/share/texmf-dist/tex/latex/amsmath/amsopn.sty
Package: amsopn 2016/03/08 v2.02 operator names
)
\inf@bad=\count183
LaTeX Info: Redefining \frac on input line 227.
\uproot@=\count184
\leftroot@=\count185
LaTeX Info: Redefining \overline on input line 389.
\classnum@=\count186
\DOTSCASE@=\count187
LaTeX Info: Redefining \ldots on input line 486.
LaTeX Info: Redefining \dots on input line 489.
LaTeX Info: Redefining \cdots on input line 610.
\Mathstrutbox@=\box46
\strutbox@=\box47
\big@size=\dimen152
LaTeX Font Info:    Redeclaring font encoding OML on input line 733.
LaTeX Font Info:    Redeclaring font encoding OMS on input line 734.
\macc@depth=\count188
\c@MaxMatrixCols=\count189
\dotsspace@=\muskip16
\c@parentequation=\count190
\dspbrk@lvl=\count191
\tag@help=\toks22
\row@=\count192
\column@=\count193
\maxfields@=\count194
\andhelp@=\toks23
\eqnshift@=\dimen153
\alignsep@=\dimen154
\tagshift@=\dimen155
\tagwidth@=\dimen156
\totwidth@=\dimen157
\lineht@=\dimen158
\@envbody=\toks24
\multlinegap=\skip62
\multlinetaggap=\skip63
\mathdisplay@stack=\toks25
LaTeX Info: Redefining \[ on input line 2859.
LaTeX Info: Redefining \] on input line 2860.
) (/mnt/netapp1/Optcesga_FT2_RHEL7/2020/gentoo/22072020/usr/share/texmf-dist/tex/latex/amsfonts/amsfonts.sty
Package: amsfonts 2013/01/14 v3.01 Basic AMSFonts support
\symAMSa=\mathgroup4
\symAMSb=\mathgroup5
LaTeX Font Info:    Redeclaring math symbol \hbar on input line 98.
LaTeX Font Info:    Overwriting math alphabet `\mathfrak' in version `bold'
(Font)                  U/euf/m/n --> U/euf/b/n on input line 106.
) (/mnt/netapp1/Optcesga_FT2_RHEL7/2020/gentoo/22072020/usr/share/texmf-dist/tex/latex/amsfonts/amssymb.sty
Package: amssymb 2013/01/14 v3.01 AMS font symbols
) (/mnt/netapp1/Optcesga_FT2_RHEL7/2020/gentoo/22072020/usr/share/texmf-dist/tex/latex/graphics/graphicx.sty
Package: graphicx 2019/11/30 v1.2a Enhanced LaTeX Graphics (DPC,SPQR)
 (/mnt/netapp1/Optcesga_FT2_RHEL7/2020/gentoo/22072020/usr/share/texmf-dist/tex/latex/graphics/graphics.sty
Package: graphics 2019/11/30 v1.4a Standard LaTeX Graphics (DPC,SPQR)
 (/mnt/netapp1/Optcesga_FT2_RHEL7/2020/gentoo/22072020/usr/share/texmf-dist/tex/latex/graphics/trig.sty
Package: trig 2016/01/03 v1.10 sin cos tan (DPC)
) (/mnt/netapp1/Optcesga_FT2_RHEL7/2020/gentoo/22072020/usr/share/texmf-dist/tex/latex/graphics-cfg/graphics.cfg
File: graphics.cfg 2016/06/04 v1.11 sample graphics configuration
)
Package graphics Info: Driver file: pdftex.def on input line 105.
 (/mnt/netapp1/Optcesga_FT2_RHEL7/2020/gentoo/22072020/usr/share/texmf-dist/tex/latex/graphics-def/pdftex.def
File: pdftex.def 2018/01/08 v1.0l Graphics/color driver for pdftex
))
\Gin@req@height=\dimen159
\Gin@req@width=\dimen160
) (/mnt/netapp1/Optcesga_FT2_RHEL7/2020/gentoo/22072020/usr/share/texmf-dist/tex/latex/booktabs/booktabs.sty
Package: booktabs 2020/01/12 v1.61803398 Publication quality tables
\heavyrulewidth=\dimen161
\lightrulewidth=\dimen162
\cmidrulewidth=\dimen163
\belowrulesep=\dimen164
\belowbottomsep=\dimen165
\aboverulesep=\dimen166
\abovetopsep=\dimen167
\cmidrulesep=\dimen168
\cmidrulekern=\dimen169
\defaultaddspace=\dimen170
\@cmidla=\count195
\@cmidlb=\count196
\@aboverulesep=\dimen171
\@belowrulesep=\dimen172
\@thisruleclass=\count197
\@lastruleclass=\count198
\@thisrulewidth=\dimen173
) (/mnt/netapp1/Optcesga_FT2_RHEL7/2020/gentoo/22072020/usr/share/texmf-dist/tex/latex/multirow/multirow.sty
Package: multirow 2019/05/31 v2.5 Span multiple rows of a table
\multirow@colwidth=\skip64
\multirow@cntb=\count199
\multirow@dima=\skip65
\bigstrutjot=\dimen174
) (/mnt/netapp1/Optcesga_FT2_RHEL7/2020/gentoo/22072020/usr/share/texmf-dist/tex/latex/caption/subcaption.sty
Package: subcaption 2020/01/22 v1.3d Sub-captions (AR)
 (/mnt/netapp1/Optcesga_FT2_RHEL7/2020/gentoo/22072020/usr/share/texmf-dist/tex/latex/caption/caption.sty
Package: caption 2020/01/03 v3.4h Customizing captions (AR)
 (/mnt/netapp1/Optcesga_FT2_RHEL7/2020/gentoo/22072020/usr/share/texmf-dist/tex/latex/caption/caption3.sty
Package: caption3 2020/01/03 v1.8h caption3 kernel (AR)
Package caption3 Info: TeX engine: e-TeX on input line 61.
\captionmargin=\dimen175
\captionmargin@=\dimen176
\captionwidth=\dimen177
\caption@tempdima=\dimen178
\caption@indent=\dimen179
\caption@parindent=\dimen180
\caption@hangindent=\dimen181
Package caption Info: Standard document class detected.
)
\c@caption@flags=\count266
\c@continuedfloat=\count267
)
\c@subfigure=\count268
\c@subtable=\count269
) (/mnt/netapp1/Optcesga_FT2_RHEL7/2020/gentoo/22072020/usr/share/texmf-dist/tex/latex/algorithms/algorithm.sty
Package: algorithm 2009/08/24 v0.1 Document Style `algorithm' - floating environment
 (/mnt/netapp1/Optcesga_FT2_RHEL7/2020/gentoo/22072020/usr/share/texmf-dist/tex/latex/float/float.sty
Package: float 2001/11/08 v1.3d Float enhancements (AL)
\c@float@type=\count270
\float@exts=\toks26
\float@box=\box48
\@float@everytoks=\toks27
\@floatcapt=\box49
) (/mnt/netapp1/Optcesga_FT2_RHEL7/2020/gentoo/22072020/usr/share/texmf-dist/tex/latex/base/ifthen.sty
Package: ifthen 2014/09/29 v1.1c Standard LaTeX ifthen package (DPC)
)
\@float@every@algorithm=\toks28
\c@algorithm=\count271
) (/mnt/netapp1/Optcesga_FT2_RHEL7/2020/gentoo/22072020/usr/share/texmf-dist/tex/latex/algorithmicx/algpseudocode.sty
Package: algpseudocode 
 (/mnt/netapp1/Optcesga_FT2_RHEL7/2020/gentoo/22072020/usr/share/texmf-dist/tex/latex/algorithmicx/algorithmicx.sty
Package: algorithmicx 2005/04/27 v1.2 Algorithmicx

Document Style algorithmicx 1.2 - a greatly improved `algorithmic' style
\c@ALG@line=\count272
\c@ALG@rem=\count273
\c@ALG@nested=\count274
\ALG@tlm=\skip66
\ALG@thistlm=\skip67
\c@ALG@Lnr=\count275
\c@ALG@blocknr=\count276
\c@ALG@storecount=\count277
\c@ALG@tmpcounter=\count278
\ALG@tmplength=\skip68
)
Document Style - pseudocode environments for use with the `algorithmicx' style
) (/mnt/netapp1/Optcesga_FT2_RHEL7/2020/gentoo/22072020/usr/share/texmf-dist/tex/latex/hyperref/hyperref.sty
Package: hyperref 2020/01/14 v7.00d Hypertext links for LaTeX
 (/mnt/netapp1/Optcesga_FT2_RHEL7/2020/gentoo/22072020/usr/share/texmf-dist/tex/generic/ltxcmds/ltxcmds.sty
Package: ltxcmds 2019/12/15 v1.24 LaTeX kernel commands for general use (HO)
) (/mnt/netapp1/Optcesga_FT2_RHEL7/2020/gentoo/22072020/usr/share/texmf-dist/tex/latex/pdftexcmds/pdftexcmds.sty
Package: pdftexcmds 2019/11/24 v0.31 Utility functions of pdfTeX for LuaTeX (HO)
 (/mnt/netapp1/Optcesga_FT2_RHEL7/2020/gentoo/22072020/usr/share/texmf-dist/tex/generic/infwarerr/infwarerr.sty
Package: infwarerr 2019/12/03 v1.5 Providing info/warning/error messages (HO)
)
Package pdftexcmds Info: \pdf@primitive is available.
Package pdftexcmds Info: \pdf@ifprimitive is available.
Package pdftexcmds Info: \pdfdraftmode found.
) (/mnt/netapp1/Optcesga_FT2_RHEL7/2020/gentoo/22072020/usr/share/texmf-dist/tex/generic/kvsetkeys/kvsetkeys.sty
Package: kvsetkeys 2019/12/15 v1.18 Key value parser (HO)
) (/mnt/netapp1/Optcesga_FT2_RHEL7/2020/gentoo/22072020/usr/share/texmf-dist/tex/generic/kvdefinekeys/kvdefinekeys.sty
Package: kvdefinekeys 2019-12-19 v1.6 Define keys (HO)
) (/mnt/netapp1/Optcesga_FT2_RHEL7/2020/gentoo/22072020/usr/share/texmf-dist/tex/generic/pdfescape/pdfescape.sty
Package: pdfescape 2019/12/09 v1.15 Implements pdfTeX's escape features (HO)
) (/mnt/netapp1/Optcesga_FT2_RHEL7/2020/gentoo/22072020/usr/share/texmf-dist/tex/latex/hycolor/hycolor.sty
Package: hycolor 2020-01-27 v1.10 Color options for hyperref/bookmark (HO)
) (/mnt/netapp1/Optcesga_FT2_RHEL7/2020/gentoo/22072020/usr/share/texmf-dist/tex/latex/letltxmacro/letltxmacro.sty
Package: letltxmacro 2019/12/03 v1.6 Let assignment for LaTeX macros (HO)
) (/mnt/netapp1/Optcesga_FT2_RHEL7/2020/gentoo/22072020/usr/share/texmf-dist/tex/latex/auxhook/auxhook.sty
Package: auxhook 2019-12-17 v1.6 Hooks for auxiliary files (HO)
) (/mnt/netapp1/Optcesga_FT2_RHEL7/2020/gentoo/22072020/usr/share/texmf-dist/tex/latex/kvoptions/kvoptions.sty
Package: kvoptions 2019/11/29 v3.13 Key value format for package options (HO)
)
\@linkdim=\dimen182
\Hy@linkcounter=\count279
\Hy@pagecounter=\count280
 (/mnt/netapp1/Optcesga_FT2_RHEL7/2020/gentoo/22072020/usr/share/texmf-dist/tex/latex/hyperref/pd1enc.def
File: pd1enc.def 2020/01/14 v7.00d Hyperref: PDFDocEncoding definition (HO)
Now handling font encoding PD1 ...
... no UTF-8 mapping file for font encoding PD1
) (/mnt/netapp1/Optcesga_FT2_RHEL7/2020/gentoo/22072020/usr/share/texmf-dist/tex/generic/intcalc/intcalc.sty
Package: intcalc 2019/12/15 v1.3 Expandable calculations with integers (HO)
) (/mnt/netapp1/Optcesga_FT2_RHEL7/2020/gentoo/22072020/usr/share/texmf-dist/tex/generic/etexcmds/etexcmds.sty
Package: etexcmds 2019/12/15 v1.7 Avoid name clashes with e-TeX commands (HO)
)
\Hy@SavedSpaceFactor=\count281
Package hyperref Info: Hyper figures OFF on input line 4547.
Package hyperref Info: Link nesting OFF on input line 4552.
Package hyperref Info: Hyper index ON on input line 4555.
Package hyperref Info: Plain pages OFF on input line 4562.
Package hyperref Info: Backreferencing OFF on input line 4567.
Package hyperref Info: Implicit mode ON; LaTeX internals redefined.
Package hyperref Info: Bookmarks ON on input line 4800.
\c@Hy@tempcnt=\count282
 (/mnt/netapp1/Optcesga_FT2_RHEL7/2020/gentoo/22072020/usr/share/texmf-dist/tex/latex/url/url.sty
\Urlmuskip=\muskip17
Package: url 2013/09/16  ver 3.4  Verb mode for urls, etc.
)
LaTeX Info: Redefining \url on input line 5159.
\XeTeXLinkMargin=\dimen183
 (/mnt/netapp1/Optcesga_FT2_RHEL7/2020/gentoo/22072020/usr/share/texmf-dist/tex/generic/bitset/bitset.sty
Package: bitset 2019/12/09 v1.3 Handle bit-vector datatype (HO)
 (/mnt/netapp1/Optcesga_FT2_RHEL7/2020/gentoo/22072020/usr/share/texmf-dist/tex/generic/bigintcalc/bigintcalc.sty
Package: bigintcalc 2019/12/15 v1.5 Expandable calculations on big integers (HO)
))
\Fld@menulength=\count283
\Field@Width=\dimen184
\Fld@charsize=\dimen185
Package hyperref Info: Hyper figures OFF on input line 6430.
Package hyperref Info: Link nesting OFF on input line 6435.
Package hyperref Info: Hyper index ON on input line 6438.
Package hyperref Info: backreferencing OFF on input line 6445.
Package hyperref Info: Link coloring OFF on input line 6450.
Package hyperref Info: Link coloring with OCG OFF on input line 6455.
Package hyperref Info: PDF/A mode OFF on input line 6460.
LaTeX Info: Redefining \ref on input line 6500.
LaTeX Info: Redefining \pageref on input line 6504.
 (/mnt/netapp1/Optcesga_FT2_RHEL7/2020/gentoo/22072020/usr/share/texmf-dist/tex/generic/atbegshi/atbegshi.sty
Package: atbegshi 2019/12/05 v1.19 At begin shipout hook (HO)
)
\Hy@abspage=\count284
\c@Item=\count285
\c@Hfootnote=\count286
)
Package hyperref Info: Driver (autodetected): hpdftex.
 (/mnt/netapp1/Optcesga_FT2_RHEL7/2020/gentoo/22072020/usr/share/texmf-dist/tex/latex/hyperref/hpdftex.def
File: hpdftex.def 2020/01/14 v7.00d Hyperref driver for pdfTeX
 (/mnt/netapp1/Optcesga_FT2_RHEL7/2020/gentoo/22072020/usr/share/texmf-dist/tex/latex/atveryend/atveryend.sty
Package: atveryend 2019-12-11 v1.11 Hooks at the very end of document (HO)
Package atveryend Info: \enddocument detected (standard20110627).
)
\Fld@listcount=\count287
\c@bookmark@seq@number=\count288
 (/mnt/netapp1/Optcesga_FT2_RHEL7/2020/gentoo/22072020/usr/share/texmf-dist/tex/latex/rerunfilecheck/rerunfilecheck.sty
Package: rerunfilecheck 2019/12/05 v1.9 Rerun checks for auxiliary files (HO)
 (/mnt/netapp1/Optcesga_FT2_RHEL7/2020/gentoo/22072020/usr/share/texmf-dist/tex/generic/uniquecounter/uniquecounter.sty
Package: uniquecounter 2019/12/15 v1.4 Provide unlimited unique counter (HO)
)
Package uniquecounter Info: New unique counter `rerunfilecheck' on input line 286.
)
\Hy@SectionHShift=\skip69
) (/mnt/netapp1/Optcesga_FT2_RHEL7/2020/gentoo/22072020/usr/share/texmf-dist/tex/latex/soul/soul.sty
Package: soul 2003/11/17 v2.4 letterspacing/underlining (mf)
\SOUL@word=\toks29
\SOUL@lasttoken=\toks30
\SOUL@cmds=\toks31
\SOUL@buffer=\toks32
\SOUL@token=\toks33
\SOUL@spaceskip=\skip70
\SOUL@ttwidth=\dimen186
\SOUL@uldp=\dimen187
\SOUL@ulht=\dimen188
) (/mnt/netapp1/Optcesga_FT2_RHEL7/2020/gentoo/22072020/usr/share/texmf-dist/tex/latex/enumitem/enumitem.sty
Package: enumitem 2019/06/20 v3.9 Customized lists
\labelindent=\skip71
\enit@outerparindent=\dimen189
\enit@toks=\toks34
\enit@inbox=\box50
\enit@count@id=\count289
\enitdp@description=\count290
) (/mnt/netapp1/Optcesga_FT2_RHEL7/2020/gentoo/22072020/usr/share/texmf-dist/tex/latex/listings/listings.sty
\lst@mode=\count291
\lst@gtempboxa=\box51
\lst@token=\toks35
\lst@length=\count292
\lst@currlwidth=\dimen190
\lst@column=\count293
\lst@pos=\count294
\lst@lostspace=\dimen191
\lst@width=\dimen192
\lst@newlines=\count295
\lst@lineno=\count296
\lst@maxwidth=\dimen193
 (/mnt/netapp1/Optcesga_FT2_RHEL7/2020/gentoo/22072020/usr/share/texmf-dist/tex/latex/listings/lstmisc.sty
File: lstmisc.sty 2019/09/10 1.8c (Carsten Heinz)
\c@lstnumber=\count297
\lst@skipnumbers=\count298
\lst@framebox=\box52
) (/mnt/netapp1/Optcesga_FT2_RHEL7/2020/gentoo/22072020/usr/share/texmf-dist/tex/latex/listings/listings.cfg
File: listings.cfg 2019/09/10 1.8c listings configuration
))
Package: listings 2019/09/10 1.8c (Carsten Heinz)
 (/mnt/netapp1/Optcesga_FT2_RHEL7/2020/gentoo/22072020/usr/share/texmf-dist/tex/latex/xcolor/xcolor.sty
Package: xcolor 2016/05/11 v2.12 LaTeX color extensions (UK)
 (/mnt/netapp1/Optcesga_FT2_RHEL7/2020/gentoo/22072020/usr/share/texmf-dist/tex/latex/graphics-cfg/color.cfg
File: color.cfg 2016/01/02 v1.6 sample color configuration
)
Package xcolor Info: Driver file: pdftex.def on input line 225.
Package xcolor Info: Model `cmy' substituted by `cmy0' on input line 1348.
Package xcolor Info: Model `hsb' substituted by `rgb' on input line 1352.
Package xcolor Info: Model `RGB' extended on input line 1364.
Package xcolor Info: Model `HTML' substituted by `rgb' on input line 1366.
Package xcolor Info: Model `Hsb' substituted by `hsb' on input line 1367.
Package xcolor Info: Model `tHsb' substituted by `hsb' on input line 1368.
Package xcolor Info: Model `HSB' substituted by `hsb' on input line 1369.
Package xcolor Info: Model `Gray' substituted by `gray' on input line 1370.
Package xcolor Info: Model `wave' substituted by `hsb' on input line 1371.
) (/mnt/netapp1/Optcesga_FT2_RHEL7/2020/gentoo/22072020/usr/share/texmf-dist/tex/latex/l3backend/l3backend-pdfmode.def
File: l3backend-pdfmode.def 2020-02-23 L3 backend support: PDF mode
\l__kernel_color_stack_int=\count299
\l__pdf_internal_box=\box53
)
No file latex_code.aux.
\openout1 = `latex_code.aux'.

LaTeX Font Info:    Checking defaults for OML/cmm/m/it on input line 92.
LaTeX Font Info:    ... okay on input line 92.
LaTeX Font Info:    Checking defaults for OMS/cmsy/m/n on input line 92.
LaTeX Font Info:    ... okay on input line 92.
LaTeX Font Info:    Checking defaults for OT1/cmr/m/n on input line 92.
LaTeX Font Info:    ... okay on input line 92.
LaTeX Font Info:    Checking defaults for T1/cmr/m/n on input line 92.
LaTeX Font Info:    ... okay on input line 92.
LaTeX Font Info:    Checking defaults for TS1/cmr/m/n on input line 92.
LaTeX Font Info:    ... okay on input line 92.
LaTeX Font Info:    Checking defaults for OMX/cmex/m/n on input line 92.
LaTeX Font Info:    ... okay on input line 92.
LaTeX Font Info:    Checking defaults for U/cmr/m/n on input line 92.
LaTeX Font Info:    ... okay on input line 92.
LaTeX Font Info:    Checking defaults for PD1/pdf/m/n on input line 92.
LaTeX Font Info:    ... okay on input line 92.
LaTeX Font Info:    Trying to load font information for T1+lmr on input line 92.
(/mnt/netapp1/Optcesga_FT2_RHEL7/2020/gentoo/22072020/usr/share/texmf-dist/tex/latex/lm/t1lmr.fd
File: t1lmr.fd 2009/10/30 v1.6 Font defs for Latin Modern
)
LaTeX Info: Redefining \microtypecontext on input line 92.
Package microtype Info: Generating PDF output.
Package microtype Info: Character protrusion enabled (level 2).
Package microtype Info: Using default protrusion set `alltext'.
Package microtype Info: Automatic font expansion enabled (level 2),
(microtype)             stretch: 20, shrink: 20, step: 1, non-selected.
Package microtype Info: Using default expansion set `basictext'.
LaTeX Info: Redefining \showhyphens on input line 92.
Package microtype Info: No adjustment of tracking.
Package microtype Info: No adjustment of interword spacing.
Package microtype Info: No adjustment of character kerning.
 (/mnt/netapp1/Optcesga_FT2_RHEL7/2020/gentoo/22072020/usr/share/texmf-dist/tex/latex/microtype/mt-cmr.cfg
File: mt-cmr.cfg 2013/05/19 v2.2 microtype config. file: Computer Modern Roman (RS)
)
*geometry* driver: auto-detecting
*geometry* detected driver: pdftex
*geometry* verbose mode - [ preamble ] result:
* driver: pdftex
* paper: a4paper
* layout: <same size as paper>
* layoutoffset:(h,v)=(0.0pt,0.0pt)
* modes: 
* h-part:(L,W,R)=(71.13188pt, 455.24411pt, 71.13188pt)
* v-part:(T,H,B)=(71.13188pt, 702.78308pt, 71.13188pt)
* \paperwidth=597.50787pt
* \paperheight=845.04684pt
* \textwidth=455.24411pt
* \textheight=702.78308pt
* \oddsidemargin=-1.1381pt
* \evensidemargin=-1.1381pt
* \topmargin=-41.1381pt
* \headheight=15.0pt
* \headsep=25.0pt
* \topskip=11.0pt
* \footskip=30.0pt
* \marginparwidth=50.0pt
* \marginparsep=10.0pt
* \columnsep=10.0pt
* \skip\footins=10.0pt plus 4.0pt minus 2.0pt
* \hoffset=0.0pt
* \voffset=0.0pt
* \mag=1000
* \@twocolumnfalse
* \@twosidefalse
* \@mparswitchfalse
* \@reversemarginfalse
* (1in=72.27pt=25.4mm, 1cm=28.453pt)

(/mnt/netapp1/Optcesga_FT2_RHEL7/2020/gentoo/22072020/usr/share/texmf-dist/tex/context/base/mkii/supp-pdf.mkii
[Loading MPS to PDF converter (version 2006.09.02).]
\scratchcounter=\count300
\scratchdimen=\dimen194
\scratchbox=\box54
\nofMPsegments=\count301
\nofMParguments=\count302
\everyMPshowfont=\toks36
\MPscratchCnt=\count303
\MPscratchDim=\dimen195
\MPnumerator=\count304
\makeMPintoPDFobject=\count305
\everyMPtoPDFconversion=\toks37
) (/mnt/netapp1/Optcesga_FT2_RHEL7/2020/gentoo/22072020/usr/share/texmf-dist/tex/latex/epstopdf-pkg/epstopdf-base.sty
Package: epstopdf-base 2020-01-24 v2.11 Base part for package epstopdf
Package epstopdf-base Info: Redefining graphics rule for `.eps' on input line 485.
 (/mnt/netapp1/Optcesga_FT2_RHEL7/2020/gentoo/22072020/usr/share/texmf-dist/tex/latex/latexconfig/epstopdf-sys.cfg
File: epstopdf-sys.cfg 2010/07/13 v1.3 Configuration of (r)epstopdf for TeX Live
))
Package caption Info: Begin \AtBeginDocument code.
Package caption Info: float package is loaded.
Package caption Info: hyperref package is loaded.
Package caption Info: listings package is loaded.
Package caption Info: End \AtBeginDocument code.
\AtBeginShipoutBox=\box55
Package hyperref Info: Link coloring OFF on input line 92.
 (/mnt/netapp1/Optcesga_FT2_RHEL7/2020/gentoo/22072020/usr/share/texmf-dist/tex/latex/hyperref/nameref.sty
Package: nameref 2019/09/16 v2.46 Cross-referencing by name of section
 (/mnt/netapp1/Optcesga_FT2_RHEL7/2020/gentoo/22072020/usr/share/texmf-dist/tex/latex/refcount/refcount.sty
Package: refcount 2019/12/15 v3.6 Data extraction from label references (HO)
) (/mnt/netapp1/Optcesga_FT2_RHEL7/2020/gentoo/22072020/usr/share/texmf-dist/tex/generic/gettitlestring/gettitlestring.sty
Package: gettitlestring 2019/12/15 v1.6 Cleanup title references (HO)
)
\c@section@level=\count306
)
LaTeX Info: Redefining \ref on input line 92.
LaTeX Info: Redefining \pageref on input line 92.
LaTeX Info: Redefining \nameref on input line 92.
\@outlinefile=\write3
\openout3 = `latex_code.out'.

\c@lstlisting=\count307
LaTeX Font Info:    Trying to load font information for OT1+lmr on input line 95.
 (/mnt/netapp1/Optcesga_FT2_RHEL7/2020/gentoo/22072020/usr/share/texmf-dist/tex/latex/lm/ot1lmr.fd
File: ot1lmr.fd 2009/10/30 v1.6 Font defs for Latin Modern
)
LaTeX Font Info:    Trying to load font information for OML+lmm on input line 95.
 (/mnt/netapp1/Optcesga_FT2_RHEL7/2020/gentoo/22072020/usr/share/texmf-dist/tex/latex/lm/omllmm.fd
File: omllmm.fd 2009/10/30 v1.6 Font defs for Latin Modern
)
LaTeX Font Info:    Trying to load font information for OMS+lmsy on input line 95.
 (/mnt/netapp1/Optcesga_FT2_RHEL7/2020/gentoo/22072020/usr/share/texmf-dist/tex/latex/lm/omslmsy.fd
File: omslmsy.fd 2009/10/30 v1.6 Font defs for Latin Modern
)
LaTeX Font Info:    Trying to load font information for OMX+lmex on input line 95.
 (/mnt/netapp1/Optcesga_FT2_RHEL7/2020/gentoo/22072020/usr/share/texmf-dist/tex/latex/lm/omxlmex.fd
File: omxlmex.fd 2009/10/30 v1.6 Font defs for Latin Modern
)
LaTeX Font Info:    External font `lmex10' loaded for size
(Font)              <12> on input line 95.
LaTeX Font Info:    External font `lmex10' loaded for size
(Font)              <8> on input line 95.
LaTeX Font Info:    External font `lmex10' loaded for size
(Font)              <6> on input line 95.
LaTeX Font Info:    Trying to load font information for U+msa on input line 95.
 (/mnt/netapp1/Optcesga_FT2_RHEL7/2020/gentoo/22072020/usr/share/texmf-dist/tex/latex/amsfonts/umsa.fd
File: umsa.fd 2013/01/14 v3.01 AMS symbols A
) (/mnt/netapp1/Optcesga_FT2_RHEL7/2020/gentoo/22072020/usr/share/texmf-dist/tex/latex/microtype/mt-msa.cfg
File: mt-msa.cfg 2006/02/04 v1.1 microtype config. file: AMS symbols (a) (RS)
)
LaTeX Font Info:    Trying to load font information for U+msb on input line 95.
 (/mnt/netapp1/Optcesga_FT2_RHEL7/2020/gentoo/22072020/usr/share/texmf-dist/tex/latex/amsfonts/umsb.fd
File: umsb.fd 2013/01/14 v3.01 AMS symbols B
) (/mnt/netapp1/Optcesga_FT2_RHEL7/2020/gentoo/22072020/usr/share/texmf-dist/tex/latex/microtype/mt-msb.cfg
File: mt-msb.cfg 2005/06/01 v1.0 microtype config. file: AMS symbols (b) (RS)
) [1

{/mnt/netapp1/Optcesga_FT2_RHEL7/2020/gentoo/22072020/usr/share/texmf-dist/fonts/map/pdftex/updmap/pdftex.map}]
LaTeX Font Info:    Trying to load font information for TS1+lmr on input line 97.
 (/mnt/netapp1/Optcesga_FT2_RHEL7/2020/gentoo/22072020/usr/share/texmf-dist/tex/latex/lm/ts1lmr.fd
File: ts1lmr.fd 2009/10/30 v1.6 Font defs for Latin Modern
)
Overfull \hbox (6.60027pt too wide) in paragraph at lines 97--98
\T1/lmr/m/n/10.95 (-20) Este trabajo estudia y evalúa arquitecturas de redes neuronales convolucionales para la segmentación
 []

pdfTeX warning (ext4): destination with the same identifier (name{page.1}) has been already used, duplicate ignored
<to be read again> 
                   \relax 
l.98 \end{abstract}
                    [1]
\tf@toc=\write4
\openout4 = `latex_code.toc'.

pdfTeX warning (ext4): destination with the same identifier (name{page.1}) has been already used, duplicate ignored
<to be read again> 
                   \relax 
l.101 \listoftables
                    [1

]
\tf@lot=\write5
\openout5 = `latex_code.lot'.

 [2

]
\tf@lof=\write6
\openout6 = `latex_code.lof'.

 [3

]
Chapter 1.
[4

]
Chapter 2.
[5

] [6]
Overfull \hbox (3.99156pt too wide) in paragraph at lines 161--162
[]\T1/lmr/bx/n/10.95 STARE\T1/lmr/m/n/10.95 (-20) : Otro conjunto de datos popular que proporciona imágenes de retina con anotaciones
 []

[7]
Chapter 3.

Overfull \hbox (5.07771pt too wide) in paragraph at lines 169--170
[]\T1/lmr/bx/n/10.95 Analizar y Describir Arquitecturas Existentes: \T1/lmr/m/n/10.95 (-20) Estudiar y presentar las características
 []


Overfull \hbox (37.34831pt too wide) in paragraph at lines 171--173
[]\T1/lmr/bx/n/10.95 Detallar y Justificar las Aportaciones Propias sobre RoiNet: \T1/lmr/m/n/10.95 (-20) Documentar exhaustivamente
 []


Overfull \hbox (11.56758pt too wide) in paragraph at lines 175--176
[]\T1/lmr/m/n/10.95 (-20) Análisis y documentación de los desafíos prácticos encontrados durante la experimentación
 []

LaTeX Font Info:    Trying to load font information for T1+lmtt on input line 179.
(/mnt/netapp1/Optcesga_FT2_RHEL7/2020/gentoo/22072020/usr/share/texmf-dist/tex/latex/lm/t1lmtt.fd
File: t1lmtt.fd 2009/10/30 v1.6 Font defs for Latin Modern
)
Package microtype Info: Loading generic protrusion settings for font family
(microtype)             `lmtt' (encoding: T1).
(microtype)             For optimal results, create family-specific settings.
(microtype)             See the microtype manual for details.
 [8

] [9]
Chapter 4.

Overfull \hbox (7.91096pt too wide) in paragraph at lines 191--192
[]\T1/lmr/bx/n/10.95 El problema de preservación de estructuras finas\T1/lmr/m/n/10.95 (-20) : Los vasos sanguíneos son estructuras
 []


Overfull \hbox (8.82242pt too wide) in paragraph at lines 196--197
\T1/lmr/m/n/10.95 (-20) arquitecturas encoder-decoder. Esta filosofía de diseño difiere fundamentalmente de las arquitecturas
 []

(/mnt/netapp1/Optcesga_FT2_RHEL7/2020/gentoo/22072020/usr/share/texmf-dist/tex/latex/listings/lstlang1.sty
File: lstlang1.sty 2019/09/10 1.8c listings language file
)
Package hyperref Info: bookmark level for unknown lstlisting defaults to 0 on input line 202.
LaTeX Font Info:    Font shape `T1/lmtt/bx/n' in size <10> not available
(Font)              Font shape `T1/lmtt/b/n' tried instead on input line 203.
 [10

] [11] [12]
Overfull \hbox (12.21797pt too wide) in paragraph at lines 286--287
[]\T1/lmr/bx/n/10.95 Selección del máximo\T1/lmr/m/n/10.95 (-20) : La operación \T1/lmtt/m/n/10.95 torch.max(x, dim=1, keepdim=True)[0] \T1/lmr/m/n/10.95 (-20) selecciona
 []


Overfull \hbox (2.08043pt too wide) in paragraph at lines 313--314
[]\T1/lmr/bx/n/10.95 Mantener la capacidad de preservar detalles\T1/lmr/m/n/10.95 (-20) : A través de skip connections estratégicas 
 []

[13] [14]
Overfull \hbox (5.29636pt too wide) in paragraph at lines 365--366
[]\T1/lmr/bx/n/10.95 Cuello de botella profundo\T1/lmr/m/n/10.95 (-20) : Presenta dos bloques residuales con 256 canales, fortaleciendo
 []

[15]
Overfull \hbox (15.10472pt too wide) in paragraph at lines 428--429
[]\T1/lmr/bx/n/10.95 Conexiones refinadas\T1/lmr/m/n/10.95 (-20) : A diferencia de U-Net, donde las skip connections son concatenaciones
 []

LaTeX Font Info:    External font `lmex10' loaded for size
(Font)              <10.95> on input line 437.

Overfull \hbox (186.34157pt too wide) in paragraph at lines 437--459
 [][] 
 []

[16]
Overfull \hbox (38.87346pt too wide) in paragraph at lines 477--478
[]\T1/lmtt/m/n/10.95 [PENDIENTE: Incluir fragmento de código relevante o descripción más detallada
 []


Overfull \hbox (10.12979pt too wide) in paragraph at lines 477--478
\T1/lmtt/m/n/10.95 del script de Cesga, por ejemplo, cómo se gestionaban los datasets o los
 []


Overfull \hbox (6.26337pt too wide) in paragraph at lines 481--482
[]\T1/lmr/m/n/10.95 (-20) Se llevó a cabo una exploración sistemática de diversos hiperparámetros y configuraciones
 []

[17]
Overfull \hbox (38.87346pt too wide) in paragraph at lines 482--483
[]\T1/lmtt/m/n/10.95 [PENDIENTE: Detallar configuraciones específicas probadas y cuáles ofrecieron
 []


Overfull \hbox (21.62726pt too wide) in paragraph at lines 482--483
\T1/lmtt/m/n/10.95 mejores resultados. Se puede incluir una tabla resumen si es pertinente.] 
 []


Overfull \hbox (24.85754pt too wide) in paragraph at lines 496--497
\T1/lmtt/m/n/10.95 la sección 5.2.2 detalle estas configuraciones del estudio de ablación] 
 []


Overfull \hbox (56.11966pt too wide) in paragraph at lines 498--499
\T1/lmtt/m/n/10.95 concretas de bloques se probaron, dónde, y cuáles fueron sus efectos observados] 
 []


Overfull \hbox (27.37599pt too wide) in paragraph at lines 499--500
\T1/lmtt/m/n/10.95 [PENDIENTE: Describir brevemente la formulación o el concepto de esta nueva
 []


Overfull \hbox (4.09361pt too wide) in paragraph at lines 499--500
\T1/lmtt/m/n/10.95 función de pérdida y el estado de su desarrollo/evaluación al finalizar
 []

[18] [19] [20]
Chapter 5.

Overfull \hbox (49.27583pt too wide) in paragraph at lines 586--587
\T1/lmtt/m/n/10.95 los resultados finales, e.g., "La RoiNet modificada alcanzó un Dice de X, superando
 []

[21

]
Overfull \hbox (10.4033pt too wide) in paragraph at lines 589--591
\T1/lmtt/m/n/10.95 [PENDIENTE: Insertar tabla comparativa de métricas entre FRNet y la versión final
 []


Overfull \hbox (4.36713pt too wide) in paragraph at lines 589--591
\T1/lmtt/m/n/10.95 [PENDIENTE: Insertar ejemplos visuales comparativos de segmentaciones de FRNet y
 []


Overfull \hbox (25.78305pt too wide) in paragraph at lines 595--596
[]\T1/lmr/bx/n/10.95 Impacto del número de bloques en el bottleneck de RoiNet: \T1/lmr/m/n/10.95 (-20) Se evaluaron configuraciones
 []

[22]
Overfull \hbox (44.6222pt too wide) in paragraph at lines 624--625
[]\T1/lmtt/m/n/10.95 [PENDIENTE: Analizar en detalle qué arquitectura (FRNet vs. RoiNet modificada
 []


Overfull \hbox (21.62726pt too wide) in paragraph at lines 624--625
\T1/lmtt/m/n/10.95 por el autor) segmenta mejor y bajo qué condiciones específicas, basándose
 []


Overfull \hbox (31.97498pt too wide) in paragraph at lines 624--625
\T1/lmtt/m/n/10.95 en las métricas cuantitativas (Dice, AUC, Sensibilidad, Especificidad, etc.)
 []


Overfull \hbox (27.37599pt too wide) in paragraph at lines 624--625
\T1/lmtt/m/n/10.95 y los resultados cualitativos. Por ejemplo, ¾una es mejor para vasos finos
 []


Overfull \hbox (15.87852pt too wide) in paragraph at lines 624--625
\T1/lmtt/m/n/10.95 y otra para vasos gruesos? ¾Cómo se comportan ante diferentes patologías
 []


Overfull \hbox (50.37093pt too wide) in paragraph at lines 625--626
[]\T1/lmtt/m/n/10.95 [PENDIENTE: Discutir las diferencias en eficiencia computacional si se midieron
 []


Overfull \hbox (40.0232pt too wide) in paragraph at lines 625--626
\T1/lmtt/m/n/10.95 (e.g., tiempo de entrenamiento, tiempo de inferencia, uso de memoria GPU/CPU).
 []


Overfull \hbox (44.6222pt too wide) in paragraph at lines 629--630
[]\T1/lmtt/m/n/10.95 [PENDIENTE: Explicar las diferencias clave en el diseño conceptual (resolución
 []


Overfull \hbox (1.50668pt too wide) in paragraph at lines 629--630
\T1/lmtt/m/n/10.95 completa vs. encoder-decoder), el tamaño del campo receptivo efectivo,
 []


Overfull \hbox (10.12979pt too wide) in paragraph at lines 629--630
\T1/lmtt/m/n/10.95 la gestión de características multiescala, y cómo estas particularidades
 []


Overfull \hbox (50.37093pt too wide) in paragraph at lines 629--630
\T1/lmtt/m/n/10.95 de FRNet y de la RoiNet modificada por el autor pueden explicar las diferencias
 []


Overfull \hbox (4.38106pt too wide) in paragraph at lines 629--630
\T1/lmtt/m/n/10.95 observadas en el rendimiento. Por ejemplo, ¾cómo afecta la ausencia de
 []


Overfull \hbox (10.12979pt too wide) in paragraph at lines 629--630
\T1/lmtt/m/n/10.95 downsampling en FRNet a la captura de contexto global en comparación con
 []


Overfull \hbox (21.62726pt too wide) in paragraph at lines 629--630
\T1/lmtt/m/n/10.95 el bottleneck de RoiNet? ¾Qué papel juegan las skip connections refinadas
 []


Overfull \hbox (21.62726pt too wide) in paragraph at lines 633--634
[]\T1/lmtt/m/n/10.95 [PENDIENTE: A partir del estudio de ablación y otras pruebas, discutir las
 []


Overfull \hbox (4.09361pt too wide) in paragraph at lines 633--634
\T1/lmtt/m/n/10.95 ventajas y limitaciones observadas de distintos componentes específicos
 []


Overfull \hbox (10.12979pt too wide) in paragraph at lines 633--634
\T1/lmtt/m/n/10.95 probados en RoiNet: por ejemplo, el impacto del número de bloques en el
 []


Overfull \hbox (27.37599pt too wide) in paragraph at lines 633--634
\T1/lmtt/m/n/10.95 bottleneck, los diferentes métodos de fusión de skip connections, el efecto
 []


Overfull \hbox (4.38106pt too wide) in paragraph at lines 633--634
\T1/lmtt/m/n/10.95 del tamaño de los kernels (si se varió), y la contribución de funciones
 []


Overfull \hbox (4.38106pt too wide) in paragraph at lines 633--634
\T1/lmtt/m/n/10.95 de pérdida como SoftCLDice. ¾Qué se aprendió sobre la sensibilidad del
 []


Overfull \hbox (4.38106pt too wide) in paragraph at lines 637--638
[]\T1/lmtt/m/n/10.95 [PENDIENTE: Evaluar cómo las modificaciones, experimentos y desarrollos
 []


Overfull \hbox (44.6222pt too wide) in paragraph at lines 637--638
\T1/lmtt/m/n/10.95 específicos realizados por el autor en la arquitectura RoiNet (configuraciones
 []


Overfull \hbox (56.11966pt too wide) in paragraph at lines 637--638
\T1/lmtt/m/n/10.95 de entrenamiento, gestión de recursos en Cesga, pruebas con FIVES512, desarrollo
 []


Overfull \hbox (33.12473pt too wide) in paragraph at lines 637--638
\T1/lmtt/m/n/10.95 de scripts, posible nueva función de pérdida) contribuyeron a los resultados
 []


Overfull \hbox (10.12979pt too wide) in paragraph at lines 637--638
\T1/lmtt/m/n/10.95 finales y al conocimiento generado. ¾Qué problemas se resolvieron y qué
 []


Overfull \hbox (15.87852pt too wide) in paragraph at lines 641--642
[]\T1/lmtt/m/n/10.95 [PENDIENTE: Insertar aquí o referenciar las gráficas de validación y test
 []


Overfull \hbox (10.12979pt too wide) in paragraph at lines 641--642
\T1/lmtt/m/n/10.95 que muestren la evolución del entrenamiento (pérdida, métricas) para las
 []


Overfull \hbox (44.6222pt too wide) in paragraph at lines 642--643
[]\T1/lmtt/m/n/10.95 [PENDIENTE: Insertar aquí o referenciar un diagrama que resuma las principales
 []


Overfull \hbox (61.8684pt too wide) in paragraph at lines 642--643
\T1/lmtt/m/n/10.95 configuraciones arquitectónicas y de entrenamiento que se probaron, especialmente
 []

[23]
Overfull \hbox (10.12979pt too wide) in paragraph at lines 646--647
[]\T1/lmtt/m/n/10.95 [PENDIENTE: Si es posible, mostrar y discutir ejemplos de imágenes donde
 []


Overfull \hbox (23.35187pt too wide) in paragraph at lines 646--647
\T1/lmtt/m/n/10.95 los modelos (especialmente RoiNet modificado) fallan o tienen dificultades.
 []


Overfull \hbox (3.80618pt too wide) in paragraph at lines 646--647
\T1/lmtt/m/n/10.95 ¾Qué características tienen estas imágenes? ¾Qué podría estar causando
 []

[24]
Chapter 6.

Overfull \hbox (9.0347pt too wide) in paragraph at lines 655--656
\T1/lmtt/m/n/10.95 [PENDIENTE: Concretar con hallazgos específicos, e.g., "La RoiNet modificada
 []


Overfull \hbox (20.53217pt too wide) in paragraph at lines 656--657
\T1/lmtt/m/n/10.95 Mencionar algún resultado destacado de estas contribuciones, e.g., "El estudio
 []


Overfull \hbox (3.28596pt too wide) in paragraph at lines 656--657
\T1/lmtt/m/n/10.95 de ablación reveló que el método de fusión X en las skip connections mejoró
 []

[25

]
Overfull \hbox (25.1842pt too wide) in paragraph at lines 665--666
[]\T1/lmr/bx/n/10.95 Profundización en Aprendizaje Profundo: \T1/lmr/m/n/10.95 (-20) Se han consolidado y ampliado los conocimientos
 []


Overfull \hbox (9.12573pt too wide) in paragraph at lines 668--669
\T1/lmr/m/n/10.95 (-20) problemas técnicos y metodológicos que surgen inevitablemente en un proyecto de investigación
 []


Overfull \hbox (49.27583pt too wide) in paragraph at lines 670--671
[]\T1/lmtt/m/n/10.95 [PENDIENTE: Añadir cualquier otra reflexión personal sobre el aprendizaje obtenido] 
 []


Overfull \hbox (0.65642pt too wide) in paragraph at lines 677--678
\T1/lmr/m/n/10.95 (-20) atención más sofisticados (e.g., atención espacial, por canal, auto-atención o transformadores)
 []


Overfull \hbox (31.67776pt too wide) in paragraph at lines 678--679
[]\T1/lmr/bx/n/10.95 Optimización de Hiperparámetros y Arquitectura mediante Búsqueda Automatizada:
 []

[26]
Overfull \hbox (89.51697pt too wide) in paragraph at lines 691--692
[]\T1/lmtt/m/n/10.95 [PENDIENTE: Añadir otras ideas específicas del autor para la evolución de RoiNet/SantosNet
 []

[27]
Chapter 7.
/mnt/netapp2/Store_uni/home/usc/ci/avs/tfg/tfg/fork-roi/fivesegmentor/redaction/latex/latex_code.tex:696: Misplaced alignment tab character &.
l.696   \item Ronneberger, O., Fischer, P., &
                                              Brox, T. (2015). U-Net: Convol...
I can't figure out why you would want to use a tab mark
here. If you just want an ampersand, the remedy is
simple: Just type `I\&' now. But if some right brace
up above has ended a previous alignment prematurely,
you're probably due for more error messages, and you
might try typing `S' now just to see what is salvageable.

/mnt/netapp2/Store_uni/home/usc/ci/avs/tfg/tfg/fork-roi/fivesegmentor/redaction/latex/latex_code.tex:697: Misplaced alignment tab character &.
l.697   \item He, K., Zhang, X., Ren, S., &
                                            Sun, J. (2016). Deep Residual Le...
I can't figure out why you would want to use a tab mark
here. If you just want an ampersand, the remedy is
simple: Just type `I\&' now. But if some right brace
up above has ended a previous alignment prematurely,
you're probably due for more error messages, and you
might try typing `S' now just to see what is salvageable.

/mnt/netapp2/Store_uni/home/usc/ci/avs/tfg/tfg/fork-roi/fivesegmentor/redaction/latex/latex_code.tex:698: Misplaced alignment tab character &.
l.698 ...M. D., Niemeijer, M., Viergever, M. A., &
                                                   van Ginneken, B. (2004). ...
I can't figure out why you would want to use a tab mark
here. If you just want an ampersand, the remedy is
simple: Just type `I\&' now. But if some right brace
up above has ended a previous alignment prematurely,
you're probably due for more error messages, and you
might try typing `S' now just to see what is salvageable.

/mnt/netapp2/Store_uni/home/usc/ci/avs/tfg/tfg/fork-roi/fivesegmentor/redaction/latex/latex_code.tex:699: Misplaced alignment tab character &.
l.699   \item Hoover, A., Kouznetsova, V., &
                                             Goldbaum, M. (2000). Locating b...
I can't figure out why you would want to use a tab mark
here. If you just want an ampersand, the remedy is
simple: Just type `I\&' now. But if some right brace
up above has ended a previous alignment prematurely,
you're probably due for more error messages, and you
might try typing `S' now just to see what is salvageable.

/mnt/netapp2/Store_uni/home/usc/ci/avs/tfg/tfg/fork-roi/fivesegmentor/redaction/latex/latex_code.tex:700: Misplaced alignment tab character &.
l.700 ...vara, B., Rudnicka, A. R., Owen, C. G., &
                                                   Barman, S. A. (2012). Blo...
I can't figure out why you would want to use a tab mark
here. If you just want an ampersand, the remedy is
simple: Just type `I\&' now. But if some right brace
up above has ended a previous alignment prematurely,
you're probably due for more error messages, and you
might try typing `S' now just to see what is salvageable.

/mnt/netapp2/Store_uni/home/usc/ci/avs/tfg/tfg/fork-roi/fivesegmentor/redaction/latex/latex_code.tex:701: Misplaced alignment tab character &.
l.701 ...K., Bathula, D. R., Diaz-Pinto, A., ... &
                                                   BogunoviÄ‡, H. (2020). RE...
I can't figure out why you would want to use a tab mark
here. If you just want an ampersand, the remedy is
simple: Just type `I\&' now. But if some right brace
up above has ended a previous alignment prematurely,
you're probably due for more error messages, and you
might try typing `S' now just to see what is salvageable.

/mnt/netapp2/Store_uni/home/usc/ci/avs/tfg/tfg/fork-roi/fivesegmentor/redaction/latex/latex_code.tex:702: Misplaced alignment tab character &.
l.702 ..., K. K., Pont-Tuset, J., ArbelÃ¡ez, P., &
                                                   Van Gool, L. (2016). Deep...
I can't figure out why you would want to use a tab mark
here. If you just want an ampersand, the remedy is
simple: Just type `I\&' now. But if some right brace
up above has ended a previous alignment prematurely,
you're probably due for more error messages, and you
might try typing `S' now just to see what is salvageable.

/mnt/netapp2/Store_uni/home/usc/ci/avs/tfg/tfg/fork-roi/fivesegmentor/redaction/latex/latex_code.tex:703: Misplaced alignment tab character &.
l.703   \item Milletari, F., Navab, N., &
                                          Ahmadi, S. A. (2016). V-Net: Fully...
I can't figure out why you would want to use a tab mark
here. If you just want an ampersand, the remedy is
simple: Just type `I\&' now. But if some right brace
up above has ended a previous alignment prematurely,
you're probably due for more error messages, and you
might try typing `S' now just to see what is salvageable.

/mnt/netapp2/Store_uni/home/usc/ci/avs/tfg/tfg/fork-roi/fivesegmentor/redaction/latex/latex_code.tex:704: Misplaced alignment tab character &.
l.704 ...u, H., Zhou, K., Hao, H., Zhao, Y., ... &
                                                   Liu, J. (2019). CE-Net: C...
I can't figure out why you would want to use a tab mark
here. If you just want an ampersand, the remedy is
simple: Just type `I\&' now. But if some right brace
up above has ended a previous alignment prematurely,
you're probably due for more error messages, and you
might try typing `S' now just to see what is salvageable.

/mnt/netapp2/Store_uni/home/usc/ci/avs/tfg/tfg/fork-roi/fivesegmentor/redaction/latex/latex_code.tex:705: Misplaced alignment tab character &.
l.705 ...Z., Siddiquee, M. M. R., Tajbakhsh, N., &
                                                   Liang, J. (2018). UNet++:...
I can't figure out why you would want to use a tab mark
here. If you just want an ampersand, the remedy is
simple: Just type `I\&' now. But if some right brace
up above has ended a previous alignment prematurely,
you're probably due for more error messages, and you
might try typing `S' now just to see what is salvageable.

Package atveryend Info: Empty hook `BeforeClearDocument' on input line 708.
[28

]
Package atveryend Info: Empty hook `AfterLastShipout' on input line 708.
 (/mnt/netapp2/Store_uni/home/usc/ci/avs/tfg/tfg/fork-roi/fivesegmentor/redaction/latex/latex_code.aux)
Package atveryend Info: Executing hook `AtVeryEndDocument' on input line 708.
Package atveryend Info: Executing hook `AtEndAfterFileList' on input line 708.


Package rerunfilecheck Warning: File `latex_code.out' has changed.
(rerunfilecheck)                Rerun to get outlines right
(rerunfilecheck)                or use package `bookmark'.

Package rerunfilecheck Info: Checksums for `latex_code.out':
(rerunfilecheck)             Before: <no file>
(rerunfilecheck)             After:  A03D207881220DCF0F00D7AD9B783DDD;3653.

LaTeX Warning: Label(s) may have changed. Rerun to get cross-references right.

Package atveryend Info: Empty hook `AtVeryVeryEnd' on input line 708.
 ) 
Here is how much of TeX's memory you used:
 14688 strings out of 482859
 229754 string characters out of 5954455
 927022 words of memory out of 5000000
 29325 multiletter control sequences out of 15000+600000
 594764 words of font info for 112 fonts, out of 8000000 for 9000
 59 hyphenation exceptions out of 8191
 48i,12n,46p,1362b,2079s stack positions out of 5000i,500n,10000p,200000b,80000s
{/mnt/netapp1/Optcesga_FT2_RHEL7/2020/gentoo/22072020/usr/share/texmf-dist/fonts/enc/dvips/lm/lm-ts1.enc}{/mnt/netapp1/Optcesga_FT2_RHEL7/2020/gentoo/22072020/usr/share/texmf-dist/fonts/enc/dvips/lm/lm-ec.enc}</mnt/netapp1/Optcesga_FT2_RHEL7/2020/gentoo/22072020/usr/share/texmf-dist/fonts/type1/public/lm/lmbx10.pfb></mnt/netapp1/Optcesga_FT2_RHEL7/2020/gentoo/22072020/usr/share/texmf-dist/fonts/type1/public/lm/lmbx12.pfb></mnt/netapp1/Optcesga_FT2_RHEL7/2020/gentoo/22072020/usr/share/texmf-dist/fonts/type1/public/lm/lmr10.pfb></mnt/netapp1/Optcesga_FT2_RHEL7/2020/gentoo/22072020/usr/share/texmf-dist/fonts/type1/public/lm/lmr12.pfb></mnt/netapp1/Optcesga_FT2_RHEL7/2020/gentoo/22072020/usr/share/texmf-dist/fonts/type1/public/lm/lmr17.pfb></mnt/netapp1/Optcesga_FT2_RHEL7/2020/gentoo/22072020/usr/share/texmf-dist/fonts/type1/public/lm/lmr6.pfb></mnt/netapp1/Optcesga_FT2_RHEL7/2020/gentoo/22072020/usr/share/texmf-dist/fonts/type1/public/lm/lmtk10.pfb></mnt/netapp1/Optcesga_FT2_RHEL7/2020/gentoo/22072020/usr/share/texmf-dist/fonts/type1/public/lm/lmtt10.pfb></mnt/netapp1/Optcesga_FT2_RHEL7/2020/gentoo/22072020/usr/share/texmf-dist/fonts/type1/public/lm/lmtti10.pfb>
Output written on /mnt/netapp2/Store_uni/home/usc/ci/avs/tfg/tfg/fork-roi/fivesegmentor/redaction/latex/latex_code.pdf (30 pages, 329179 bytes).
PDF statistics:
 478 PDF objects out of 1000 (max. 8388607)
 432 compressed objects within 5 object streams
 273 named destinations out of 1000 (max. 500000)
 19457 words of extra memory for PDF output out of 20736 (max. 10000000)

